Archive member included because of file (symbol)

C:/cygwin/GNUARM-4.1.0/arm-elf/lib/libc.a(vsprintf.o)
                              Uart.o (vsprintf)
C:/cygwin/GNUARM-4.1.0/arm-elf/lib/libc.a(impure.o)
                              C:/cygwin/GNUARM-4.1.0/arm-elf/lib/libc.a(vsprintf.o) (_impure_ptr)
C:/cygwin/GNUARM-4.1.0/arm-elf/lib/libc.a(vfprintf.o)
                              C:/cygwin/GNUARM-4.1.0/arm-elf/lib/libc.a(vsprintf.o) (_vfprintf_r)
C:/cygwin/GNUARM-4.1.0/arm-elf/lib/libc.a(wcrtomb.o)
                              C:/cygwin/GNUARM-4.1.0/arm-elf/lib/libc.a(vfprintf.o) (_wcrtomb_r)
C:/cygwin/GNUARM-4.1.0/arm-elf/lib/libc.a(wcsrtombs.o)
                              C:/cygwin/GNUARM-4.1.0/arm-elf/lib/libc.a(vfprintf.o) (_wcsrtombs_r)
C:/cygwin/GNUARM-4.1.0/arm-elf/lib/libc.a(wctomb_r.o)
                              C:/cygwin/GNUARM-4.1.0/arm-elf/lib/libc.a(wcrtomb.o) (_wctomb_r)
C:/cygwin/GNUARM-4.1.0/arm-elf/lib/libc.a(wsetup.o)
                              C:/cygwin/GNUARM-4.1.0/arm-elf/lib/libc.a(vfprintf.o) (__swsetup)
C:/cygwin/GNUARM-4.1.0/arm-elf/lib/libc.a(dtoa.o)
                              C:/cygwin/GNUARM-4.1.0/arm-elf/lib/libc.a(vfprintf.o) (_dtoa_r)
C:/cygwin/GNUARM-4.1.0/arm-elf/lib/libc.a(fflush.o)
                              C:/cygwin/GNUARM-4.1.0/arm-elf/lib/libc.a(vfprintf.o) (fflush)
C:/cygwin/GNUARM-4.1.0/arm-elf/lib/libc.a(findfp.o)
                              C:/cygwin/GNUARM-4.1.0/arm-elf/lib/libc.a(vfprintf.o) (__sinit)
C:/cygwin/GNUARM-4.1.0/arm-elf/lib/libc.a(freer.o)
                              C:/cygwin/GNUARM-4.1.0/arm-elf/lib/libc.a(vfprintf.o) (_free_r)
C:/cygwin/GNUARM-4.1.0/arm-elf/lib/libc.a(fvwrite.o)
                              C:/cygwin/GNUARM-4.1.0/arm-elf/lib/libc.a(vfprintf.o) (__sfvwrite)
C:/cygwin/GNUARM-4.1.0/arm-elf/lib/libc.a(fwalk.o)
                              C:/cygwin/GNUARM-4.1.0/arm-elf/lib/libc.a(fflush.o) (_fwalk)
C:/cygwin/GNUARM-4.1.0/arm-elf/lib/libc.a(locale.o)
                              C:/cygwin/GNUARM-4.1.0/arm-elf/lib/libc.a(vfprintf.o) (localeconv)
C:/cygwin/GNUARM-4.1.0/arm-elf/lib/libc.a(makebuf.o)
                              C:/cygwin/GNUARM-4.1.0/arm-elf/lib/libc.a(wsetup.o) (__smakebuf)
C:/cygwin/GNUARM-4.1.0/arm-elf/lib/libc.a(mallocr.o)
                              C:/cygwin/GNUARM-4.1.0/arm-elf/lib/libc.a(vfprintf.o) (_malloc_r)
C:/cygwin/GNUARM-4.1.0/arm-elf/lib/libc.a(memchr.o)
                              C:/cygwin/GNUARM-4.1.0/arm-elf/lib/libc.a(vfprintf.o) (memchr)
C:/cygwin/GNUARM-4.1.0/arm-elf/lib/libc.a(memcpy.o)
                              C:/cygwin/GNUARM-4.1.0/arm-elf/lib/libc.a(dtoa.o) (memcpy)
C:/cygwin/GNUARM-4.1.0/arm-elf/lib/libc.a(memmove.o)
                              C:/cygwin/GNUARM-4.1.0/arm-elf/lib/libc.a(fvwrite.o) (memmove)
C:/cygwin/GNUARM-4.1.0/arm-elf/lib/libc.a(memset.o)
                              C:/cygwin/GNUARM-4.1.0/arm-elf/lib/libc.a(vfprintf.o) (memset)
C:/cygwin/GNUARM-4.1.0/arm-elf/lib/libc.a(mlock.o)
                              C:/cygwin/GNUARM-4.1.0/arm-elf/lib/libc.a(freer.o) (__malloc_lock)
C:/cygwin/GNUARM-4.1.0/arm-elf/lib/libc.a(mprec.o)
                              C:/cygwin/GNUARM-4.1.0/arm-elf/lib/libc.a(dtoa.o) (_Bfree)
C:/cygwin/GNUARM-4.1.0/arm-elf/lib/libc.a(reallocr.o)
                              C:/cygwin/GNUARM-4.1.0/arm-elf/lib/libc.a(fvwrite.o) (_realloc_r)
C:/cygwin/GNUARM-4.1.0/arm-elf/lib/libc.a(s_isinf.o)
                              C:/cygwin/GNUARM-4.1.0/arm-elf/lib/libc.a(vfprintf.o) (isinf)
C:/cygwin/GNUARM-4.1.0/arm-elf/lib/libc.a(s_isnan.o)
                              C:/cygwin/GNUARM-4.1.0/arm-elf/lib/libc.a(vfprintf.o) (isnan)
C:/cygwin/GNUARM-4.1.0/arm-elf/lib/libc.a(sbrkr.o)
                              C:/cygwin/GNUARM-4.1.0/arm-elf/lib/libc.a(freer.o) (_sbrk_r)
C:/cygwin/GNUARM-4.1.0/arm-elf/lib/libc.a(stdio.o)
                              C:/cygwin/GNUARM-4.1.0/arm-elf/lib/libc.a(findfp.o) (__sclose)
C:/cygwin/GNUARM-4.1.0/arm-elf/lib/libc.a(strcmp.o)
                              C:/cygwin/GNUARM-4.1.0/arm-elf/lib/libc.a(wctomb_r.o) (strcmp)
C:/cygwin/GNUARM-4.1.0/arm-elf/lib/libc.a(strlen.o)
                              C:/cygwin/GNUARM-4.1.0/arm-elf/lib/libc.a(vfprintf.o) (strlen)
C:/cygwin/GNUARM-4.1.0/arm-elf/lib/libc.a(syscalls.o)
                              C:/cygwin/GNUARM-4.1.0/arm-elf/lib/libc.a(makebuf.o) (isatty)
C:/cygwin/GNUARM-4.1.0/arm-elf/lib/libc.a(writer.o)
                              C:/cygwin/GNUARM-4.1.0/arm-elf/lib/libc.a(stdio.o) (_write_r)
C:/cygwin/GNUARM-4.1.0/arm-elf/lib/libc.a(callocr.o)
                              C:/cygwin/GNUARM-4.1.0/arm-elf/lib/libc.a(mprec.o) (_calloc_r)
C:/cygwin/GNUARM-4.1.0/arm-elf/lib/libc.a(closer.o)
                              C:/cygwin/GNUARM-4.1.0/arm-elf/lib/libc.a(stdio.o) (_close_r)
C:/cygwin/GNUARM-4.1.0/arm-elf/lib/libc.a(errno.o)
                              C:/cygwin/GNUARM-4.1.0/arm-elf/lib/libc.a(syscalls.o) (__errno)
C:/cygwin/GNUARM-4.1.0/arm-elf/lib/libc.a(fclose.o)
                              C:/cygwin/GNUARM-4.1.0/arm-elf/lib/libc.a(findfp.o) (fclose)
C:/cygwin/GNUARM-4.1.0/arm-elf/lib/libc.a(fstatr.o)
                              C:/cygwin/GNUARM-4.1.0/arm-elf/lib/libc.a(makebuf.o) (_fstat_r)
C:/cygwin/GNUARM-4.1.0/arm-elf/lib/libc.a(lseekr.o)
                              C:/cygwin/GNUARM-4.1.0/arm-elf/lib/libc.a(stdio.o) (_lseek_r)
C:/cygwin/GNUARM-4.1.0/arm-elf/lib/libc.a(readr.o)
                              C:/cygwin/GNUARM-4.1.0/arm-elf/lib/libc.a(stdio.o) (_read_r)
C:/cygwin/GNUARM-4.1.0/arm-elf/lib/libc.a(reent.o)
                              C:/cygwin/GNUARM-4.1.0/arm-elf/lib/libc.a(sbrkr.o) (errno)
C:/cygwin/GNUARM-4.1.0/lib/gcc/arm-elf/4.1.0/libgcc.a(_udivsi3.o)
                              Lcd.o (__udivsi3)
C:/cygwin/GNUARM-4.1.0/lib/gcc/arm-elf/4.1.0/libgcc.a(_dvmd_tls.o)
                              C:/cygwin/GNUARM-4.1.0/lib/gcc/arm-elf/4.1.0/libgcc.a(_udivsi3.o) (__div0)
C:/cygwin/GNUARM-4.1.0/lib/gcc/arm-elf/4.1.0/libgcc.a(_addsubdf3.o)
                              C:/cygwin/GNUARM-4.1.0/arm-elf/lib/libc.a(dtoa.o) (__subdf3)
C:/cygwin/GNUARM-4.1.0/lib/gcc/arm-elf/4.1.0/libgcc.a(_muldivdf3.o)
                              C:/cygwin/GNUARM-4.1.0/arm-elf/lib/libc.a(dtoa.o) (__muldf3)
C:/cygwin/GNUARM-4.1.0/lib/gcc/arm-elf/4.1.0/libgcc.a(_cmpdf2.o)
                              C:/cygwin/GNUARM-4.1.0/arm-elf/lib/libc.a(dtoa.o) (__gtdf2)
C:/cygwin/GNUARM-4.1.0/lib/gcc/arm-elf/4.1.0/libgcc.a(_fixdfsi.o)
                              C:/cygwin/GNUARM-4.1.0/arm-elf/lib/libc.a(dtoa.o) (__fixdfsi)
C:/cygwin/GNUARM-4.1.0/lib/gcc/arm-elf/4.1.0/libgcc.a(_fixunsdfsi.o)
                              Uart.o (__fixunsdfsi)

Allocating common symbols
Common symbol       size              file

errno               0x4               C:/cygwin/GNUARM-4.1.0/arm-elf/lib/libc.a(reent.o)

Memory Configuration

Name             Origin             Length             Attributes
CODE             0x30000000         0x04000000         rw
_ISR_START       0x33ffff00         0x00000100         rw
*default*        0x00000000         0xffffffff

Linker script and memory map


.text           0x30000000     0x8e30
 *s3c2450_startup.o(.text)
 .text          0x30000000      0x2e0 s3c2450_startup.o
                0x300000b0                ResetHandler
                0x300001c0                IsrIRQ
                0x30000000                _start
 *(.text)
 .text          0x300002e0      0x244 Uart.o
                0x300003e8                Uart_Printf
                0x30000478                Uart_Send_Byte
                0x300004e8                Uart_Get_Char
                0x3000042c                Uart_Send_String
                0x300002e0                Uart_Init
 .text          0x30000524      0x514 Lcd.o
                0x30000624                NonPal_Lcd_Init
                0x30000524                Lcd_Port_Init
                0x300006f4                NonPal_Put_Pixel
                0x30000718                Lcd_Draw_BMP
 .text          0x30000a38      0x24c Main.o
                0x30000a38                Main
 .text          0x30000c84       0xac C:/cygwin/GNUARM-4.1.0/arm-elf/lib/libc.a(vsprintf.o)
                0x30000cd0                vsprintf
                0x30000c84                _vsprintf_r
 .text          0x30000d30     0x1f20 C:/cygwin/GNUARM-4.1.0/arm-elf/lib/libc.a(vfprintf.o)
                0x30000d70                _vfprintf_r
                0x30002c24                vfprintf
 .text          0x30002c50       0x80 C:/cygwin/GNUARM-4.1.0/arm-elf/lib/libc.a(wcrtomb.o)
                0x30002c50                _wcrtomb_r
                0x30002ca4                wcrtomb
 .text          0x30002cd0      0x178 C:/cygwin/GNUARM-4.1.0/arm-elf/lib/libc.a(wcsrtombs.o)
                0x30002cd0                _wcsrtombs_r
                0x30002e08                wcsrtombs
 .text          0x30002e48      0x420 C:/cygwin/GNUARM-4.1.0/arm-elf/lib/libc.a(wctomb_r.o)
                0x30002e48                _wctomb_r
 .text          0x30003268       0xfc C:/cygwin/GNUARM-4.1.0/arm-elf/lib/libc.a(wsetup.o)
                0x30003268                __swsetup
 .text          0x30003364     0x164c C:/cygwin/GNUARM-4.1.0/arm-elf/lib/libc.a(dtoa.o)
                0x30003568                _dtoa_r
 .text          0x300049b0       0xe0 C:/cygwin/GNUARM-4.1.0/arm-elf/lib/libc.a(fflush.o)
                0x300049b0                fflush
 .text          0x30004a90      0x27c C:/cygwin/GNUARM-4.1.0/arm-elf/lib/libc.a(findfp.o)
                0x30004afc                __sinit
                0x30004bd0                __sfmoreglue
                0x30004bc0                _cleanup
                0x30004bb4                _cleanup_r
                0x30004b9c                __fp_lock_all
                0x30004aec                __sfp_lock_acquire
                0x30004c20                __sfp
                0x30004af8                __sinit_lock_release
                0x30004b84                __fp_unlock_all
                0x30004af0                __sfp_lock_release
                0x30004af4                __sinit_lock_acquire
 .text          0x30004d0c      0x39c C:/cygwin/GNUARM-4.1.0/arm-elf/lib/libc.a(freer.o)
                0x30004e08                _free_r
                0x30004d0c                _malloc_trim_r
 .text          0x300050a8      0x3f8 C:/cygwin/GNUARM-4.1.0/arm-elf/lib/libc.a(fvwrite.o)
                0x300050a8                __sfvwrite
 .text          0x300054a0      0x10c C:/cygwin/GNUARM-4.1.0/arm-elf/lib/libc.a(fwalk.o)
                0x30005528                _fwalk
                0x300054a0                _fwalk_reent
 .text          0x300055ac       0xac C:/cygwin/GNUARM-4.1.0/arm-elf/lib/libc.a(locale.o)
                0x300055d8                _setlocale_r
                0x300055ac                __locale_charset
                0x300055bc                _localeconv_r
                0x3000563c                setlocale
                0x300055c8                localeconv
 .text          0x30005658      0x154 C:/cygwin/GNUARM-4.1.0/arm-elf/lib/libc.a(makebuf.o)
                0x30005658                __smakebuf
 .text          0x300057ac      0x770 C:/cygwin/GNUARM-4.1.0/arm-elf/lib/libc.a(mallocr.o)
                0x300057ac                _malloc_r
 .text          0x30005f1c      0x104 C:/cygwin/GNUARM-4.1.0/arm-elf/lib/libc.a(memchr.o)
                0x30005f1c                memchr
 .text          0x30006020       0xa0 C:/cygwin/GNUARM-4.1.0/arm-elf/lib/libc.a(memcpy.o)
                0x30006020                memcpy
 .text          0x300060c0       0xfc C:/cygwin/GNUARM-4.1.0/arm-elf/lib/libc.a(memmove.o)
                0x300060c0                memmove
 .text          0x300061bc       0x98 C:/cygwin/GNUARM-4.1.0/arm-elf/lib/libc.a(memset.o)
                0x300061bc                memset
 .text          0x30006254        0x8 C:/cygwin/GNUARM-4.1.0/arm-elf/lib/libc.a(mlock.o)
                0x30006258                __malloc_unlock
                0x30006254                __malloc_lock
 .text          0x3000625c      0xbb0 C:/cygwin/GNUARM-4.1.0/arm-elf/lib/libc.a(mprec.o)
                0x30006550                _mprec_log10
                0x30006278                _hi0bits
                0x3000659c                _Balloc
                0x30006634                _d2b
                0x30006990                _multiply
                0x300064d8                _ratio
                0x30006d2c                _s2b
                0x30006b50                _i2b
                0x300062d0                _lo0bits
                0x30006364                __mcmp
                0x30006c38                _pow5mult
                0x300063c4                _ulp
                0x30006424                _b2d
                0x30006b70                _multadd
                0x30006768                __mdiff
                0x3000689c                _lshift
                0x3000625c                _Bfree
 .text          0x30006e0c      0x638 C:/cygwin/GNUARM-4.1.0/arm-elf/lib/libc.a(reallocr.o)
                0x30006e0c                _realloc_r
 .text          0x30007444       0x3c C:/cygwin/GNUARM-4.1.0/arm-elf/lib/libc.a(s_isinf.o)
                0x30007444                isinf
 .text          0x30007480       0x30 C:/cygwin/GNUARM-4.1.0/arm-elf/lib/libc.a(s_isnan.o)
                0x30007480                isnan
 .text          0x300074b0       0x38 C:/cygwin/GNUARM-4.1.0/arm-elf/lib/libc.a(sbrkr.o)
                0x300074b0                _sbrk_r
 .text          0x300074e8      0x100 C:/cygwin/GNUARM-4.1.0/arm-elf/lib/libc.a(stdio.o)
                0x300074fc                __sseek
                0x300075a4                __sread
                0x300074e8                __sclose
                0x30007544                __swrite
 .text          0x300075e8       0xd0 C:/cygwin/GNUARM-4.1.0/arm-elf/lib/libc.a(strcmp.o)
                0x300075e8                strcmp
 .text          0x300076b8       0x90 C:/cygwin/GNUARM-4.1.0/arm-elf/lib/libc.a(strlen.o)
                0x300076b8                strlen
 .text          0x30007748      0x708 C:/cygwin/GNUARM-4.1.0/arm-elf/lib/libc.a(syscalls.o)
                0x30007778                _getpid
                0x300078d4                initialise_monitor_handles
                0x30007794                isatty
                0x30007828                _fstat
                0x30007d2c                _open
                0x300077d4                _sbrk
                0x30007790                _raise
                0x30007990                _times
                0x30007d4c                _stat
                0x30007d9c                _lseek
                0x30007780                _link
                0x30007aa8                _swiwrite
                0x3000779c                _rename
                0x30007ae4                _swilseek
                0x30007a5c                _swiclose
                0x30007bf8                _swiopen
                0x30007788                _unlink
                0x30007ca0                _write
                0x30007a14                _kill
                0x300079cc                _gettimeofday
                0x30007de8                _read
                0x30007a3c                _exit
                0x300077b4                _system
                0x30007dac                _swiread
                0x30007d1c                _close
 .text          0x30007e50       0x40 C:/cygwin/GNUARM-4.1.0/arm-elf/lib/libc.a(writer.o)
                0x30007e50                _write_r
 .text          0x30007e90       0xa0 C:/cygwin/GNUARM-4.1.0/arm-elf/lib/libc.a(callocr.o)
                0x30007e90                _calloc_r
 .text          0x30007f30       0x38 C:/cygwin/GNUARM-4.1.0/arm-elf/lib/libc.a(closer.o)
                0x30007f30                _close_r
 .text          0x30007f68       0x10 C:/cygwin/GNUARM-4.1.0/arm-elf/lib/libc.a(errno.o)
                0x30007f68                __errno
 .text          0x30007f78      0x128 C:/cygwin/GNUARM-4.1.0/arm-elf/lib/libc.a(fclose.o)
                0x30007f78                _fclose_r
                0x3000808c                fclose
 .text          0x300080a0       0x3c C:/cygwin/GNUARM-4.1.0/arm-elf/lib/libc.a(fstatr.o)
                0x300080a0                _fstat_r
 .text          0x300080dc       0x40 C:/cygwin/GNUARM-4.1.0/arm-elf/lib/libc.a(lseekr.o)
                0x300080dc                _lseek_r
 .text          0x3000811c       0x40 C:/cygwin/GNUARM-4.1.0/arm-elf/lib/libc.a(readr.o)
                0x3000811c                _read_r
 .text          0x3000815c      0x178 C:/cygwin/GNUARM-4.1.0/arm-elf/lib/libc.a(reent.o)
                0x300081d4                cleanup_glue
                0x300081fc                _reclaim_reent
                0x3000815c                _wrapup_reent
 .text          0x300082d4      0x110 C:/cygwin/GNUARM-4.1.0/lib/gcc/arm-elf/4.1.0/libgcc.a(_udivsi3.o)
                0x300082d4                __udivsi3
                0x300082d4                __aeabi_uidiv
                0x300083cc                __aeabi_uidivmod
 .text          0x300083e4        0x4 C:/cygwin/GNUARM-4.1.0/lib/gcc/arm-elf/4.1.0/libgcc.a(_dvmd_tls.o)
                0x300083e4                __aeabi_ldiv0
                0x300083e4                __div0
                0x300083e4                __aeabi_idiv0
 .text          0x300083e8      0x400 C:/cygwin/GNUARM-4.1.0/lib/gcc/arm-elf/4.1.0/libgcc.a(_addsubdf3.o)
                0x3000877c                __floatdidf
                0x300086fc                __floatsidf
                0x300086d4                __aeabi_ui2d
                0x300083e8                __aeabi_drsub
                0x30008728                __extendsfdf2
                0x300083f4                __adddf3
                0x300086d4                __floatunsidf
                0x300083f4                __aeabi_dadd
                0x30008768                __aeabi_ul2d
                0x300083f0                __aeabi_dsub
                0x30008768                __floatundidf
                0x300086fc                __aeabi_i2d
                0x3000877c                __aeabi_l2d
                0x30008728                __aeabi_f2d
                0x300083f0                __subdf3
 .text          0x300087e8      0x470 C:/cygwin/GNUARM-4.1.0/lib/gcc/arm-elf/4.1.0/libgcc.a(_muldivdf3.o)
                0x30008a54                __aeabi_ddiv
                0x300087e8                __aeabi_dmul
                0x30008a54                __divdf3
                0x300087e8                __muldf3
 .text          0x30008c58      0x128 C:/cygwin/GNUARM-4.1.0/lib/gcc/arm-elf/4.1.0/libgcc.a(_cmpdf2.o)
                0x30008d44                __aeabi_dcmple
                0x30008c68                __cmpdf2
                0x30008c68                __eqdf2
                0x30008c58                __gtdf2
                0x30008d08                __aeabi_cdcmple
                0x30008cec                __aeabi_cdrcmple
                0x30008c60                __ltdf2
                0x30008d30                __aeabi_dcmplt
                0x30008c60                __ledf2
                0x30008d6c                __aeabi_dcmpgt
                0x30008d58                __aeabi_dcmpge
                0x30008c68                __nedf2
                0x30008d1c                __aeabi_dcmpeq
                0x30008d08                __aeabi_cdcmpeq
                0x30008c58                __gedf2
 .text          0x30008d80       0x5c C:/cygwin/GNUARM-4.1.0/lib/gcc/arm-elf/4.1.0/libgcc.a(_fixdfsi.o)
                0x30008d80                __fixdfsi
                0x30008d80                __aeabi_d2iz
 .text          0x30008ddc       0x54 C:/cygwin/GNUARM-4.1.0/lib/gcc/arm-elf/4.1.0/libgcc.a(_fixunsdfsi.o)
                0x30008ddc                __fixunsdfsi
                0x30008ddc                __aeabi_d2uiz
                0x30008e30                . = ALIGN (0x4)

.glue_7         0x30008e30        0x0

.glue_7t        0x30008e30        0x0

.rodata         0x30008e30      0x254
                0x30008e30                rodata_start_addr = .
 *(.rodata)
 .rodata        0x30008e30       0x30 Main.o
 .rodata        0x30008e60        0x4 C:/cygwin/GNUARM-4.1.0/arm-elf/lib/libc.a(impure.o)
                0x30008e60                _global_impure_ptr
 .rodata        0x30008e64       0x20 C:/cygwin/GNUARM-4.1.0/arm-elf/lib/libc.a(vfprintf.o)
 .rodata        0x30008e84       0x34 C:/cygwin/GNUARM-4.1.0/arm-elf/lib/libc.a(locale.o)
 .rodata        0x30008eb8      0x124 C:/cygwin/GNUARM-4.1.0/arm-elf/lib/libc.a(mprec.o)
                0x30008fa8                __mprec_tinytens
                0x30008eb8                __mprec_tens
                0x30008f80                __mprec_bigtens
 *(.rodata.*)
 .rodata.str1.4
                0x30008fdc        0x2 C:/cygwin/GNUARM-4.1.0/arm-elf/lib/libc.a(impure.o)
                                  0x4 (size before relaxing)
 *fill*         0x30008fde        0x2 00
 .rodata.str1.4
                0x30008fe0       0x63 C:/cygwin/GNUARM-4.1.0/arm-elf/lib/libc.a(vfprintf.o)
                                 0x64 (size before relaxing)
 *fill*         0x30009043        0x1 00
 .rodata.str1.4
                0x30009044       0x1e C:/cygwin/GNUARM-4.1.0/arm-elf/lib/libc.a(wctomb_r.o)
                                 0x20 (size before relaxing)
 *fill*         0x30009062        0x2 00
 .rodata.str1.4
                0x30009064       0x10 C:/cygwin/GNUARM-4.1.0/arm-elf/lib/libc.a(dtoa.o)
                                 0x14 (size before relaxing)
 .rodata.str1.4
                0x30009074        0xb C:/cygwin/GNUARM-4.1.0/arm-elf/lib/libc.a(locale.o)
                                 0x18 (size before relaxing)
 *fill*         0x3000907f        0x1 00
 .rodata.str1.4
                0x30009080        0x4 C:/cygwin/GNUARM-4.1.0/arm-elf/lib/libc.a(syscalls.o)
                0x30009084                . = ALIGN (0x4)
                0x30009084                rodata_end_addr = .

.data           0x30009084    0x38c5c
                0x30009084                data_start_addr = .
                0x30009084                __DATA_START__ = .
 *(.data)
 .data          0x30009084    0x38436 Main.o
                0x30009084                scape
 *fill*         0x300414ba        0x2 00
 .data          0x300414bc      0x404 C:/cygwin/GNUARM-4.1.0/arm-elf/lib/libc.a(impure.o)
                0x300414bc                _impure_ptr
 .data          0x300418c0       0x10 C:/cygwin/GNUARM-4.1.0/arm-elf/lib/libc.a(locale.o)
                0x300418c0                __mb_cur_max
                0x300418c4                __lc_ctype
 .data          0x300418d0      0x410 C:/cygwin/GNUARM-4.1.0/arm-elf/lib/libc.a(mallocr.o)
                0x30041cdc                __malloc_sbrk_base
                0x300418d0                __malloc_av_
                0x30041cd8                __malloc_trim_threshold
 *(.data.*)
                0x30041ce0                . = ALIGN (0x8)
                0x30041ce0                data_end_addr = .
                0x30041ce0                __DATA_END__ = .

.bss            0x30041ce0      0x110
                0x30041ce0                bss_start_addr = .
                0x30041ce0                __BSS_START__ = .
 *(.bss)
 .bss           0x30041ce0       0x18 Lcd.o
 .bss           0x30041cf8        0xc C:/cygwin/GNUARM-4.1.0/arm-elf/lib/libc.a(locale.o)
                0x30041cf8                __nlocale_changed
                0x30041cfc                __mlocale_changed
                0x30041d00                _PathLocale
 .bss           0x30041d04       0x34 C:/cygwin/GNUARM-4.1.0/arm-elf/lib/libc.a(mallocr.o)
                0x30041d04                __malloc_top_pad
                0x30041d08                __malloc_max_sbrked_mem
                0x30041d10                __malloc_current_mallinfo
                0x30041d0c                __malloc_max_total_mem
 .bss           0x30041d38       0xb0 C:/cygwin/GNUARM-4.1.0/arm-elf/lib/libc.a(syscalls.o)
 *(.bss.*)
 *(COMMON)
 COMMON         0x30041de8        0x4 C:/cygwin/GNUARM-4.1.0/arm-elf/lib/libc.a(reent.o)
                0x30041de8                errno
                0x30041df0                . = ALIGN (0x8)
 *fill*         0x30041dec        0x4 00
                0x30041df0                bss_end_addr = .
                0x30041df0                __BSS_END__ = .
                0x30041df0                end = .
                0x30041df0                PROVIDE (end, .)

.int_vec        0x33ffff00       0x24
 s3c2450_startup.o(int_vect)
 int_vect       0x33ffff00       0x24 s3c2450_startup.o
LOAD Uart.o
LOAD Lcd.o
LOAD Main.o
LOAD s3c2450_startup.o
LOAD C:/cygwin/GNUARM-4.1.0/arm-elf/lib/libc.a
LOAD C:/cygwin/GNUARM-4.1.0/lib/gcc/arm-elf/4.1.0/libgcc.a
OUTPUT(MDS2450 elf32-littlearm)

.debug_line     0x00000000     0x4214
 .debug_line    0x00000000       0xb3 s3c2450_startup.o
 .debug_line    0x000000b3       0x93 Uart.o
 .debug_line    0x00000146       0x71 Lcd.o
 .debug_line    0x000001b7       0x65 Main.o
 .debug_line    0x0000021c      0x151 C:/cygwin/GNUARM-4.1.0/arm-elf/lib/libc.a(vsprintf.o)
 .debug_line    0x0000036d       0xdd C:/cygwin/GNUARM-4.1.0/arm-elf/lib/libc.a(impure.o)
 .debug_line    0x0000044a      0x529 C:/cygwin/GNUARM-4.1.0/arm-elf/lib/libc.a(vfprintf.o)
 .debug_line    0x00000973      0x144 C:/cygwin/GNUARM-4.1.0/arm-elf/lib/libc.a(wcrtomb.o)
 .debug_line    0x00000ab7      0x16a C:/cygwin/GNUARM-4.1.0/arm-elf/lib/libc.a(wcsrtombs.o)
 .debug_line    0x00000c21      0x1f4 C:/cygwin/GNUARM-4.1.0/arm-elf/lib/libc.a(wctomb_r.o)
 .debug_line    0x00000e15      0x142 C:/cygwin/GNUARM-4.1.0/arm-elf/lib/libc.a(wsetup.o)
 .debug_line    0x00000f57      0x446 C:/cygwin/GNUARM-4.1.0/arm-elf/lib/libc.a(dtoa.o)
 .debug_line    0x0000139d      0x145 C:/cygwin/GNUARM-4.1.0/arm-elf/lib/libc.a(fflush.o)
 .debug_line    0x000014e2      0x1be C:/cygwin/GNUARM-4.1.0/arm-elf/lib/libc.a(findfp.o)
 .debug_line    0x000016a0      0x1a5 C:/cygwin/GNUARM-4.1.0/arm-elf/lib/libc.a(freer.o)
 .debug_line    0x00001845      0x1dd C:/cygwin/GNUARM-4.1.0/arm-elf/lib/libc.a(fvwrite.o)
 .debug_line    0x00001a22      0x145 C:/cygwin/GNUARM-4.1.0/arm-elf/lib/libc.a(fwalk.o)
 .debug_line    0x00001b67      0x147 C:/cygwin/GNUARM-4.1.0/arm-elf/lib/libc.a(locale.o)
 .debug_line    0x00001cae      0x16f C:/cygwin/GNUARM-4.1.0/arm-elf/lib/libc.a(makebuf.o)
 .debug_line    0x00001e1d      0x226 C:/cygwin/GNUARM-4.1.0/arm-elf/lib/libc.a(mallocr.o)
 .debug_line    0x00002043       0xda C:/cygwin/GNUARM-4.1.0/arm-elf/lib/libc.a(memchr.o)
 .debug_line    0x0000211d       0xc5 C:/cygwin/GNUARM-4.1.0/arm-elf/lib/libc.a(memcpy.o)
 .debug_line    0x000021e2       0xd5 C:/cygwin/GNUARM-4.1.0/arm-elf/lib/libc.a(memmove.o)
 .debug_line    0x000022b7       0xcd C:/cygwin/GNUARM-4.1.0/arm-elf/lib/libc.a(memset.o)
 .debug_line    0x00002384       0xef C:/cygwin/GNUARM-4.1.0/arm-elf/lib/libc.a(mlock.o)
 .debug_line    0x00002473      0x3e1 C:/cygwin/GNUARM-4.1.0/arm-elf/lib/libc.a(mprec.o)
 .debug_line    0x00002854      0x1be C:/cygwin/GNUARM-4.1.0/arm-elf/lib/libc.a(reallocr.o)
 .debug_line    0x00002a12       0xed C:/cygwin/GNUARM-4.1.0/arm-elf/lib/libc.a(s_isinf.o)
 .debug_line    0x00002aff       0xea C:/cygwin/GNUARM-4.1.0/arm-elf/lib/libc.a(s_isnan.o)
 .debug_line    0x00002be9       0xf2 C:/cygwin/GNUARM-4.1.0/arm-elf/lib/libc.a(sbrkr.o)
 .debug_line    0x00002cdb      0x163 C:/cygwin/GNUARM-4.1.0/arm-elf/lib/libc.a(stdio.o)
 .debug_line    0x00002e3e       0x7e C:/cygwin/GNUARM-4.1.0/arm-elf/lib/libc.a(strcmp.o)
 .debug_line    0x00002ebc       0xa9 C:/cygwin/GNUARM-4.1.0/arm-elf/lib/libc.a(strlen.o)
 .debug_line    0x00002f65      0x2da C:/cygwin/GNUARM-4.1.0/arm-elf/lib/libc.a(syscalls.o)
 .debug_line    0x0000323f       0xf3 C:/cygwin/GNUARM-4.1.0/arm-elf/lib/libc.a(writer.o)
 .debug_line    0x00003332       0xfb C:/cygwin/GNUARM-4.1.0/arm-elf/lib/libc.a(callocr.o)
 .debug_line    0x0000342d       0xf3 C:/cygwin/GNUARM-4.1.0/arm-elf/lib/libc.a(closer.o)
 .debug_line    0x00003520       0xec C:/cygwin/GNUARM-4.1.0/arm-elf/lib/libc.a(errno.o)
 .debug_line    0x0000360c      0x144 C:/cygwin/GNUARM-4.1.0/arm-elf/lib/libc.a(fclose.o)
 .debug_line    0x00003750      0x13c C:/cygwin/GNUARM-4.1.0/arm-elf/lib/libc.a(fstatr.o)
 .debug_line    0x0000388c       0xf3 C:/cygwin/GNUARM-4.1.0/arm-elf/lib/libc.a(lseekr.o)
 .debug_line    0x0000397f       0xf2 C:/cygwin/GNUARM-4.1.0/arm-elf/lib/libc.a(readr.o)
 .debug_line    0x00003a71      0x120 C:/cygwin/GNUARM-4.1.0/arm-elf/lib/libc.a(reent.o)
 .debug_line    0x00003b91       0x86 C:/cygwin/GNUARM-4.1.0/lib/gcc/arm-elf/4.1.0/libgcc.a(_udivsi3.o)
 .debug_line    0x00003c17       0x5a C:/cygwin/GNUARM-4.1.0/lib/gcc/arm-elf/4.1.0/libgcc.a(_dvmd_tls.o)
 .debug_line    0x00003c71      0x1e5 C:/cygwin/GNUARM-4.1.0/lib/gcc/arm-elf/4.1.0/libgcc.a(_addsubdf3.o)
 .debug_line    0x00003e56      0x1f6 C:/cygwin/GNUARM-4.1.0/lib/gcc/arm-elf/4.1.0/libgcc.a(_muldivdf3.o)
 .debug_line    0x0000404c       0xec C:/cygwin/GNUARM-4.1.0/lib/gcc/arm-elf/4.1.0/libgcc.a(_cmpdf2.o)
 .debug_line    0x00004138       0x6f C:/cygwin/GNUARM-4.1.0/lib/gcc/arm-elf/4.1.0/libgcc.a(_fixdfsi.o)
 .debug_line    0x000041a7       0x6d C:/cygwin/GNUARM-4.1.0/lib/gcc/arm-elf/4.1.0/libgcc.a(_fixunsdfsi.o)

.debug_info     0x00000000    0x16b7a
 .debug_info    0x00000000       0x62 s3c2450_startup.o
 .debug_info    0x00000062      0x1ce Uart.o
 .debug_info    0x00000230      0x249 Lcd.o
 .debug_info    0x00000479       0xf8 Main.o
 .debug_info    0x00000571      0x9f3 C:/cygwin/GNUARM-4.1.0/arm-elf/lib/libc.a(vsprintf.o)
 .debug_info    0x00000f64      0x922 C:/cygwin/GNUARM-4.1.0/arm-elf/lib/libc.a(impure.o)
 .debug_info    0x00001886     0x10ee C:/cygwin/GNUARM-4.1.0/arm-elf/lib/libc.a(vfprintf.o)
 .debug_info    0x00002974      0x9ef C:/cygwin/GNUARM-4.1.0/arm-elf/lib/libc.a(wcrtomb.o)
 .debug_info    0x00003363      0xa84 C:/cygwin/GNUARM-4.1.0/arm-elf/lib/libc.a(wcsrtombs.o)
 .debug_info    0x00003de7      0x9f7 C:/cygwin/GNUARM-4.1.0/arm-elf/lib/libc.a(wctomb_r.o)
 .debug_info    0x000047de      0x93a C:/cygwin/GNUARM-4.1.0/arm-elf/lib/libc.a(wsetup.o)
 .debug_info    0x00005118      0xd61 C:/cygwin/GNUARM-4.1.0/arm-elf/lib/libc.a(dtoa.o)
 .debug_info    0x00005e79      0x974 C:/cygwin/GNUARM-4.1.0/arm-elf/lib/libc.a(fflush.o)
 .debug_info    0x000067ed      0xb61 C:/cygwin/GNUARM-4.1.0/arm-elf/lib/libc.a(findfp.o)
 .debug_info    0x0000734e      0xbb1 C:/cygwin/GNUARM-4.1.0/arm-elf/lib/libc.a(freer.o)
 .debug_info    0x00007eff      0xa5f C:/cygwin/GNUARM-4.1.0/arm-elf/lib/libc.a(fvwrite.o)
 .debug_info    0x0000895e      0xad9 C:/cygwin/GNUARM-4.1.0/arm-elf/lib/libc.a(fwalk.o)
 .debug_info    0x00009437      0xb7e C:/cygwin/GNUARM-4.1.0/arm-elf/lib/libc.a(locale.o)
 .debug_info    0x00009fb5      0xad9 C:/cygwin/GNUARM-4.1.0/arm-elf/lib/libc.a(makebuf.o)
 .debug_info    0x0000aa8e      0xcba C:/cygwin/GNUARM-4.1.0/arm-elf/lib/libc.a(mallocr.o)
 .debug_info    0x0000b748      0x133 C:/cygwin/GNUARM-4.1.0/arm-elf/lib/libc.a(memchr.o)
 .debug_info    0x0000b87b      0x10a C:/cygwin/GNUARM-4.1.0/arm-elf/lib/libc.a(memcpy.o)
 .debug_info    0x0000b985      0x13f C:/cygwin/GNUARM-4.1.0/arm-elf/lib/libc.a(memmove.o)
 .debug_info    0x0000bac4      0x10e C:/cygwin/GNUARM-4.1.0/arm-elf/lib/libc.a(memset.o)
 .debug_info    0x0000bbd2      0x93c C:/cygwin/GNUARM-4.1.0/arm-elf/lib/libc.a(mlock.o)
 .debug_info    0x0000c50e     0x1319 C:/cygwin/GNUARM-4.1.0/arm-elf/lib/libc.a(mprec.o)
 .debug_info    0x0000d827      0xbc7 C:/cygwin/GNUARM-4.1.0/arm-elf/lib/libc.a(reallocr.o)
 .debug_info    0x0000e3ee      0x153 C:/cygwin/GNUARM-4.1.0/arm-elf/lib/libc.a(s_isinf.o)
 .debug_info    0x0000e541      0x151 C:/cygwin/GNUARM-4.1.0/arm-elf/lib/libc.a(s_isnan.o)
 .debug_info    0x0000e692      0x94e C:/cygwin/GNUARM-4.1.0/arm-elf/lib/libc.a(sbrkr.o)
 .debug_info    0x0000efe0      0xa70 C:/cygwin/GNUARM-4.1.0/arm-elf/lib/libc.a(stdio.o)
 .debug_info    0x0000fa50       0xd8 C:/cygwin/GNUARM-4.1.0/arm-elf/lib/libc.a(strcmp.o)
 .debug_info    0x0000fb28       0xd4 C:/cygwin/GNUARM-4.1.0/arm-elf/lib/libc.a(strlen.o)
 .debug_info    0x0000fbfc     0x159c C:/cygwin/GNUARM-4.1.0/arm-elf/lib/libc.a(syscalls.o)
 .debug_info    0x00011198      0x981 C:/cygwin/GNUARM-4.1.0/arm-elf/lib/libc.a(writer.o)
 .debug_info    0x00011b19      0xa01 C:/cygwin/GNUARM-4.1.0/arm-elf/lib/libc.a(callocr.o)
 .debug_info    0x0001251a      0x946 C:/cygwin/GNUARM-4.1.0/arm-elf/lib/libc.a(closer.o)
 .debug_info    0x00012e60      0x913 C:/cygwin/GNUARM-4.1.0/arm-elf/lib/libc.a(errno.o)
 .debug_info    0x00013773      0x980 C:/cygwin/GNUARM-4.1.0/arm-elf/lib/libc.a(fclose.o)
 .debug_info    0x000140f3      0xabe C:/cygwin/GNUARM-4.1.0/arm-elf/lib/libc.a(fstatr.o)
 .debug_info    0x00014bb1      0x96b C:/cygwin/GNUARM-4.1.0/arm-elf/lib/libc.a(lseekr.o)
 .debug_info    0x0001551c      0x97a C:/cygwin/GNUARM-4.1.0/arm-elf/lib/libc.a(readr.o)
 .debug_info    0x00015e96      0xa03 C:/cygwin/GNUARM-4.1.0/arm-elf/lib/libc.a(reent.o)
 .debug_info    0x00016899       0x6a C:/cygwin/GNUARM-4.1.0/lib/gcc/arm-elf/4.1.0/libgcc.a(_udivsi3.o)
 .debug_info    0x00016903       0x6a C:/cygwin/GNUARM-4.1.0/lib/gcc/arm-elf/4.1.0/libgcc.a(_dvmd_tls.o)
 .debug_info    0x0001696d       0x69 C:/cygwin/GNUARM-4.1.0/lib/gcc/arm-elf/4.1.0/libgcc.a(_addsubdf3.o)
 .debug_info    0x000169d6       0x69 C:/cygwin/GNUARM-4.1.0/lib/gcc/arm-elf/4.1.0/libgcc.a(_muldivdf3.o)
 .debug_info    0x00016a3f       0x69 C:/cygwin/GNUARM-4.1.0/lib/gcc/arm-elf/4.1.0/libgcc.a(_cmpdf2.o)
 .debug_info    0x00016aa8       0x69 C:/cygwin/GNUARM-4.1.0/lib/gcc/arm-elf/4.1.0/libgcc.a(_fixdfsi.o)
 .debug_info    0x00016b11       0x69 C:/cygwin/GNUARM-4.1.0/lib/gcc/arm-elf/4.1.0/libgcc.a(_fixunsdfsi.o)

.debug_abbrev   0x00000000     0x4056
 .debug_abbrev  0x00000000       0x14 s3c2450_startup.o
 .debug_abbrev  0x00000014       0x9d Uart.o
 .debug_abbrev  0x000000b1       0x79 Lcd.o
 .debug_abbrev  0x0000012a       0x68 Main.o
 .debug_abbrev  0x00000192      0x18c C:/cygwin/GNUARM-4.1.0/arm-elf/lib/libc.a(vsprintf.o)
 .debug_abbrev  0x0000031e      0x157 C:/cygwin/GNUARM-4.1.0/arm-elf/lib/libc.a(impure.o)
 .debug_abbrev  0x00000475      0x367 C:/cygwin/GNUARM-4.1.0/arm-elf/lib/libc.a(vfprintf.o)
 .debug_abbrev  0x000007dc      0x18e C:/cygwin/GNUARM-4.1.0/arm-elf/lib/libc.a(wcrtomb.o)
 .debug_abbrev  0x0000096a      0x1a4 C:/cygwin/GNUARM-4.1.0/arm-elf/lib/libc.a(wcsrtombs.o)
 .debug_abbrev  0x00000b0e      0x1ab C:/cygwin/GNUARM-4.1.0/arm-elf/lib/libc.a(wctomb_r.o)
 .debug_abbrev  0x00000cb9      0x170 C:/cygwin/GNUARM-4.1.0/arm-elf/lib/libc.a(wsetup.o)
 .debug_abbrev  0x00000e29      0x223 C:/cygwin/GNUARM-4.1.0/arm-elf/lib/libc.a(dtoa.o)
 .debug_abbrev  0x0000104c      0x17f C:/cygwin/GNUARM-4.1.0/arm-elf/lib/libc.a(fflush.o)
 .debug_abbrev  0x000011cb      0x24c C:/cygwin/GNUARM-4.1.0/arm-elf/lib/libc.a(findfp.o)
 .debug_abbrev  0x00001417      0x1e8 C:/cygwin/GNUARM-4.1.0/arm-elf/lib/libc.a(freer.o)
 .debug_abbrev  0x000015ff      0x1b4 C:/cygwin/GNUARM-4.1.0/arm-elf/lib/libc.a(fvwrite.o)
 .debug_abbrev  0x000017b3      0x1ee C:/cygwin/GNUARM-4.1.0/arm-elf/lib/libc.a(fwalk.o)
 .debug_abbrev  0x000019a1      0x1de C:/cygwin/GNUARM-4.1.0/arm-elf/lib/libc.a(locale.o)
 .debug_abbrev  0x00001b7f      0x1a8 C:/cygwin/GNUARM-4.1.0/arm-elf/lib/libc.a(makebuf.o)
 .debug_abbrev  0x00001d27      0x225 C:/cygwin/GNUARM-4.1.0/arm-elf/lib/libc.a(mallocr.o)
 .debug_abbrev  0x00001f4c       0xb5 C:/cygwin/GNUARM-4.1.0/arm-elf/lib/libc.a(memchr.o)
 .debug_abbrev  0x00002001       0xa6 C:/cygwin/GNUARM-4.1.0/arm-elf/lib/libc.a(memcpy.o)
 .debug_abbrev  0x000020a7       0x99 C:/cygwin/GNUARM-4.1.0/arm-elf/lib/libc.a(memmove.o)
 .debug_abbrev  0x00002140       0xa9 C:/cygwin/GNUARM-4.1.0/arm-elf/lib/libc.a(memset.o)
 .debug_abbrev  0x000021e9      0x16a C:/cygwin/GNUARM-4.1.0/arm-elf/lib/libc.a(mlock.o)
 .debug_abbrev  0x00002353      0x280 C:/cygwin/GNUARM-4.1.0/arm-elf/lib/libc.a(mprec.o)
 .debug_abbrev  0x000025d3      0x1c3 C:/cygwin/GNUARM-4.1.0/arm-elf/lib/libc.a(reallocr.o)
 .debug_abbrev  0x00002796       0xd4 C:/cygwin/GNUARM-4.1.0/arm-elf/lib/libc.a(s_isinf.o)
 .debug_abbrev  0x0000286a       0xd4 C:/cygwin/GNUARM-4.1.0/arm-elf/lib/libc.a(s_isnan.o)
 .debug_abbrev  0x0000293e      0x18c C:/cygwin/GNUARM-4.1.0/arm-elf/lib/libc.a(sbrkr.o)
 .debug_abbrev  0x00002aca      0x1b4 C:/cygwin/GNUARM-4.1.0/arm-elf/lib/libc.a(stdio.o)
 .debug_abbrev  0x00002c7e       0x71 C:/cygwin/GNUARM-4.1.0/arm-elf/lib/libc.a(strcmp.o)
 .debug_abbrev  0x00002cef       0x8b C:/cygwin/GNUARM-4.1.0/arm-elf/lib/libc.a(strlen.o)
 .debug_abbrev  0x00002d7a      0x407 C:/cygwin/GNUARM-4.1.0/arm-elf/lib/libc.a(syscalls.o)
 .debug_abbrev  0x00003181      0x184 C:/cygwin/GNUARM-4.1.0/arm-elf/lib/libc.a(writer.o)
 .debug_abbrev  0x00003305      0x1be C:/cygwin/GNUARM-4.1.0/arm-elf/lib/libc.a(callocr.o)
 .debug_abbrev  0x000034c3      0x17f C:/cygwin/GNUARM-4.1.0/arm-elf/lib/libc.a(closer.o)
 .debug_abbrev  0x00003642      0x15f C:/cygwin/GNUARM-4.1.0/arm-elf/lib/libc.a(errno.o)
 .debug_abbrev  0x000037a1      0x1a7 C:/cygwin/GNUARM-4.1.0/arm-elf/lib/libc.a(fclose.o)
 .debug_abbrev  0x00003948      0x18e C:/cygwin/GNUARM-4.1.0/arm-elf/lib/libc.a(fstatr.o)
 .debug_abbrev  0x00003ad6      0x18c C:/cygwin/GNUARM-4.1.0/arm-elf/lib/libc.a(lseekr.o)
 .debug_abbrev  0x00003c62      0x17f C:/cygwin/GNUARM-4.1.0/arm-elf/lib/libc.a(readr.o)
 .debug_abbrev  0x00003de1      0x1e9 C:/cygwin/GNUARM-4.1.0/arm-elf/lib/libc.a(reent.o)
 .debug_abbrev  0x00003fca       0x14 C:/cygwin/GNUARM-4.1.0/lib/gcc/arm-elf/4.1.0/libgcc.a(_udivsi3.o)
 .debug_abbrev  0x00003fde       0x14 C:/cygwin/GNUARM-4.1.0/lib/gcc/arm-elf/4.1.0/libgcc.a(_dvmd_tls.o)
 .debug_abbrev  0x00003ff2       0x14 C:/cygwin/GNUARM-4.1.0/lib/gcc/arm-elf/4.1.0/libgcc.a(_addsubdf3.o)
 .debug_abbrev  0x00004006       0x14 C:/cygwin/GNUARM-4.1.0/lib/gcc/arm-elf/4.1.0/libgcc.a(_muldivdf3.o)
 .debug_abbrev  0x0000401a       0x14 C:/cygwin/GNUARM-4.1.0/lib/gcc/arm-elf/4.1.0/libgcc.a(_cmpdf2.o)
 .debug_abbrev  0x0000402e       0x14 C:/cygwin/GNUARM-4.1.0/lib/gcc/arm-elf/4.1.0/libgcc.a(_fixdfsi.o)
 .debug_abbrev  0x00004042       0x14 C:/cygwin/GNUARM-4.1.0/lib/gcc/arm-elf/4.1.0/libgcc.a(_fixunsdfsi.o)

.debug_aranges  0x00000000      0x620
 .debug_aranges
                0x00000000       0x20 s3c2450_startup.o
 .debug_aranges
                0x00000020       0x20 Uart.o
 .debug_aranges
                0x00000040       0x20 Lcd.o
 .debug_aranges
                0x00000060       0x20 Main.o
 .debug_aranges
                0x00000080       0x20 C:/cygwin/GNUARM-4.1.0/arm-elf/lib/libc.a(vsprintf.o)
 .debug_aranges
                0x000000a0       0x20 C:/cygwin/GNUARM-4.1.0/arm-elf/lib/libc.a(vfprintf.o)
 .debug_aranges
                0x000000c0       0x20 C:/cygwin/GNUARM-4.1.0/arm-elf/lib/libc.a(wcrtomb.o)
 .debug_aranges
                0x000000e0       0x20 C:/cygwin/GNUARM-4.1.0/arm-elf/lib/libc.a(wcsrtombs.o)
 .debug_aranges
                0x00000100       0x20 C:/cygwin/GNUARM-4.1.0/arm-elf/lib/libc.a(wctomb_r.o)
 .debug_aranges
                0x00000120       0x20 C:/cygwin/GNUARM-4.1.0/arm-elf/lib/libc.a(wsetup.o)
 .debug_aranges
                0x00000140       0x20 C:/cygwin/GNUARM-4.1.0/arm-elf/lib/libc.a(dtoa.o)
 .debug_aranges
                0x00000160       0x20 C:/cygwin/GNUARM-4.1.0/arm-elf/lib/libc.a(fflush.o)
 .debug_aranges
                0x00000180       0x20 C:/cygwin/GNUARM-4.1.0/arm-elf/lib/libc.a(findfp.o)
 .debug_aranges
                0x000001a0       0x20 C:/cygwin/GNUARM-4.1.0/arm-elf/lib/libc.a(freer.o)
 .debug_aranges
                0x000001c0       0x20 C:/cygwin/GNUARM-4.1.0/arm-elf/lib/libc.a(fvwrite.o)
 .debug_aranges
                0x000001e0       0x20 C:/cygwin/GNUARM-4.1.0/arm-elf/lib/libc.a(fwalk.o)
 .debug_aranges
                0x00000200       0x20 C:/cygwin/GNUARM-4.1.0/arm-elf/lib/libc.a(locale.o)
 .debug_aranges
                0x00000220       0x20 C:/cygwin/GNUARM-4.1.0/arm-elf/lib/libc.a(makebuf.o)
 .debug_aranges
                0x00000240       0x20 C:/cygwin/GNUARM-4.1.0/arm-elf/lib/libc.a(mallocr.o)
 .debug_aranges
                0x00000260       0x20 C:/cygwin/GNUARM-4.1.0/arm-elf/lib/libc.a(memchr.o)
 .debug_aranges
                0x00000280       0x20 C:/cygwin/GNUARM-4.1.0/arm-elf/lib/libc.a(memcpy.o)
 .debug_aranges
                0x000002a0       0x20 C:/cygwin/GNUARM-4.1.0/arm-elf/lib/libc.a(memmove.o)
 .debug_aranges
                0x000002c0       0x20 C:/cygwin/GNUARM-4.1.0/arm-elf/lib/libc.a(memset.o)
 .debug_aranges
                0x000002e0       0x20 C:/cygwin/GNUARM-4.1.0/arm-elf/lib/libc.a(mlock.o)
 .debug_aranges
                0x00000300       0x20 C:/cygwin/GNUARM-4.1.0/arm-elf/lib/libc.a(mprec.o)
 .debug_aranges
                0x00000320       0x20 C:/cygwin/GNUARM-4.1.0/arm-elf/lib/libc.a(reallocr.o)
 .debug_aranges
                0x00000340       0x20 C:/cygwin/GNUARM-4.1.0/arm-elf/lib/libc.a(s_isinf.o)
 .debug_aranges
                0x00000360       0x20 C:/cygwin/GNUARM-4.1.0/arm-elf/lib/libc.a(s_isnan.o)
 .debug_aranges
                0x00000380       0x20 C:/cygwin/GNUARM-4.1.0/arm-elf/lib/libc.a(sbrkr.o)
 .debug_aranges
                0x000003a0       0x20 C:/cygwin/GNUARM-4.1.0/arm-elf/lib/libc.a(stdio.o)
 .debug_aranges
                0x000003c0       0x20 C:/cygwin/GNUARM-4.1.0/arm-elf/lib/libc.a(strcmp.o)
 .debug_aranges
                0x000003e0       0x20 C:/cygwin/GNUARM-4.1.0/arm-elf/lib/libc.a(strlen.o)
 .debug_aranges
                0x00000400       0x20 C:/cygwin/GNUARM-4.1.0/arm-elf/lib/libc.a(syscalls.o)
 .debug_aranges
                0x00000420       0x20 C:/cygwin/GNUARM-4.1.0/arm-elf/lib/libc.a(writer.o)
 .debug_aranges
                0x00000440       0x20 C:/cygwin/GNUARM-4.1.0/arm-elf/lib/libc.a(callocr.o)
 .debug_aranges
                0x00000460       0x20 C:/cygwin/GNUARM-4.1.0/arm-elf/lib/libc.a(closer.o)
 .debug_aranges
                0x00000480       0x20 C:/cygwin/GNUARM-4.1.0/arm-elf/lib/libc.a(errno.o)
 .debug_aranges
                0x000004a0       0x20 C:/cygwin/GNUARM-4.1.0/arm-elf/lib/libc.a(fclose.o)
 .debug_aranges
                0x000004c0       0x20 C:/cygwin/GNUARM-4.1.0/arm-elf/lib/libc.a(fstatr.o)
 .debug_aranges
                0x000004e0       0x20 C:/cygwin/GNUARM-4.1.0/arm-elf/lib/libc.a(lseekr.o)
 .debug_aranges
                0x00000500       0x20 C:/cygwin/GNUARM-4.1.0/arm-elf/lib/libc.a(readr.o)
 .debug_aranges
                0x00000520       0x20 C:/cygwin/GNUARM-4.1.0/arm-elf/lib/libc.a(reent.o)
 .debug_aranges
                0x00000540       0x20 C:/cygwin/GNUARM-4.1.0/lib/gcc/arm-elf/4.1.0/libgcc.a(_udivsi3.o)
 .debug_aranges
                0x00000560       0x20 C:/cygwin/GNUARM-4.1.0/lib/gcc/arm-elf/4.1.0/libgcc.a(_dvmd_tls.o)
 .debug_aranges
                0x00000580       0x20 C:/cygwin/GNUARM-4.1.0/lib/gcc/arm-elf/4.1.0/libgcc.a(_addsubdf3.o)
 .debug_aranges
                0x000005a0       0x20 C:/cygwin/GNUARM-4.1.0/lib/gcc/arm-elf/4.1.0/libgcc.a(_muldivdf3.o)
 .debug_aranges
                0x000005c0       0x20 C:/cygwin/GNUARM-4.1.0/lib/gcc/arm-elf/4.1.0/libgcc.a(_cmpdf2.o)
 .debug_aranges
                0x000005e0       0x20 C:/cygwin/GNUARM-4.1.0/lib/gcc/arm-elf/4.1.0/libgcc.a(_fixdfsi.o)
 .debug_aranges
                0x00000600       0x20 C:/cygwin/GNUARM-4.1.0/lib/gcc/arm-elf/4.1.0/libgcc.a(_fixunsdfsi.o)

.debug_frame    0x00000000      0xf70
 .debug_frame   0x00000000       0xbc Uart.o
 .debug_frame   0x000000bc       0x90 Lcd.o
 .debug_frame   0x0000014c       0x30 Main.o
 .debug_frame   0x0000017c       0x48 C:/cygwin/GNUARM-4.1.0/arm-elf/lib/libc.a(vsprintf.o)
 .debug_frame   0x000001c4       0x6c C:/cygwin/GNUARM-4.1.0/arm-elf/lib/libc.a(vfprintf.o)
 .debug_frame   0x00000230       0x44 C:/cygwin/GNUARM-4.1.0/arm-elf/lib/libc.a(wcrtomb.o)
 .debug_frame   0x00000274       0x54 C:/cygwin/GNUARM-4.1.0/arm-elf/lib/libc.a(wcsrtombs.o)
 .debug_frame   0x000002c8       0x30 C:/cygwin/GNUARM-4.1.0/arm-elf/lib/libc.a(wctomb_r.o)
 .debug_frame   0x000002f8       0x2c C:/cygwin/GNUARM-4.1.0/arm-elf/lib/libc.a(wsetup.o)
 .debug_frame   0x00000324       0x60 C:/cygwin/GNUARM-4.1.0/arm-elf/lib/libc.a(dtoa.o)
 .debug_frame   0x00000384       0x2c C:/cygwin/GNUARM-4.1.0/arm-elf/lib/libc.a(fflush.o)
 .debug_frame   0x000003b0      0x114 C:/cygwin/GNUARM-4.1.0/arm-elf/lib/libc.a(findfp.o)
 .debug_frame   0x000004c4       0x54 C:/cygwin/GNUARM-4.1.0/arm-elf/lib/libc.a(freer.o)
 .debug_frame   0x00000518       0x38 C:/cygwin/GNUARM-4.1.0/arm-elf/lib/libc.a(fvwrite.o)
 .debug_frame   0x00000550       0x58 C:/cygwin/GNUARM-4.1.0/arm-elf/lib/libc.a(fwalk.o)
 .debug_frame   0x000005a8       0x6c C:/cygwin/GNUARM-4.1.0/arm-elf/lib/libc.a(locale.o)
 .debug_frame   0x00000614       0x30 C:/cygwin/GNUARM-4.1.0/arm-elf/lib/libc.a(makebuf.o)
 .debug_frame   0x00000644       0x38 C:/cygwin/GNUARM-4.1.0/arm-elf/lib/libc.a(mallocr.o)
 .debug_frame   0x0000067c       0x28 C:/cygwin/GNUARM-4.1.0/arm-elf/lib/libc.a(memchr.o)
 .debug_frame   0x000006a4       0x28 C:/cygwin/GNUARM-4.1.0/arm-elf/lib/libc.a(memcpy.o)
 .debug_frame   0x000006cc       0x28 C:/cygwin/GNUARM-4.1.0/arm-elf/lib/libc.a(memmove.o)
 .debug_frame   0x000006f4       0x20 C:/cygwin/GNUARM-4.1.0/arm-elf/lib/libc.a(memset.o)
 .debug_frame   0x00000714       0x30 C:/cygwin/GNUARM-4.1.0/arm-elf/lib/libc.a(mlock.o)
 .debug_frame   0x00000744      0x1f0 C:/cygwin/GNUARM-4.1.0/arm-elf/lib/libc.a(mprec.o)
 .debug_frame   0x00000934       0x38 C:/cygwin/GNUARM-4.1.0/arm-elf/lib/libc.a(reallocr.o)
 .debug_frame   0x0000096c       0x28 C:/cygwin/GNUARM-4.1.0/arm-elf/lib/libc.a(s_isinf.o)
 .debug_frame   0x00000994       0x28 C:/cygwin/GNUARM-4.1.0/arm-elf/lib/libc.a(s_isnan.o)
 .debug_frame   0x000009bc       0x2c C:/cygwin/GNUARM-4.1.0/arm-elf/lib/libc.a(sbrkr.o)
 .debug_frame   0x000009e8       0x70 C:/cygwin/GNUARM-4.1.0/arm-elf/lib/libc.a(stdio.o)
 .debug_frame   0x00000a58       0x20 C:/cygwin/GNUARM-4.1.0/arm-elf/lib/libc.a(strcmp.o)
 .debug_frame   0x00000a78       0x20 C:/cygwin/GNUARM-4.1.0/arm-elf/lib/libc.a(strlen.o)
 .debug_frame   0x00000a98      0x2e8 C:/cygwin/GNUARM-4.1.0/arm-elf/lib/libc.a(syscalls.o)
 .debug_frame   0x00000d80       0x2c C:/cygwin/GNUARM-4.1.0/arm-elf/lib/libc.a(writer.o)
 .debug_frame   0x00000dac       0x28 C:/cygwin/GNUARM-4.1.0/arm-elf/lib/libc.a(callocr.o)
 .debug_frame   0x00000dd4       0x2c C:/cygwin/GNUARM-4.1.0/arm-elf/lib/libc.a(closer.o)
 .debug_frame   0x00000e00       0x20 C:/cygwin/GNUARM-4.1.0/arm-elf/lib/libc.a(errno.o)
 .debug_frame   0x00000e20       0x3c C:/cygwin/GNUARM-4.1.0/arm-elf/lib/libc.a(fclose.o)
 .debug_frame   0x00000e5c       0x2c C:/cygwin/GNUARM-4.1.0/arm-elf/lib/libc.a(fstatr.o)
 .debug_frame   0x00000e88       0x2c C:/cygwin/GNUARM-4.1.0/arm-elf/lib/libc.a(lseekr.o)
 .debug_frame   0x00000eb4       0x2c C:/cygwin/GNUARM-4.1.0/arm-elf/lib/libc.a(readr.o)
 .debug_frame   0x00000ee0       0x68 C:/cygwin/GNUARM-4.1.0/arm-elf/lib/libc.a(reent.o)
 .debug_frame   0x00000f48       0x28 C:/cygwin/GNUARM-4.1.0/lib/gcc/arm-elf/4.1.0/libgcc.a(_udivsi3.o)

.debug_loc      0x00000000     0x7e7a
 .debug_loc     0x00000000       0xd2 Uart.o
 .debug_loc     0x000000d2       0xa8 Lcd.o
 .debug_loc     0x0000017a       0x2a Main.o
 .debug_loc     0x000001a4      0x109 C:/cygwin/GNUARM-4.1.0/arm-elf/lib/libc.a(vsprintf.o)
 .debug_loc     0x000002ad     0x1b8d C:/cygwin/GNUARM-4.1.0/arm-elf/lib/libc.a(vfprintf.o)
 .debug_loc     0x00001e3a      0x145 C:/cygwin/GNUARM-4.1.0/arm-elf/lib/libc.a(wcrtomb.o)
 .debug_loc     0x00001f7f      0x2b2 C:/cygwin/GNUARM-4.1.0/arm-elf/lib/libc.a(wcsrtombs.o)
 .debug_loc     0x00002231      0x248 C:/cygwin/GNUARM-4.1.0/arm-elf/lib/libc.a(wctomb_r.o)
 .debug_loc     0x00002479       0x3d C:/cygwin/GNUARM-4.1.0/arm-elf/lib/libc.a(wsetup.o)
 .debug_loc     0x000024b6     0x1665 C:/cygwin/GNUARM-4.1.0/arm-elf/lib/libc.a(dtoa.o)
 .debug_loc     0x00003b1b       0xad C:/cygwin/GNUARM-4.1.0/arm-elf/lib/libc.a(fflush.o)
 .debug_loc     0x00003bc8      0x20c C:/cygwin/GNUARM-4.1.0/arm-elf/lib/libc.a(findfp.o)
 .debug_loc     0x00003dd4      0x38f C:/cygwin/GNUARM-4.1.0/arm-elf/lib/libc.a(freer.o)
 .debug_loc     0x00004163      0x328 C:/cygwin/GNUARM-4.1.0/arm-elf/lib/libc.a(fvwrite.o)
 .debug_loc     0x0000448b      0x17b C:/cygwin/GNUARM-4.1.0/arm-elf/lib/libc.a(fwalk.o)
 .debug_loc     0x00004606       0xe9 C:/cygwin/GNUARM-4.1.0/arm-elf/lib/libc.a(locale.o)
 .debug_loc     0x000046ef       0xa7 C:/cygwin/GNUARM-4.1.0/arm-elf/lib/libc.a(makebuf.o)
 .debug_loc     0x00004796      0x795 C:/cygwin/GNUARM-4.1.0/arm-elf/lib/libc.a(mallocr.o)
 .debug_loc     0x00004f2b      0x193 C:/cygwin/GNUARM-4.1.0/arm-elf/lib/libc.a(memchr.o)
 .debug_loc     0x000050be       0xdb C:/cygwin/GNUARM-4.1.0/arm-elf/lib/libc.a(memcpy.o)
 .debug_loc     0x00005199      0x151 C:/cygwin/GNUARM-4.1.0/arm-elf/lib/libc.a(memmove.o)
 .debug_loc     0x000052ea       0xa9 C:/cygwin/GNUARM-4.1.0/arm-elf/lib/libc.a(memset.o)
 .debug_loc     0x00005393      0xffc C:/cygwin/GNUARM-4.1.0/arm-elf/lib/libc.a(mprec.o)
 .debug_loc     0x0000638f      0x922 C:/cygwin/GNUARM-4.1.0/arm-elf/lib/libc.a(reallocr.o)
 .debug_loc     0x00006cb1       0x6d C:/cygwin/GNUARM-4.1.0/arm-elf/lib/libc.a(s_isinf.o)
 .debug_loc     0x00006d1e       0x4f C:/cygwin/GNUARM-4.1.0/arm-elf/lib/libc.a(s_isnan.o)
 .debug_loc     0x00006d6d       0x50 C:/cygwin/GNUARM-4.1.0/arm-elf/lib/libc.a(sbrkr.o)
 .debug_loc     0x00006dbd      0x1a4 C:/cygwin/GNUARM-4.1.0/arm-elf/lib/libc.a(stdio.o)
 .debug_loc     0x00006f61       0xaf C:/cygwin/GNUARM-4.1.0/arm-elf/lib/libc.a(strcmp.o)
 .debug_loc     0x00007010       0x47 C:/cygwin/GNUARM-4.1.0/arm-elf/lib/libc.a(strlen.o)
 .debug_loc     0x00007057      0x894 C:/cygwin/GNUARM-4.1.0/arm-elf/lib/libc.a(syscalls.o)
 .debug_loc     0x000078eb       0xaa C:/cygwin/GNUARM-4.1.0/arm-elf/lib/libc.a(writer.o)
 .debug_loc     0x00007995       0xd6 C:/cygwin/GNUARM-4.1.0/arm-elf/lib/libc.a(callocr.o)
 .debug_loc     0x00007a6b       0x63 C:/cygwin/GNUARM-4.1.0/arm-elf/lib/libc.a(closer.o)
 .debug_loc     0x00007ace       0xa2 C:/cygwin/GNUARM-4.1.0/arm-elf/lib/libc.a(fclose.o)
 .debug_loc     0x00007b70       0x81 C:/cygwin/GNUARM-4.1.0/arm-elf/lib/libc.a(fstatr.o)
 .debug_loc     0x00007bf1       0x97 C:/cygwin/GNUARM-4.1.0/arm-elf/lib/libc.a(lseekr.o)
 .debug_loc     0x00007c88       0xaa C:/cygwin/GNUARM-4.1.0/arm-elf/lib/libc.a(readr.o)
 .debug_loc     0x00007d32      0x148 C:/cygwin/GNUARM-4.1.0/arm-elf/lib/libc.a(reent.o)

.debug_pubnames
                0x00000000      0xacb
 .debug_pubnames
                0x00000000       0x6a Uart.o
 .debug_pubnames
                0x0000006a       0x5e Lcd.o
 .debug_pubnames
                0x000000c8       0x25 Main.o
 .debug_pubnames
                0x000000ed       0x2f C:/cygwin/GNUARM-4.1.0/arm-elf/lib/libc.a(vsprintf.o)
 .debug_pubnames
                0x0000011c       0x39 C:/cygwin/GNUARM-4.1.0/arm-elf/lib/libc.a(impure.o)
 .debug_pubnames
                0x00000155       0x2f C:/cygwin/GNUARM-4.1.0/arm-elf/lib/libc.a(vfprintf.o)
 .debug_pubnames
                0x00000184       0x2d C:/cygwin/GNUARM-4.1.0/arm-elf/lib/libc.a(wcrtomb.o)
 .debug_pubnames
                0x000001b1       0x31 C:/cygwin/GNUARM-4.1.0/arm-elf/lib/libc.a(wcsrtombs.o)
 .debug_pubnames
                0x000001e2       0x20 C:/cygwin/GNUARM-4.1.0/arm-elf/lib/libc.a(wctomb_r.o)
 .debug_pubnames
                0x00000202       0x20 C:/cygwin/GNUARM-4.1.0/arm-elf/lib/libc.a(wsetup.o)
 .debug_pubnames
                0x00000222       0x1e C:/cygwin/GNUARM-4.1.0/arm-elf/lib/libc.a(dtoa.o)
 .debug_pubnames
                0x00000240       0x1d C:/cygwin/GNUARM-4.1.0/arm-elf/lib/libc.a(fflush.o)
 .debug_pubnames
                0x0000025d       0xdb C:/cygwin/GNUARM-4.1.0/arm-elf/lib/libc.a(findfp.o)
 .debug_pubnames
                0x00000338       0x31 C:/cygwin/GNUARM-4.1.0/arm-elf/lib/libc.a(freer.o)
 .debug_pubnames
                0x00000369       0x21 C:/cygwin/GNUARM-4.1.0/arm-elf/lib/libc.a(fvwrite.o)
 .debug_pubnames
                0x0000038a       0x2e C:/cygwin/GNUARM-4.1.0/arm-elf/lib/libc.a(fwalk.o)
 .debug_pubnames
                0x000003b8       0xc3 C:/cygwin/GNUARM-4.1.0/arm-elf/lib/libc.a(locale.o)
 .debug_pubnames
                0x0000047b       0x21 C:/cygwin/GNUARM-4.1.0/arm-elf/lib/libc.a(makebuf.o)
 .debug_pubnames
                0x0000049c       0xce C:/cygwin/GNUARM-4.1.0/arm-elf/lib/libc.a(mallocr.o)
 .debug_pubnames
                0x0000056a       0x1d C:/cygwin/GNUARM-4.1.0/arm-elf/lib/libc.a(memchr.o)
 .debug_pubnames
                0x00000587       0x1d C:/cygwin/GNUARM-4.1.0/arm-elf/lib/libc.a(memcpy.o)
 .debug_pubnames
                0x000005a4       0x1e C:/cygwin/GNUARM-4.1.0/arm-elf/lib/libc.a(memmove.o)
 .debug_pubnames
                0x000005c2       0x1d C:/cygwin/GNUARM-4.1.0/arm-elf/lib/libc.a(memset.o)
 .debug_pubnames
                0x000005df       0x38 C:/cygwin/GNUARM-4.1.0/arm-elf/lib/libc.a(mlock.o)
 .debug_pubnames
                0x00000617      0x112 C:/cygwin/GNUARM-4.1.0/arm-elf/lib/libc.a(mprec.o)
 .debug_pubnames
                0x00000729       0x21 C:/cygwin/GNUARM-4.1.0/arm-elf/lib/libc.a(reallocr.o)
 .debug_pubnames
                0x0000074a       0x1c C:/cygwin/GNUARM-4.1.0/arm-elf/lib/libc.a(s_isinf.o)
 .debug_pubnames
                0x00000766       0x1c C:/cygwin/GNUARM-4.1.0/arm-elf/lib/libc.a(s_isnan.o)
 .debug_pubnames
                0x00000782       0x1e C:/cygwin/GNUARM-4.1.0/arm-elf/lib/libc.a(sbrkr.o)
 .debug_pubnames
                0x000007a0       0x44 C:/cygwin/GNUARM-4.1.0/arm-elf/lib/libc.a(stdio.o)
 .debug_pubnames
                0x000007e4       0x1d C:/cygwin/GNUARM-4.1.0/arm-elf/lib/libc.a(strcmp.o)
 .debug_pubnames
                0x00000801       0x1d C:/cygwin/GNUARM-4.1.0/arm-elf/lib/libc.a(strlen.o)
 .debug_pubnames
                0x0000081e      0x158 C:/cygwin/GNUARM-4.1.0/arm-elf/lib/libc.a(syscalls.o)
 .debug_pubnames
                0x00000976       0x1f C:/cygwin/GNUARM-4.1.0/arm-elf/lib/libc.a(writer.o)
 .debug_pubnames
                0x00000995       0x20 C:/cygwin/GNUARM-4.1.0/arm-elf/lib/libc.a(callocr.o)
 .debug_pubnames
                0x000009b5       0x1f C:/cygwin/GNUARM-4.1.0/arm-elf/lib/libc.a(closer.o)
 .debug_pubnames
                0x000009d4       0x1e C:/cygwin/GNUARM-4.1.0/arm-elf/lib/libc.a(errno.o)
 .debug_pubnames
                0x000009f2       0x2b C:/cygwin/GNUARM-4.1.0/arm-elf/lib/libc.a(fclose.o)
 .debug_pubnames
                0x00000a1d       0x1f C:/cygwin/GNUARM-4.1.0/arm-elf/lib/libc.a(fstatr.o)
 .debug_pubnames
                0x00000a3c       0x1f C:/cygwin/GNUARM-4.1.0/arm-elf/lib/libc.a(lseekr.o)
 .debug_pubnames
                0x00000a5b       0x1e C:/cygwin/GNUARM-4.1.0/arm-elf/lib/libc.a(readr.o)
 .debug_pubnames
                0x00000a79       0x52 C:/cygwin/GNUARM-4.1.0/arm-elf/lib/libc.a(reent.o)

.comment        0x00000000      0x2f4
 .comment       0x00000000       0x12 Uart.o
 .comment       0x00000012       0x12 Lcd.o
 .comment       0x00000024       0x12 Main.o
 .comment       0x00000036       0x12 C:/cygwin/GNUARM-4.1.0/arm-elf/lib/libc.a(vsprintf.o)
 .comment       0x00000048       0x12 C:/cygwin/GNUARM-4.1.0/arm-elf/lib/libc.a(impure.o)
 .comment       0x0000005a       0x12 C:/cygwin/GNUARM-4.1.0/arm-elf/lib/libc.a(vfprintf.o)
 .comment       0x0000006c       0x12 C:/cygwin/GNUARM-4.1.0/arm-elf/lib/libc.a(wcrtomb.o)
 .comment       0x0000007e       0x12 C:/cygwin/GNUARM-4.1.0/arm-elf/lib/libc.a(wcsrtombs.o)
 .comment       0x00000090       0x12 C:/cygwin/GNUARM-4.1.0/arm-elf/lib/libc.a(wctomb_r.o)
 .comment       0x000000a2       0x12 C:/cygwin/GNUARM-4.1.0/arm-elf/lib/libc.a(wsetup.o)
 .comment       0x000000b4       0x12 C:/cygwin/GNUARM-4.1.0/arm-elf/lib/libc.a(dtoa.o)
 .comment       0x000000c6       0x12 C:/cygwin/GNUARM-4.1.0/arm-elf/lib/libc.a(fflush.o)
 .comment       0x000000d8       0x12 C:/cygwin/GNUARM-4.1.0/arm-elf/lib/libc.a(findfp.o)
 .comment       0x000000ea       0x12 C:/cygwin/GNUARM-4.1.0/arm-elf/lib/libc.a(freer.o)
 .comment       0x000000fc       0x12 C:/cygwin/GNUARM-4.1.0/arm-elf/lib/libc.a(fvwrite.o)
 .comment       0x0000010e       0x12 C:/cygwin/GNUARM-4.1.0/arm-elf/lib/libc.a(fwalk.o)
 .comment       0x00000120       0x12 C:/cygwin/GNUARM-4.1.0/arm-elf/lib/libc.a(locale.o)
 .comment       0x00000132       0x12 C:/cygwin/GNUARM-4.1.0/arm-elf/lib/libc.a(makebuf.o)
 .comment       0x00000144       0x12 C:/cygwin/GNUARM-4.1.0/arm-elf/lib/libc.a(mallocr.o)
 .comment       0x00000156       0x12 C:/cygwin/GNUARM-4.1.0/arm-elf/lib/libc.a(memchr.o)
 .comment       0x00000168       0x12 C:/cygwin/GNUARM-4.1.0/arm-elf/lib/libc.a(memcpy.o)
 .comment       0x0000017a       0x12 C:/cygwin/GNUARM-4.1.0/arm-elf/lib/libc.a(memmove.o)
 .comment       0x0000018c       0x12 C:/cygwin/GNUARM-4.1.0/arm-elf/lib/libc.a(memset.o)
 .comment       0x0000019e       0x12 C:/cygwin/GNUARM-4.1.0/arm-elf/lib/libc.a(mlock.o)
 .comment       0x000001b0       0x12 C:/cygwin/GNUARM-4.1.0/arm-elf/lib/libc.a(mprec.o)
 .comment       0x000001c2       0x12 C:/cygwin/GNUARM-4.1.0/arm-elf/lib/libc.a(reallocr.o)
 .comment       0x000001d4       0x12 C:/cygwin/GNUARM-4.1.0/arm-elf/lib/libc.a(s_isinf.o)
 .comment       0x000001e6       0x12 C:/cygwin/GNUARM-4.1.0/arm-elf/lib/libc.a(s_isnan.o)
 .comment       0x000001f8       0x12 C:/cygwin/GNUARM-4.1.0/arm-elf/lib/libc.a(sbrkr.o)
 .comment       0x0000020a       0x12 C:/cygwin/GNUARM-4.1.0/arm-elf/lib/libc.a(stdio.o)
 .comment       0x0000021c       0x12 C:/cygwin/GNUARM-4.1.0/arm-elf/lib/libc.a(strcmp.o)
 .comment       0x0000022e       0x12 C:/cygwin/GNUARM-4.1.0/arm-elf/lib/libc.a(strlen.o)
 .comment       0x00000240       0x12 C:/cygwin/GNUARM-4.1.0/arm-elf/lib/libc.a(syscalls.o)
 .comment       0x00000252       0x12 C:/cygwin/GNUARM-4.1.0/arm-elf/lib/libc.a(writer.o)
 .comment       0x00000264       0x12 C:/cygwin/GNUARM-4.1.0/arm-elf/lib/libc.a(callocr.o)
 .comment       0x00000276       0x12 C:/cygwin/GNUARM-4.1.0/arm-elf/lib/libc.a(closer.o)
 .comment       0x00000288       0x12 C:/cygwin/GNUARM-4.1.0/arm-elf/lib/libc.a(errno.o)
 .comment       0x0000029a       0x12 C:/cygwin/GNUARM-4.1.0/arm-elf/lib/libc.a(fclose.o)
 .comment       0x000002ac       0x12 C:/cygwin/GNUARM-4.1.0/arm-elf/lib/libc.a(fstatr.o)
 .comment       0x000002be       0x12 C:/cygwin/GNUARM-4.1.0/arm-elf/lib/libc.a(lseekr.o)
 .comment       0x000002d0       0x12 C:/cygwin/GNUARM-4.1.0/arm-elf/lib/libc.a(readr.o)
 .comment       0x000002e2       0x12 C:/cygwin/GNUARM-4.1.0/arm-elf/lib/libc.a(reent.o)

.debug_str      0x00000000     0x1a16
 .debug_str     0x00000000      0x425 C:/cygwin/GNUARM-4.1.0/arm-elf/lib/libc.a(vsprintf.o)
                                0x4cf (size before relaxing)
 .debug_str     0x00000425       0x85 C:/cygwin/GNUARM-4.1.0/arm-elf/lib/libc.a(impure.o)
                                0x4af (size before relaxing)
 .debug_str     0x000004aa      0x1bf C:/cygwin/GNUARM-4.1.0/arm-elf/lib/libc.a(vfprintf.o)
                                0x69d (size before relaxing)
 .debug_str     0x00000669       0x83 C:/cygwin/GNUARM-4.1.0/arm-elf/lib/libc.a(wcrtomb.o)
                                0x4d2 (size before relaxing)
 .debug_str     0x000006ec       0x63 C:/cygwin/GNUARM-4.1.0/arm-elf/lib/libc.a(wcsrtombs.o)
                                0x4e7 (size before relaxing)
 .debug_str     0x0000074f       0x62 C:/cygwin/GNUARM-4.1.0/arm-elf/lib/libc.a(wctomb_r.o)
                                0x4c7 (size before relaxing)
 .debug_str     0x000007b1       0x42 C:/cygwin/GNUARM-4.1.0/arm-elf/lib/libc.a(wsetup.o)
                                0x4ab (size before relaxing)
 .debug_str     0x000007f3      0x100 C:/cygwin/GNUARM-4.1.0/arm-elf/lib/libc.a(dtoa.o)
                                0x5a2 (size before relaxing)
 .debug_str     0x000008f3       0x3f C:/cygwin/GNUARM-4.1.0/arm-elf/lib/libc.a(fflush.o)
                                0x4bb (size before relaxing)
 .debug_str     0x00000932      0x100 C:/cygwin/GNUARM-4.1.0/arm-elf/lib/libc.a(findfp.o)
                                0x595 (size before relaxing)
 .debug_str     0x00000a32      0x159 C:/cygwin/GNUARM-4.1.0/arm-elf/lib/libc.a(freer.o)
                                0x5e4 (size before relaxing)
 .debug_str     0x00000b8b       0x5a C:/cygwin/GNUARM-4.1.0/arm-elf/lib/libc.a(fvwrite.o)
                                0x506 (size before relaxing)
 .debug_str     0x00000be5       0x5c C:/cygwin/GNUARM-4.1.0/arm-elf/lib/libc.a(fwalk.o)
                                0x4d6 (size before relaxing)
 .debug_str     0x00000c41      0x1bb C:/cygwin/GNUARM-4.1.0/arm-elf/lib/libc.a(locale.o)
                                0x63e (size before relaxing)
 .debug_str     0x00000dfc      0x112 C:/cygwin/GNUARM-4.1.0/arm-elf/lib/libc.a(makebuf.o)
                                0x592 (size before relaxing)
 .debug_str     0x00000f0e       0xe9 C:/cygwin/GNUARM-4.1.0/arm-elf/lib/libc.a(mallocr.o)
                                0x692 (size before relaxing)
 .debug_str     0x00000ff7       0x89 C:/cygwin/GNUARM-4.1.0/arm-elf/lib/libc.a(memchr.o)
                                0x120 (size before relaxing)
 .debug_str     0x00001080       0x67 C:/cygwin/GNUARM-4.1.0/arm-elf/lib/libc.a(memcpy.o)
                                 0xc9 (size before relaxing)
 .debug_str     0x000010e7       0x4b C:/cygwin/GNUARM-4.1.0/arm-elf/lib/libc.a(memmove.o)
                                0x132 (size before relaxing)
 .debug_str     0x00001132       0x4d C:/cygwin/GNUARM-4.1.0/arm-elf/lib/libc.a(memset.o)
                                0x113 (size before relaxing)
 .debug_str     0x0000117f       0x6b C:/cygwin/GNUARM-4.1.0/arm-elf/lib/libc.a(mlock.o)
                                0x4b8 (size before relaxing)
 .debug_str     0x000011ea       0xd1 C:/cygwin/GNUARM-4.1.0/arm-elf/lib/libc.a(mprec.o)
                                0x58a (size before relaxing)
 .debug_str     0x000012bb       0x61 C:/cygwin/GNUARM-4.1.0/arm-elf/lib/libc.a(reallocr.o)
                                0x564 (size before relaxing)
 .debug_str     0x0000131c       0x97 C:/cygwin/GNUARM-4.1.0/arm-elf/lib/libc.a(s_isinf.o)
                                0x156 (size before relaxing)
 .debug_str     0x000013b3       0x3e C:/cygwin/GNUARM-4.1.0/arm-elf/lib/libc.a(s_isnan.o)
                                0x156 (size before relaxing)
 .debug_str     0x000013f1       0x4e C:/cygwin/GNUARM-4.1.0/arm-elf/lib/libc.a(sbrkr.o)
                                0x4ac (size before relaxing)
 .debug_str     0x0000143f       0x67 C:/cygwin/GNUARM-4.1.0/arm-elf/lib/libc.a(stdio.o)
                                0x4de (size before relaxing)
 .debug_str     0x000014a6       0x40 C:/cygwin/GNUARM-4.1.0/arm-elf/lib/libc.a(strcmp.o)
                                 0xf8 (size before relaxing)
 .debug_str     0x000014e6       0x46 C:/cygwin/GNUARM-4.1.0/arm-elf/lib/libc.a(strlen.o)
                                0x112 (size before relaxing)
 .debug_str     0x0000152c      0x258 C:/cygwin/GNUARM-4.1.0/arm-elf/lib/libc.a(syscalls.o)
                                0x79f (size before relaxing)
 .debug_str     0x00001784       0x4a C:/cygwin/GNUARM-4.1.0/arm-elf/lib/libc.a(writer.o)
                                0x4af (size before relaxing)
 .debug_str     0x000017ce       0x19 C:/cygwin/GNUARM-4.1.0/arm-elf/lib/libc.a(callocr.o)
                                0x4e3 (size before relaxing)
 .debug_str     0x000017e7       0x41 C:/cygwin/GNUARM-4.1.0/arm-elf/lib/libc.a(closer.o)
                                0x49f (size before relaxing)
 .debug_str     0x00001828       0x6d C:/cygwin/GNUARM-4.1.0/arm-elf/lib/libc.a(errno.o)
                                0x497 (size before relaxing)
 .debug_str     0x00001895       0x49 C:/cygwin/GNUARM-4.1.0/arm-elf/lib/libc.a(fclose.o)
                                0x4b7 (size before relaxing)
 .debug_str     0x000018de       0x47 C:/cygwin/GNUARM-4.1.0/arm-elf/lib/libc.a(fstatr.o)
                                0x573 (size before relaxing)
 .debug_str     0x00001925       0x41 C:/cygwin/GNUARM-4.1.0/arm-elf/lib/libc.a(lseekr.o)
                                0x4ad (size before relaxing)
 .debug_str     0x00001966       0x3f C:/cygwin/GNUARM-4.1.0/arm-elf/lib/libc.a(readr.o)
                                0x4ad (size before relaxing)
 .debug_str     0x000019a5       0x71 C:/cygwin/GNUARM-4.1.0/arm-elf/lib/libc.a(reent.o)
                                0x4d4 (size before relaxing)

.debug_ranges   0x00000000      0x4d0
 .debug_ranges  0x00000000      0x150 C:/cygwin/GNUARM-4.1.0/arm-elf/lib/libc.a(vfprintf.o)
 .debug_ranges  0x00000150       0x28 C:/cygwin/GNUARM-4.1.0/arm-elf/lib/libc.a(wcsrtombs.o)
 .debug_ranges  0x00000178       0x48 C:/cygwin/GNUARM-4.1.0/arm-elf/lib/libc.a(wctomb_r.o)
 .debug_ranges  0x000001c0       0x18 C:/cygwin/GNUARM-4.1.0/arm-elf/lib/libc.a(fvwrite.o)
 .debug_ranges  0x000001d8       0x40 C:/cygwin/GNUARM-4.1.0/arm-elf/lib/libc.a(fwalk.o)
 .debug_ranges  0x00000218       0x50 C:/cygwin/GNUARM-4.1.0/arm-elf/lib/libc.a(mallocr.o)
 .debug_ranges  0x00000268      0x118 C:/cygwin/GNUARM-4.1.0/arm-elf/lib/libc.a(reallocr.o)
 .debug_ranges  0x00000380      0x118 C:/cygwin/GNUARM-4.1.0/arm-elf/lib/libc.a(syscalls.o)
 .debug_ranges  0x00000498       0x38 C:/cygwin/GNUARM-4.1.0/arm-elf/lib/libc.a(callocr.o)
