Archive member included because of file (symbol)

C:/cygwin/GNUARM-4.1.0/arm-elf/lib/libc.a(atoi.o)
                              Uart.o (atoi)
C:/cygwin/GNUARM-4.1.0/arm-elf/lib/libc.a(strlen.o)
                              Uart.o (strlen)
C:/cygwin/GNUARM-4.1.0/arm-elf/lib/libc.a(strtol.o)
                              C:/cygwin/GNUARM-4.1.0/arm-elf/lib/libc.a(atoi.o) (_strtol_r)
C:/cygwin/GNUARM-4.1.0/arm-elf/lib/libc.a(vsprintf.o)
                              Uart.o (vsprintf)
C:/cygwin/GNUARM-4.1.0/arm-elf/lib/libc.a(ctype_.o)
                              C:/cygwin/GNUARM-4.1.0/arm-elf/lib/libc.a(strtol.o) (__ctype_ptr)
C:/cygwin/GNUARM-4.1.0/arm-elf/lib/libc.a(impure.o)
                              C:/cygwin/GNUARM-4.1.0/arm-elf/lib/libc.a(strtol.o) (_impure_ptr)
C:/cygwin/GNUARM-4.1.0/arm-elf/lib/libc.a(vfprintf.o)
                              C:/cygwin/GNUARM-4.1.0/arm-elf/lib/libc.a(vsprintf.o) (_vfprintf_r)
C:/cygwin/GNUARM-4.1.0/arm-elf/lib/libc.a(wcrtomb.o)
                              C:/cygwin/GNUARM-4.1.0/arm-elf/lib/libc.a(vfprintf.o) (_wcrtomb_r)
C:/cygwin/GNUARM-4.1.0/arm-elf/lib/libc.a(wcsrtombs.o)
                              C:/cygwin/GNUARM-4.1.0/arm-elf/lib/libc.a(vfprintf.o) (_wcsrtombs_r)
C:/cygwin/GNUARM-4.1.0/arm-elf/lib/libc.a(wctomb_r.o)
                              C:/cygwin/GNUARM-4.1.0/arm-elf/lib/libc.a(wcrtomb.o) (_wctomb_r)
C:/cygwin/GNUARM-4.1.0/arm-elf/lib/libc.a(wsetup.o)
                              C:/cygwin/GNUARM-4.1.0/arm-elf/lib/libc.a(vfprintf.o) (__swsetup)
C:/cygwin/GNUARM-4.1.0/arm-elf/lib/libc.a(dtoa.o)
                              C:/cygwin/GNUARM-4.1.0/arm-elf/lib/libc.a(vfprintf.o) (_dtoa_r)
C:/cygwin/GNUARM-4.1.0/arm-elf/lib/libc.a(fflush.o)
                              C:/cygwin/GNUARM-4.1.0/arm-elf/lib/libc.a(vfprintf.o) (fflush)
C:/cygwin/GNUARM-4.1.0/arm-elf/lib/libc.a(findfp.o)
                              C:/cygwin/GNUARM-4.1.0/arm-elf/lib/libc.a(vfprintf.o) (__sinit)
C:/cygwin/GNUARM-4.1.0/arm-elf/lib/libc.a(freer.o)
                              C:/cygwin/GNUARM-4.1.0/arm-elf/lib/libc.a(vfprintf.o) (_free_r)
C:/cygwin/GNUARM-4.1.0/arm-elf/lib/libc.a(fvwrite.o)
                              C:/cygwin/GNUARM-4.1.0/arm-elf/lib/libc.a(vfprintf.o) (__sfvwrite)
C:/cygwin/GNUARM-4.1.0/arm-elf/lib/libc.a(fwalk.o)
                              C:/cygwin/GNUARM-4.1.0/arm-elf/lib/libc.a(fflush.o) (_fwalk)
C:/cygwin/GNUARM-4.1.0/arm-elf/lib/libc.a(locale.o)
                              C:/cygwin/GNUARM-4.1.0/arm-elf/lib/libc.a(vfprintf.o) (localeconv)
C:/cygwin/GNUARM-4.1.0/arm-elf/lib/libc.a(makebuf.o)
                              C:/cygwin/GNUARM-4.1.0/arm-elf/lib/libc.a(wsetup.o) (__smakebuf)
C:/cygwin/GNUARM-4.1.0/arm-elf/lib/libc.a(mallocr.o)
                              C:/cygwin/GNUARM-4.1.0/arm-elf/lib/libc.a(vfprintf.o) (_malloc_r)
C:/cygwin/GNUARM-4.1.0/arm-elf/lib/libc.a(memchr.o)
                              C:/cygwin/GNUARM-4.1.0/arm-elf/lib/libc.a(vfprintf.o) (memchr)
C:/cygwin/GNUARM-4.1.0/arm-elf/lib/libc.a(memcpy.o)
                              C:/cygwin/GNUARM-4.1.0/arm-elf/lib/libc.a(dtoa.o) (memcpy)
C:/cygwin/GNUARM-4.1.0/arm-elf/lib/libc.a(memmove.o)
                              C:/cygwin/GNUARM-4.1.0/arm-elf/lib/libc.a(fvwrite.o) (memmove)
C:/cygwin/GNUARM-4.1.0/arm-elf/lib/libc.a(memset.o)
                              C:/cygwin/GNUARM-4.1.0/arm-elf/lib/libc.a(vfprintf.o) (memset)
C:/cygwin/GNUARM-4.1.0/arm-elf/lib/libc.a(mlock.o)
                              C:/cygwin/GNUARM-4.1.0/arm-elf/lib/libc.a(freer.o) (__malloc_lock)
C:/cygwin/GNUARM-4.1.0/arm-elf/lib/libc.a(mprec.o)
                              C:/cygwin/GNUARM-4.1.0/arm-elf/lib/libc.a(dtoa.o) (_Bfree)
C:/cygwin/GNUARM-4.1.0/arm-elf/lib/libc.a(reallocr.o)
                              C:/cygwin/GNUARM-4.1.0/arm-elf/lib/libc.a(fvwrite.o) (_realloc_r)
C:/cygwin/GNUARM-4.1.0/arm-elf/lib/libc.a(s_isinf.o)
                              C:/cygwin/GNUARM-4.1.0/arm-elf/lib/libc.a(vfprintf.o) (isinf)
C:/cygwin/GNUARM-4.1.0/arm-elf/lib/libc.a(s_isnan.o)
                              C:/cygwin/GNUARM-4.1.0/arm-elf/lib/libc.a(vfprintf.o) (isnan)
C:/cygwin/GNUARM-4.1.0/arm-elf/lib/libc.a(sbrkr.o)
                              C:/cygwin/GNUARM-4.1.0/arm-elf/lib/libc.a(freer.o) (_sbrk_r)
C:/cygwin/GNUARM-4.1.0/arm-elf/lib/libc.a(stdio.o)
                              C:/cygwin/GNUARM-4.1.0/arm-elf/lib/libc.a(findfp.o) (__sclose)
C:/cygwin/GNUARM-4.1.0/arm-elf/lib/libc.a(strcmp.o)
                              C:/cygwin/GNUARM-4.1.0/arm-elf/lib/libc.a(wctomb_r.o) (strcmp)
C:/cygwin/GNUARM-4.1.0/arm-elf/lib/libc.a(syscalls.o)
                              C:/cygwin/GNUARM-4.1.0/arm-elf/lib/libc.a(makebuf.o) (isatty)
C:/cygwin/GNUARM-4.1.0/arm-elf/lib/libc.a(writer.o)
                              C:/cygwin/GNUARM-4.1.0/arm-elf/lib/libc.a(stdio.o) (_write_r)
C:/cygwin/GNUARM-4.1.0/arm-elf/lib/libc.a(callocr.o)
                              C:/cygwin/GNUARM-4.1.0/arm-elf/lib/libc.a(mprec.o) (_calloc_r)
C:/cygwin/GNUARM-4.1.0/arm-elf/lib/libc.a(closer.o)
                              C:/cygwin/GNUARM-4.1.0/arm-elf/lib/libc.a(stdio.o) (_close_r)
C:/cygwin/GNUARM-4.1.0/arm-elf/lib/libc.a(errno.o)
                              C:/cygwin/GNUARM-4.1.0/arm-elf/lib/libc.a(syscalls.o) (__errno)
C:/cygwin/GNUARM-4.1.0/arm-elf/lib/libc.a(fclose.o)
                              C:/cygwin/GNUARM-4.1.0/arm-elf/lib/libc.a(findfp.o) (fclose)
C:/cygwin/GNUARM-4.1.0/arm-elf/lib/libc.a(fstatr.o)
                              C:/cygwin/GNUARM-4.1.0/arm-elf/lib/libc.a(makebuf.o) (_fstat_r)
C:/cygwin/GNUARM-4.1.0/arm-elf/lib/libc.a(lseekr.o)
                              C:/cygwin/GNUARM-4.1.0/arm-elf/lib/libc.a(stdio.o) (_lseek_r)
C:/cygwin/GNUARM-4.1.0/arm-elf/lib/libc.a(readr.o)
                              C:/cygwin/GNUARM-4.1.0/arm-elf/lib/libc.a(stdio.o) (_read_r)
C:/cygwin/GNUARM-4.1.0/arm-elf/lib/libc.a(reent.o)
                              C:/cygwin/GNUARM-4.1.0/arm-elf/lib/libc.a(sbrkr.o) (errno)
C:/cygwin/GNUARM-4.1.0/lib/gcc/arm-elf/4.1.0/libgcc.a(_udivsi3.o)
                              C:/cygwin/GNUARM-4.1.0/arm-elf/lib/libc.a(strtol.o) (__udivsi3)
C:/cygwin/GNUARM-4.1.0/lib/gcc/arm-elf/4.1.0/libgcc.a(_umodsi3.o)
                              C:/cygwin/GNUARM-4.1.0/arm-elf/lib/libc.a(strtol.o) (__umodsi3)
C:/cygwin/GNUARM-4.1.0/lib/gcc/arm-elf/4.1.0/libgcc.a(_dvmd_tls.o)
                              C:/cygwin/GNUARM-4.1.0/lib/gcc/arm-elf/4.1.0/libgcc.a(_udivsi3.o) (__div0)
C:/cygwin/GNUARM-4.1.0/lib/gcc/arm-elf/4.1.0/libgcc.a(_addsubdf3.o)
                              C:/cygwin/GNUARM-4.1.0/arm-elf/lib/libc.a(dtoa.o) (__subdf3)
C:/cygwin/GNUARM-4.1.0/lib/gcc/arm-elf/4.1.0/libgcc.a(_muldivdf3.o)
                              C:/cygwin/GNUARM-4.1.0/arm-elf/lib/libc.a(dtoa.o) (__muldf3)
C:/cygwin/GNUARM-4.1.0/lib/gcc/arm-elf/4.1.0/libgcc.a(_cmpdf2.o)
                              C:/cygwin/GNUARM-4.1.0/arm-elf/lib/libc.a(dtoa.o) (__gtdf2)
C:/cygwin/GNUARM-4.1.0/lib/gcc/arm-elf/4.1.0/libgcc.a(_fixdfsi.o)
                              C:/cygwin/GNUARM-4.1.0/arm-elf/lib/libc.a(dtoa.o) (__fixdfsi)
C:/cygwin/GNUARM-4.1.0/lib/gcc/arm-elf/4.1.0/libgcc.a(_fixunsdfsi.o)
                              Uart.o (__fixunsdfsi)

Allocating common symbols
Common symbol       size              file

errno               0x4               C:/cygwin/GNUARM-4.1.0/arm-elf/lib/libc.a(reent.o)

Memory Configuration

Name             Origin             Length             Attributes
CODE             0x30000000         0x04000000         rw
_ISR_START       0x33ffff00         0x00000100         rw
*default*        0x00000000         0xffffffff

Linker script and memory map


.text           0x30000000     0x9bec
 *s3c2450_startup.o(.text)
 .text          0x30000000      0x270 s3c2450_startup.o
                0x300000b0                ResetHandler
                0x30000190                IsrIRQ
                0x30000000                _start
 *(.text)
 .text          0x30000270      0x338 Lcd.o
                0x300002cc                Lcd_Port_Init
                0x30000444                Graphic_Init
                0x300003e4                Lcd_Set_Address
                0x3000046c                Lcd_Put_Pixel
                0x30000350                Lcd_Init
                0x30000270                Lcd_Envid_On_Off
                0x300004c4                Lcd_Draw_BMP
 .text          0x300005a8      0x750 libc.o
                0x3000078c                MMU_SetMTT
                0x30000908                malloc
                0x30000840                ChangeRomCacheStatus
                0x30000bbc                MemFill
                0x30000b94                time
                0x30000c28                MemDump
                0x30000a64                Led_Display
                0x300005a8                MMU_Init
                0x300009f8                Led_Port_Init
                0x30000b74                stop_timer0
                0x30000b28                start_timer0
                0x300009d0                free
 .text          0x30000cf8      0x268 libs.o
                0x30000e80                MMU_SetFastBusMode
                0x30000e60                MMU_EnableMMU
                0x30000e70                MMU_DisableMMU
                0x30000eb8                MMU_InvalidateIDCache
                0x30000d64                MEMCPY_SINGLE
                0x30000e10                MMU_DisableICache
                0x30000ec0                MMU_InvalidateICache
                0x30000f28                MMU_InvalidateDTLB
                0x30000d7c                MEMCPY_MULTIPLE
                0x30000ec8                MMU_InvalidateICacheMVA
                0x30000df0                CLR_IF
                0x30000e94                MMU_SetAsyncBusMode
                0x30000d34                SUM_OF_DEC
                0x30000e50                MMU_DisableAlignFault
                0x30000f30                MMU_InvalidateDTLBMVA
                0x30000f08                MMU_WaitForInterrupt
                0x30000dd4                SET_IF
                0x30000f38                MMU_SetDCacheLockdownBase
                0x30000e30                MMU_DisableDCache
                0x30000ee0                MMU_InvalidateDCacheMVA
                0x30000e40                MMU_EnableAlignFault
                0x30000ed0                MMU_PrefetchICacheMVA
                0x30000d50                GRT_COM_MES
                0x30000eb0                MMU_SetDomain
                0x30000f20                MMU_InvalidateITLBMVA
                0x30000d24                DATA_PROCESS2
                0x30000f48                MMU_SetDTLBLockdown
                0x30000d14                DATA_PROCESS1
                0x30000f00                MMU_CleanInvalidateDCacheIndex
                0x30000f58                MMU_SetProcessId
                0x30000f40                MMU_SetICacheLockdownBase
                0x30000d00                CONDITIONAL_EXECUTE
                0x30000f10                MMU_InvalidateTLB
                0x30000ef8                MMU_CleanDCacheIndex
                0x30000f18                MMU_InvalidateITLB
                0x30000d94                MEMCPY
                0x30000ee8                MMU_CleanDCacheMVA
                0x30000e20                MMU_EnableDCache
                0x30000de8                WR_IF
                0x30000ea8                MMU_SetTTBase
                0x30000ef0                MMU_CleanInvalidateDCacheMVA
                0x30000cf8                HOW_TO_RETURN
                0x30000f50                MMU_SetITLBLockdown
                0x30000e00                MMU_EnableICache
                0x30000ed8                MMU_InvalidateDCache
 .text          0x30000f60      0x120 Main.o
                0x30000f60                Main
 .text          0x30001080      0x6f0 Uart.o
                0x30001480                Uart_GetIntNum
                0x30001188                Uart_Printf
                0x3000121c                Uart_Send_Byte
                0x3000128c                Uart_GetChar
                0x300012c8                Uart_GetCh
                0x300012ec                Uart_TxEmpty
                0x300011d4                Uart_Send_String
                0x30001080                Uart_Init
                0x30001374                Uart_GetString
                0x3000131c                Uart_GetKey
 .text          0x30001770       0x18 C:/cygwin/GNUARM-4.1.0/arm-elf/lib/libc.a(atoi.o)
                0x30001770                _atoi_r
                0x3000177c                atoi
 .text          0x30001788       0x90 C:/cygwin/GNUARM-4.1.0/arm-elf/lib/libc.a(strlen.o)
                0x30001788                strlen
 .text          0x30001818      0x1ec C:/cygwin/GNUARM-4.1.0/arm-elf/lib/libc.a(strtol.o)
                0x300019d8                strtol
                0x30001818                _strtol_r
 .text          0x30001a04       0xac C:/cygwin/GNUARM-4.1.0/arm-elf/lib/libc.a(vsprintf.o)
                0x30001a50                vsprintf
                0x30001a04                _vsprintf_r
 .text          0x30001ab0     0x1f20 C:/cygwin/GNUARM-4.1.0/arm-elf/lib/libc.a(vfprintf.o)
                0x30001af0                _vfprintf_r
                0x300039a4                vfprintf
 .text          0x300039d0       0x80 C:/cygwin/GNUARM-4.1.0/arm-elf/lib/libc.a(wcrtomb.o)
                0x300039d0                _wcrtomb_r
                0x30003a24                wcrtomb
 .text          0x30003a50      0x178 C:/cygwin/GNUARM-4.1.0/arm-elf/lib/libc.a(wcsrtombs.o)
                0x30003a50                _wcsrtombs_r
                0x30003b88                wcsrtombs
 .text          0x30003bc8      0x420 C:/cygwin/GNUARM-4.1.0/arm-elf/lib/libc.a(wctomb_r.o)
                0x30003bc8                _wctomb_r
 .text          0x30003fe8       0xfc C:/cygwin/GNUARM-4.1.0/arm-elf/lib/libc.a(wsetup.o)
                0x30003fe8                __swsetup
 .text          0x300040e4     0x164c C:/cygwin/GNUARM-4.1.0/arm-elf/lib/libc.a(dtoa.o)
                0x300042e8                _dtoa_r
 .text          0x30005730       0xe0 C:/cygwin/GNUARM-4.1.0/arm-elf/lib/libc.a(fflush.o)
                0x30005730                fflush
 .text          0x30005810      0x27c C:/cygwin/GNUARM-4.1.0/arm-elf/lib/libc.a(findfp.o)
                0x3000587c                __sinit
                0x30005950                __sfmoreglue
                0x30005940                _cleanup
                0x30005934                _cleanup_r
                0x3000591c                __fp_lock_all
                0x3000586c                __sfp_lock_acquire
                0x300059a0                __sfp
                0x30005878                __sinit_lock_release
                0x30005904                __fp_unlock_all
                0x30005870                __sfp_lock_release
                0x30005874                __sinit_lock_acquire
 .text          0x30005a8c      0x39c C:/cygwin/GNUARM-4.1.0/arm-elf/lib/libc.a(freer.o)
                0x30005b88                _free_r
                0x30005a8c                _malloc_trim_r
 .text          0x30005e28      0x3f8 C:/cygwin/GNUARM-4.1.0/arm-elf/lib/libc.a(fvwrite.o)
                0x30005e28                __sfvwrite
 .text          0x30006220      0x10c C:/cygwin/GNUARM-4.1.0/arm-elf/lib/libc.a(fwalk.o)
                0x300062a8                _fwalk
                0x30006220                _fwalk_reent
 .text          0x3000632c       0xac C:/cygwin/GNUARM-4.1.0/arm-elf/lib/libc.a(locale.o)
                0x30006358                _setlocale_r
                0x3000632c                __locale_charset
                0x3000633c                _localeconv_r
                0x300063bc                setlocale
                0x30006348                localeconv
 .text          0x300063d8      0x154 C:/cygwin/GNUARM-4.1.0/arm-elf/lib/libc.a(makebuf.o)
                0x300063d8                __smakebuf
 .text          0x3000652c      0x770 C:/cygwin/GNUARM-4.1.0/arm-elf/lib/libc.a(mallocr.o)
                0x3000652c                _malloc_r
 .text          0x30006c9c      0x104 C:/cygwin/GNUARM-4.1.0/arm-elf/lib/libc.a(memchr.o)
                0x30006c9c                memchr
 .text          0x30006da0       0xa0 C:/cygwin/GNUARM-4.1.0/arm-elf/lib/libc.a(memcpy.o)
                0x30006da0                memcpy
 .text          0x30006e40       0xfc C:/cygwin/GNUARM-4.1.0/arm-elf/lib/libc.a(memmove.o)
                0x30006e40                memmove
 .text          0x30006f3c       0x98 C:/cygwin/GNUARM-4.1.0/arm-elf/lib/libc.a(memset.o)
                0x30006f3c                memset
 .text          0x30006fd4        0x8 C:/cygwin/GNUARM-4.1.0/arm-elf/lib/libc.a(mlock.o)
                0x30006fd8                __malloc_unlock
                0x30006fd4                __malloc_lock
 .text          0x30006fdc      0xbb0 C:/cygwin/GNUARM-4.1.0/arm-elf/lib/libc.a(mprec.o)
                0x300072d0                _mprec_log10
                0x30006ff8                _hi0bits
                0x3000731c                _Balloc
                0x300073b4                _d2b
                0x30007710                _multiply
                0x30007258                _ratio
                0x30007aac                _s2b
                0x300078d0                _i2b
                0x30007050                _lo0bits
                0x300070e4                __mcmp
                0x300079b8                _pow5mult
                0x30007144                _ulp
                0x300071a4                _b2d
                0x300078f0                _multadd
                0x300074e8                __mdiff
                0x3000761c                _lshift
                0x30006fdc                _Bfree
 .text          0x30007b8c      0x638 C:/cygwin/GNUARM-4.1.0/arm-elf/lib/libc.a(reallocr.o)
                0x30007b8c                _realloc_r
 .text          0x300081c4       0x3c C:/cygwin/GNUARM-4.1.0/arm-elf/lib/libc.a(s_isinf.o)
                0x300081c4                isinf
 .text          0x30008200       0x30 C:/cygwin/GNUARM-4.1.0/arm-elf/lib/libc.a(s_isnan.o)
                0x30008200                isnan
 .text          0x30008230       0x38 C:/cygwin/GNUARM-4.1.0/arm-elf/lib/libc.a(sbrkr.o)
                0x30008230                _sbrk_r
 .text          0x30008268      0x100 C:/cygwin/GNUARM-4.1.0/arm-elf/lib/libc.a(stdio.o)
                0x3000827c                __sseek
                0x30008324                __sread
                0x30008268                __sclose
                0x300082c4                __swrite
 .text          0x30008368       0xd0 C:/cygwin/GNUARM-4.1.0/arm-elf/lib/libc.a(strcmp.o)
                0x30008368                strcmp
 .text          0x30008438      0x708 C:/cygwin/GNUARM-4.1.0/arm-elf/lib/libc.a(syscalls.o)
                0x30008468                _getpid
                0x300085c4                initialise_monitor_handles
                0x30008484                isatty
                0x30008518                _fstat
                0x30008a1c                _open
                0x300084c4                _sbrk
                0x30008480                _raise
                0x30008680                _times
                0x30008a3c                _stat
                0x30008a8c                _lseek
                0x30008470                _link
                0x30008798                _swiwrite
                0x3000848c                _rename
                0x300087d4                _swilseek
                0x3000874c                _swiclose
                0x300088e8                _swiopen
                0x30008478                _unlink
                0x30008990                _write
                0x30008704                _kill
                0x300086bc                _gettimeofday
                0x30008ad8                _read
                0x3000872c                _exit
                0x300084a4                _system
                0x30008a9c                _swiread
                0x30008a0c                _close
 .text          0x30008b40       0x40 C:/cygwin/GNUARM-4.1.0/arm-elf/lib/libc.a(writer.o)
                0x30008b40                _write_r
 .text          0x30008b80       0xa0 C:/cygwin/GNUARM-4.1.0/arm-elf/lib/libc.a(callocr.o)
                0x30008b80                _calloc_r
 .text          0x30008c20       0x38 C:/cygwin/GNUARM-4.1.0/arm-elf/lib/libc.a(closer.o)
                0x30008c20                _close_r
 .text          0x30008c58       0x10 C:/cygwin/GNUARM-4.1.0/arm-elf/lib/libc.a(errno.o)
                0x30008c58                __errno
 .text          0x30008c68      0x128 C:/cygwin/GNUARM-4.1.0/arm-elf/lib/libc.a(fclose.o)
                0x30008c68                _fclose_r
                0x30008d7c                fclose
 .text          0x30008d90       0x3c C:/cygwin/GNUARM-4.1.0/arm-elf/lib/libc.a(fstatr.o)
                0x30008d90                _fstat_r
 .text          0x30008dcc       0x40 C:/cygwin/GNUARM-4.1.0/arm-elf/lib/libc.a(lseekr.o)
                0x30008dcc                _lseek_r
 .text          0x30008e0c       0x40 C:/cygwin/GNUARM-4.1.0/arm-elf/lib/libc.a(readr.o)
                0x30008e0c                _read_r
 .text          0x30008e4c      0x178 C:/cygwin/GNUARM-4.1.0/arm-elf/lib/libc.a(reent.o)
                0x30008ec4                cleanup_glue
                0x30008eec                _reclaim_reent
                0x30008e4c                _wrapup_reent
 .text          0x30008fc4      0x110 C:/cygwin/GNUARM-4.1.0/lib/gcc/arm-elf/4.1.0/libgcc.a(_udivsi3.o)
                0x30008fc4                __udivsi3
                0x30008fc4                __aeabi_uidiv
                0x300090bc                __aeabi_uidivmod
 .text          0x300090d4       0xcc C:/cygwin/GNUARM-4.1.0/lib/gcc/arm-elf/4.1.0/libgcc.a(_umodsi3.o)
                0x300090d4                __umodsi3
 .text          0x300091a0        0x4 C:/cygwin/GNUARM-4.1.0/lib/gcc/arm-elf/4.1.0/libgcc.a(_dvmd_tls.o)
                0x300091a0                __aeabi_ldiv0
                0x300091a0                __div0
                0x300091a0                __aeabi_idiv0
 .text          0x300091a4      0x400 C:/cygwin/GNUARM-4.1.0/lib/gcc/arm-elf/4.1.0/libgcc.a(_addsubdf3.o)
                0x30009538                __floatdidf
                0x300094b8                __floatsidf
                0x30009490                __aeabi_ui2d
                0x300091a4                __aeabi_drsub
                0x300094e4                __extendsfdf2
                0x300091b0                __adddf3
                0x30009490                __floatunsidf
                0x300091b0                __aeabi_dadd
                0x30009524                __aeabi_ul2d
                0x300091ac                __aeabi_dsub
                0x30009524                __floatundidf
                0x300094b8                __aeabi_i2d
                0x30009538                __aeabi_l2d
                0x300094e4                __aeabi_f2d
                0x300091ac                __subdf3
 .text          0x300095a4      0x470 C:/cygwin/GNUARM-4.1.0/lib/gcc/arm-elf/4.1.0/libgcc.a(_muldivdf3.o)
                0x30009810                __aeabi_ddiv
                0x300095a4                __aeabi_dmul
                0x30009810                __divdf3
                0x300095a4                __muldf3
 .text          0x30009a14      0x128 C:/cygwin/GNUARM-4.1.0/lib/gcc/arm-elf/4.1.0/libgcc.a(_cmpdf2.o)
                0x30009b00                __aeabi_dcmple
                0x30009a24                __cmpdf2
                0x30009a24                __eqdf2
                0x30009a14                __gtdf2
                0x30009ac4                __aeabi_cdcmple
                0x30009aa8                __aeabi_cdrcmple
                0x30009a1c                __ltdf2
                0x30009aec                __aeabi_dcmplt
                0x30009a1c                __ledf2
                0x30009b28                __aeabi_dcmpgt
                0x30009b14                __aeabi_dcmpge
                0x30009a24                __nedf2
                0x30009ad8                __aeabi_dcmpeq
                0x30009ac4                __aeabi_cdcmpeq
                0x30009a14                __gedf2
 .text          0x30009b3c       0x5c C:/cygwin/GNUARM-4.1.0/lib/gcc/arm-elf/4.1.0/libgcc.a(_fixdfsi.o)
                0x30009b3c                __fixdfsi
                0x30009b3c                __aeabi_d2iz
 .text          0x30009b98       0x54 C:/cygwin/GNUARM-4.1.0/lib/gcc/arm-elf/4.1.0/libgcc.a(_fixunsdfsi.o)
                0x30009b98                __fixunsdfsi
                0x30009b98                __aeabi_d2uiz
                0x30009bec                . = ALIGN (0x4)

.glue_7         0x30009bec        0x0

.glue_7t        0x30009bec        0x0

.rodata         0x30009bec    0x40000
                0x30009bec                rodata_start_addr = .
 *(.rodata)
 .rodata        0x30009bec       0x4c libc.o
 .rodata        0x30009c38    0x3fc64 Main.o
                0x30009c38                bicycle
 .rodata        0x3004989c       0x28 Uart.o
 .rodata        0x300498c4      0x101 C:/cygwin/GNUARM-4.1.0/arm-elf/lib/libc.a(ctype_.o)
                0x300498c4                _ctype_
 *fill*         0x300499c5        0x3 00
 .rodata        0x300499c8        0x4 C:/cygwin/GNUARM-4.1.0/arm-elf/lib/libc.a(impure.o)
                0x300499c8                _global_impure_ptr
 .rodata        0x300499cc       0x20 C:/cygwin/GNUARM-4.1.0/arm-elf/lib/libc.a(vfprintf.o)
 .rodata        0x300499ec       0x34 C:/cygwin/GNUARM-4.1.0/arm-elf/lib/libc.a(locale.o)
 .rodata        0x30049a20      0x124 C:/cygwin/GNUARM-4.1.0/arm-elf/lib/libc.a(mprec.o)
                0x30049b10                __mprec_tinytens
                0x30049a20                __mprec_tens
                0x30049ae8                __mprec_bigtens
 *(.rodata.*)
 .rodata.str1.4
                0x30049b44        0x2 C:/cygwin/GNUARM-4.1.0/arm-elf/lib/libc.a(impure.o)
                                  0x4 (size before relaxing)
 *fill*         0x30049b46        0x2 00
 .rodata.str1.4
                0x30049b48       0x63 C:/cygwin/GNUARM-4.1.0/arm-elf/lib/libc.a(vfprintf.o)
                                 0x64 (size before relaxing)
 *fill*         0x30049bab        0x1 00
 .rodata.str1.4
                0x30049bac       0x1e C:/cygwin/GNUARM-4.1.0/arm-elf/lib/libc.a(wctomb_r.o)
                                 0x20 (size before relaxing)
 *fill*         0x30049bca        0x2 00
 .rodata.str1.4
                0x30049bcc       0x10 C:/cygwin/GNUARM-4.1.0/arm-elf/lib/libc.a(dtoa.o)
                                 0x14 (size before relaxing)
 .rodata.str1.4
                0x30049bdc        0xb C:/cygwin/GNUARM-4.1.0/arm-elf/lib/libc.a(locale.o)
                                 0x18 (size before relaxing)
 *fill*         0x30049be7        0x1 00
 .rodata.str1.4
                0x30049be8        0x4 C:/cygwin/GNUARM-4.1.0/arm-elf/lib/libc.a(syscalls.o)
                0x30049bec                . = ALIGN (0x4)
                0x30049bec                rodata_end_addr = .

.data           0x30049bec      0x82c
                0x30049bec                data_start_addr = .
                0x30049bec                __DATA_START__ = .
 *(.data)
 .data          0x30049bec        0x4 libc.o
                0x30049bec                mallocPt
 .data          0x30049bf0        0x4 C:/cygwin/GNUARM-4.1.0/arm-elf/lib/libc.a(ctype_.o)
                0x30049bf0                __ctype_ptr
 .data          0x30049bf4      0x404 C:/cygwin/GNUARM-4.1.0/arm-elf/lib/libc.a(impure.o)
                0x30049bf4                _impure_ptr
 .data          0x30049ff8       0x10 C:/cygwin/GNUARM-4.1.0/arm-elf/lib/libc.a(locale.o)
                0x30049ff8                __mb_cur_max
                0x30049ffc                __lc_ctype
 .data          0x3004a008      0x410 C:/cygwin/GNUARM-4.1.0/arm-elf/lib/libc.a(mallocr.o)
                0x3004a414                __malloc_sbrk_base
                0x3004a008                __malloc_av_
                0x3004a410                __malloc_trim_threshold
 *(.data.*)
                0x3004a418                . = ALIGN (0x8)
                0x3004a418                data_end_addr = .
                0x3004a418                __DATA_END__ = .

.bss            0x3004a418       0xf8
                0x3004a418                bss_start_addr = .
                0x3004a418                __BSS_START__ = .
 *(.bss)
 .bss           0x3004a418        0x4 Main.o
                0x3004a418                bss_test
 .bss           0x3004a41c        0xc C:/cygwin/GNUARM-4.1.0/arm-elf/lib/libc.a(locale.o)
                0x3004a41c                __nlocale_changed
                0x3004a420                __mlocale_changed
                0x3004a424                _PathLocale
 .bss           0x3004a428       0x34 C:/cygwin/GNUARM-4.1.0/arm-elf/lib/libc.a(mallocr.o)
                0x3004a428                __malloc_top_pad
                0x3004a42c                __malloc_max_sbrked_mem
                0x3004a434                __malloc_current_mallinfo
                0x3004a430                __malloc_max_total_mem
 .bss           0x3004a45c       0xb0 C:/cygwin/GNUARM-4.1.0/arm-elf/lib/libc.a(syscalls.o)
 *(.bss.*)
 *(COMMON)
 COMMON         0x3004a50c        0x4 C:/cygwin/GNUARM-4.1.0/arm-elf/lib/libc.a(reent.o)
                0x3004a50c                errno
                0x3004a510                . = ALIGN (0x8)
                0x3004a510                bss_end_addr = .
                0x3004a510                __BSS_END__ = .
                0x3004a510                end = .
                0x3004a510                PROVIDE (end, .)

.int_vec        0x33ffff00       0x24
 s3c2450_startup.o(int_vect)
 int_vect       0x33ffff00       0x24 s3c2450_startup.o
LOAD s3c2450_startup.o
LOAD Lcd.o
LOAD libc.o
LOAD libs.o
LOAD Main.o
LOAD Uart.o
LOAD C:/cygwin/GNUARM-4.1.0/arm-elf/lib/libc.a
LOAD C:/cygwin/GNUARM-4.1.0/lib/gcc/arm-elf/4.1.0/libgcc.a
OUTPUT(MDS2450 elf32-littlearm)

.debug_line     0x00000000     0x46f1
 .debug_line    0x00000000       0x9e s3c2450_startup.o
 .debug_line    0x0000009e       0x62 Lcd.o
 .debug_line    0x00000100       0xb6 libc.o
 .debug_line    0x000001b6      0x110 libs.o
 .debug_line    0x000002c6       0x58 Main.o
 .debug_line    0x0000031e       0xb9 Uart.o
 .debug_line    0x000003d7       0xf1 C:/cygwin/GNUARM-4.1.0/arm-elf/lib/libc.a(atoi.o)
 .debug_line    0x000004c8       0xa9 C:/cygwin/GNUARM-4.1.0/arm-elf/lib/libc.a(strlen.o)
 .debug_line    0x00000571      0x16d C:/cygwin/GNUARM-4.1.0/arm-elf/lib/libc.a(strtol.o)
 .debug_line    0x000006de      0x151 C:/cygwin/GNUARM-4.1.0/arm-elf/lib/libc.a(vsprintf.o)
 .debug_line    0x0000082f       0x55 C:/cygwin/GNUARM-4.1.0/arm-elf/lib/libc.a(ctype_.o)
 .debug_line    0x00000884       0xdd C:/cygwin/GNUARM-4.1.0/arm-elf/lib/libc.a(impure.o)
 .debug_line    0x00000961      0x529 C:/cygwin/GNUARM-4.1.0/arm-elf/lib/libc.a(vfprintf.o)
 .debug_line    0x00000e8a      0x144 C:/cygwin/GNUARM-4.1.0/arm-elf/lib/libc.a(wcrtomb.o)
 .debug_line    0x00000fce      0x16a C:/cygwin/GNUARM-4.1.0/arm-elf/lib/libc.a(wcsrtombs.o)
 .debug_line    0x00001138      0x1f4 C:/cygwin/GNUARM-4.1.0/arm-elf/lib/libc.a(wctomb_r.o)
 .debug_line    0x0000132c      0x142 C:/cygwin/GNUARM-4.1.0/arm-elf/lib/libc.a(wsetup.o)
 .debug_line    0x0000146e      0x446 C:/cygwin/GNUARM-4.1.0/arm-elf/lib/libc.a(dtoa.o)
 .debug_line    0x000018b4      0x145 C:/cygwin/GNUARM-4.1.0/arm-elf/lib/libc.a(fflush.o)
 .debug_line    0x000019f9      0x1be C:/cygwin/GNUARM-4.1.0/arm-elf/lib/libc.a(findfp.o)
 .debug_line    0x00001bb7      0x1a5 C:/cygwin/GNUARM-4.1.0/arm-elf/lib/libc.a(freer.o)
 .debug_line    0x00001d5c      0x1dd C:/cygwin/GNUARM-4.1.0/arm-elf/lib/libc.a(fvwrite.o)
 .debug_line    0x00001f39      0x145 C:/cygwin/GNUARM-4.1.0/arm-elf/lib/libc.a(fwalk.o)
 .debug_line    0x0000207e      0x147 C:/cygwin/GNUARM-4.1.0/arm-elf/lib/libc.a(locale.o)
 .debug_line    0x000021c5      0x16f C:/cygwin/GNUARM-4.1.0/arm-elf/lib/libc.a(makebuf.o)
 .debug_line    0x00002334      0x226 C:/cygwin/GNUARM-4.1.0/arm-elf/lib/libc.a(mallocr.o)
 .debug_line    0x0000255a       0xda C:/cygwin/GNUARM-4.1.0/arm-elf/lib/libc.a(memchr.o)
 .debug_line    0x00002634       0xc5 C:/cygwin/GNUARM-4.1.0/arm-elf/lib/libc.a(memcpy.o)
 .debug_line    0x000026f9       0xd5 C:/cygwin/GNUARM-4.1.0/arm-elf/lib/libc.a(memmove.o)
 .debug_line    0x000027ce       0xcd C:/cygwin/GNUARM-4.1.0/arm-elf/lib/libc.a(memset.o)
 .debug_line    0x0000289b       0xef C:/cygwin/GNUARM-4.1.0/arm-elf/lib/libc.a(mlock.o)
 .debug_line    0x0000298a      0x3e1 C:/cygwin/GNUARM-4.1.0/arm-elf/lib/libc.a(mprec.o)
 .debug_line    0x00002d6b      0x1be C:/cygwin/GNUARM-4.1.0/arm-elf/lib/libc.a(reallocr.o)
 .debug_line    0x00002f29       0xed C:/cygwin/GNUARM-4.1.0/arm-elf/lib/libc.a(s_isinf.o)
 .debug_line    0x00003016       0xea C:/cygwin/GNUARM-4.1.0/arm-elf/lib/libc.a(s_isnan.o)
 .debug_line    0x00003100       0xf2 C:/cygwin/GNUARM-4.1.0/arm-elf/lib/libc.a(sbrkr.o)
 .debug_line    0x000031f2      0x163 C:/cygwin/GNUARM-4.1.0/arm-elf/lib/libc.a(stdio.o)
 .debug_line    0x00003355       0x7e C:/cygwin/GNUARM-4.1.0/arm-elf/lib/libc.a(strcmp.o)
 .debug_line    0x000033d3      0x2da C:/cygwin/GNUARM-4.1.0/arm-elf/lib/libc.a(syscalls.o)
 .debug_line    0x000036ad       0xf3 C:/cygwin/GNUARM-4.1.0/arm-elf/lib/libc.a(writer.o)
 .debug_line    0x000037a0       0xfb C:/cygwin/GNUARM-4.1.0/arm-elf/lib/libc.a(callocr.o)
 .debug_line    0x0000389b       0xf3 C:/cygwin/GNUARM-4.1.0/arm-elf/lib/libc.a(closer.o)
 .debug_line    0x0000398e       0xec C:/cygwin/GNUARM-4.1.0/arm-elf/lib/libc.a(errno.o)
 .debug_line    0x00003a7a      0x144 C:/cygwin/GNUARM-4.1.0/arm-elf/lib/libc.a(fclose.o)
 .debug_line    0x00003bbe      0x13c C:/cygwin/GNUARM-4.1.0/arm-elf/lib/libc.a(fstatr.o)
 .debug_line    0x00003cfa       0xf3 C:/cygwin/GNUARM-4.1.0/arm-elf/lib/libc.a(lseekr.o)
 .debug_line    0x00003ded       0xf2 C:/cygwin/GNUARM-4.1.0/arm-elf/lib/libc.a(readr.o)
 .debug_line    0x00003edf      0x120 C:/cygwin/GNUARM-4.1.0/arm-elf/lib/libc.a(reent.o)
 .debug_line    0x00003fff       0x86 C:/cygwin/GNUARM-4.1.0/lib/gcc/arm-elf/4.1.0/libgcc.a(_udivsi3.o)
 .debug_line    0x00004085       0x6f C:/cygwin/GNUARM-4.1.0/lib/gcc/arm-elf/4.1.0/libgcc.a(_umodsi3.o)
 .debug_line    0x000040f4       0x5a C:/cygwin/GNUARM-4.1.0/lib/gcc/arm-elf/4.1.0/libgcc.a(_dvmd_tls.o)
 .debug_line    0x0000414e      0x1e5 C:/cygwin/GNUARM-4.1.0/lib/gcc/arm-elf/4.1.0/libgcc.a(_addsubdf3.o)
 .debug_line    0x00004333      0x1f6 C:/cygwin/GNUARM-4.1.0/lib/gcc/arm-elf/4.1.0/libgcc.a(_muldivdf3.o)
 .debug_line    0x00004529       0xec C:/cygwin/GNUARM-4.1.0/lib/gcc/arm-elf/4.1.0/libgcc.a(_cmpdf2.o)
 .debug_line    0x00004615       0x6f C:/cygwin/GNUARM-4.1.0/lib/gcc/arm-elf/4.1.0/libgcc.a(_fixdfsi.o)
 .debug_line    0x00004684       0x6d C:/cygwin/GNUARM-4.1.0/lib/gcc/arm-elf/4.1.0/libgcc.a(_fixunsdfsi.o)

.debug_info     0x00000000    0x184ee
 .debug_info    0x00000000       0x60 s3c2450_startup.o
 .debug_info    0x00000060      0x21a Lcd.o
 .debug_info    0x0000027a      0x3a0 libc.o
 .debug_info    0x0000061a       0x55 libs.o
 .debug_info    0x0000066f      0x10c Main.o
 .debug_info    0x0000077b      0x333 Uart.o
 .debug_info    0x00000aae      0x945 C:/cygwin/GNUARM-4.1.0/arm-elf/lib/libc.a(atoi.o)
 .debug_info    0x000013f3       0xd4 C:/cygwin/GNUARM-4.1.0/arm-elf/lib/libc.a(strlen.o)
 .debug_info    0x000014c7      0xa0f C:/cygwin/GNUARM-4.1.0/arm-elf/lib/libc.a(strtol.o)
 .debug_info    0x00001ed6      0x9f3 C:/cygwin/GNUARM-4.1.0/arm-elf/lib/libc.a(vsprintf.o)
 .debug_info    0x000028c9       0x79 C:/cygwin/GNUARM-4.1.0/arm-elf/lib/libc.a(ctype_.o)
 .debug_info    0x00002942      0x922 C:/cygwin/GNUARM-4.1.0/arm-elf/lib/libc.a(impure.o)
 .debug_info    0x00003264     0x10ee C:/cygwin/GNUARM-4.1.0/arm-elf/lib/libc.a(vfprintf.o)
 .debug_info    0x00004352      0x9ef C:/cygwin/GNUARM-4.1.0/arm-elf/lib/libc.a(wcrtomb.o)
 .debug_info    0x00004d41      0xa84 C:/cygwin/GNUARM-4.1.0/arm-elf/lib/libc.a(wcsrtombs.o)
 .debug_info    0x000057c5      0x9f7 C:/cygwin/GNUARM-4.1.0/arm-elf/lib/libc.a(wctomb_r.o)
 .debug_info    0x000061bc      0x93a C:/cygwin/GNUARM-4.1.0/arm-elf/lib/libc.a(wsetup.o)
 .debug_info    0x00006af6      0xd61 C:/cygwin/GNUARM-4.1.0/arm-elf/lib/libc.a(dtoa.o)
 .debug_info    0x00007857      0x974 C:/cygwin/GNUARM-4.1.0/arm-elf/lib/libc.a(fflush.o)
 .debug_info    0x000081cb      0xb61 C:/cygwin/GNUARM-4.1.0/arm-elf/lib/libc.a(findfp.o)
 .debug_info    0x00008d2c      0xbb1 C:/cygwin/GNUARM-4.1.0/arm-elf/lib/libc.a(freer.o)
 .debug_info    0x000098dd      0xa5f C:/cygwin/GNUARM-4.1.0/arm-elf/lib/libc.a(fvwrite.o)
 .debug_info    0x0000a33c      0xad9 C:/cygwin/GNUARM-4.1.0/arm-elf/lib/libc.a(fwalk.o)
 .debug_info    0x0000ae15      0xb7e C:/cygwin/GNUARM-4.1.0/arm-elf/lib/libc.a(locale.o)
 .debug_info    0x0000b993      0xad9 C:/cygwin/GNUARM-4.1.0/arm-elf/lib/libc.a(makebuf.o)
 .debug_info    0x0000c46c      0xcba C:/cygwin/GNUARM-4.1.0/arm-elf/lib/libc.a(mallocr.o)
 .debug_info    0x0000d126      0x133 C:/cygwin/GNUARM-4.1.0/arm-elf/lib/libc.a(memchr.o)
 .debug_info    0x0000d259      0x10a C:/cygwin/GNUARM-4.1.0/arm-elf/lib/libc.a(memcpy.o)
 .debug_info    0x0000d363      0x13f C:/cygwin/GNUARM-4.1.0/arm-elf/lib/libc.a(memmove.o)
 .debug_info    0x0000d4a2      0x10e C:/cygwin/GNUARM-4.1.0/arm-elf/lib/libc.a(memset.o)
 .debug_info    0x0000d5b0      0x93c C:/cygwin/GNUARM-4.1.0/arm-elf/lib/libc.a(mlock.o)
 .debug_info    0x0000deec     0x1319 C:/cygwin/GNUARM-4.1.0/arm-elf/lib/libc.a(mprec.o)
 .debug_info    0x0000f205      0xbc7 C:/cygwin/GNUARM-4.1.0/arm-elf/lib/libc.a(reallocr.o)
 .debug_info    0x0000fdcc      0x153 C:/cygwin/GNUARM-4.1.0/arm-elf/lib/libc.a(s_isinf.o)
 .debug_info    0x0000ff1f      0x151 C:/cygwin/GNUARM-4.1.0/arm-elf/lib/libc.a(s_isnan.o)
 .debug_info    0x00010070      0x94e C:/cygwin/GNUARM-4.1.0/arm-elf/lib/libc.a(sbrkr.o)
 .debug_info    0x000109be      0xa70 C:/cygwin/GNUARM-4.1.0/arm-elf/lib/libc.a(stdio.o)
 .debug_info    0x0001142e       0xd8 C:/cygwin/GNUARM-4.1.0/arm-elf/lib/libc.a(strcmp.o)
 .debug_info    0x00011506     0x159c C:/cygwin/GNUARM-4.1.0/arm-elf/lib/libc.a(syscalls.o)
 .debug_info    0x00012aa2      0x981 C:/cygwin/GNUARM-4.1.0/arm-elf/lib/libc.a(writer.o)
 .debug_info    0x00013423      0xa01 C:/cygwin/GNUARM-4.1.0/arm-elf/lib/libc.a(callocr.o)
 .debug_info    0x00013e24      0x946 C:/cygwin/GNUARM-4.1.0/arm-elf/lib/libc.a(closer.o)
 .debug_info    0x0001476a      0x913 C:/cygwin/GNUARM-4.1.0/arm-elf/lib/libc.a(errno.o)
 .debug_info    0x0001507d      0x980 C:/cygwin/GNUARM-4.1.0/arm-elf/lib/libc.a(fclose.o)
 .debug_info    0x000159fd      0xabe C:/cygwin/GNUARM-4.1.0/arm-elf/lib/libc.a(fstatr.o)
 .debug_info    0x000164bb      0x96b C:/cygwin/GNUARM-4.1.0/arm-elf/lib/libc.a(lseekr.o)
 .debug_info    0x00016e26      0x97a C:/cygwin/GNUARM-4.1.0/arm-elf/lib/libc.a(readr.o)
 .debug_info    0x000177a0      0xa03 C:/cygwin/GNUARM-4.1.0/arm-elf/lib/libc.a(reent.o)
 .debug_info    0x000181a3       0x6a C:/cygwin/GNUARM-4.1.0/lib/gcc/arm-elf/4.1.0/libgcc.a(_udivsi3.o)
 .debug_info    0x0001820d       0x6a C:/cygwin/GNUARM-4.1.0/lib/gcc/arm-elf/4.1.0/libgcc.a(_umodsi3.o)
 .debug_info    0x00018277       0x6a C:/cygwin/GNUARM-4.1.0/lib/gcc/arm-elf/4.1.0/libgcc.a(_dvmd_tls.o)
 .debug_info    0x000182e1       0x69 C:/cygwin/GNUARM-4.1.0/lib/gcc/arm-elf/4.1.0/libgcc.a(_addsubdf3.o)
 .debug_info    0x0001834a       0x69 C:/cygwin/GNUARM-4.1.0/lib/gcc/arm-elf/4.1.0/libgcc.a(_muldivdf3.o)
 .debug_info    0x000183b3       0x69 C:/cygwin/GNUARM-4.1.0/lib/gcc/arm-elf/4.1.0/libgcc.a(_cmpdf2.o)
 .debug_info    0x0001841c       0x69 C:/cygwin/GNUARM-4.1.0/lib/gcc/arm-elf/4.1.0/libgcc.a(_fixdfsi.o)
 .debug_info    0x00018485       0x69 C:/cygwin/GNUARM-4.1.0/lib/gcc/arm-elf/4.1.0/libgcc.a(_fixunsdfsi.o)

.debug_abbrev   0x00000000     0x4561
 .debug_abbrev  0x00000000       0x14 s3c2450_startup.o
 .debug_abbrev  0x00000014       0x79 Lcd.o
 .debug_abbrev  0x0000008d      0x117 libc.o
 .debug_abbrev  0x000001a4       0x14 libs.o
 .debug_abbrev  0x000001b8       0x6f Main.o
 .debug_abbrev  0x00000227       0xdd Uart.o
 .debug_abbrev  0x00000304      0x176 C:/cygwin/GNUARM-4.1.0/arm-elf/lib/libc.a(atoi.o)
 .debug_abbrev  0x0000047a       0x8b C:/cygwin/GNUARM-4.1.0/arm-elf/lib/libc.a(strlen.o)
 .debug_abbrev  0x00000505      0x1bd C:/cygwin/GNUARM-4.1.0/arm-elf/lib/libc.a(strtol.o)
 .debug_abbrev  0x000006c2      0x18c C:/cygwin/GNUARM-4.1.0/arm-elf/lib/libc.a(vsprintf.o)
 .debug_abbrev  0x0000084e       0x52 C:/cygwin/GNUARM-4.1.0/arm-elf/lib/libc.a(ctype_.o)
 .debug_abbrev  0x000008a0      0x157 C:/cygwin/GNUARM-4.1.0/arm-elf/lib/libc.a(impure.o)
 .debug_abbrev  0x000009f7      0x367 C:/cygwin/GNUARM-4.1.0/arm-elf/lib/libc.a(vfprintf.o)
 .debug_abbrev  0x00000d5e      0x18e C:/cygwin/GNUARM-4.1.0/arm-elf/lib/libc.a(wcrtomb.o)
 .debug_abbrev  0x00000eec      0x1a4 C:/cygwin/GNUARM-4.1.0/arm-elf/lib/libc.a(wcsrtombs.o)
 .debug_abbrev  0x00001090      0x1ab C:/cygwin/GNUARM-4.1.0/arm-elf/lib/libc.a(wctomb_r.o)
 .debug_abbrev  0x0000123b      0x170 C:/cygwin/GNUARM-4.1.0/arm-elf/lib/libc.a(wsetup.o)
 .debug_abbrev  0x000013ab      0x223 C:/cygwin/GNUARM-4.1.0/arm-elf/lib/libc.a(dtoa.o)
 .debug_abbrev  0x000015ce      0x17f C:/cygwin/GNUARM-4.1.0/arm-elf/lib/libc.a(fflush.o)
 .debug_abbrev  0x0000174d      0x24c C:/cygwin/GNUARM-4.1.0/arm-elf/lib/libc.a(findfp.o)
 .debug_abbrev  0x00001999      0x1e8 C:/cygwin/GNUARM-4.1.0/arm-elf/lib/libc.a(freer.o)
 .debug_abbrev  0x00001b81      0x1b4 C:/cygwin/GNUARM-4.1.0/arm-elf/lib/libc.a(fvwrite.o)
 .debug_abbrev  0x00001d35      0x1ee C:/cygwin/GNUARM-4.1.0/arm-elf/lib/libc.a(fwalk.o)
 .debug_abbrev  0x00001f23      0x1de C:/cygwin/GNUARM-4.1.0/arm-elf/lib/libc.a(locale.o)
 .debug_abbrev  0x00002101      0x1a8 C:/cygwin/GNUARM-4.1.0/arm-elf/lib/libc.a(makebuf.o)
 .debug_abbrev  0x000022a9      0x225 C:/cygwin/GNUARM-4.1.0/arm-elf/lib/libc.a(mallocr.o)
 .debug_abbrev  0x000024ce       0xb5 C:/cygwin/GNUARM-4.1.0/arm-elf/lib/libc.a(memchr.o)
 .debug_abbrev  0x00002583       0xa6 C:/cygwin/GNUARM-4.1.0/arm-elf/lib/libc.a(memcpy.o)
 .debug_abbrev  0x00002629       0x99 C:/cygwin/GNUARM-4.1.0/arm-elf/lib/libc.a(memmove.o)
 .debug_abbrev  0x000026c2       0xa9 C:/cygwin/GNUARM-4.1.0/arm-elf/lib/libc.a(memset.o)
 .debug_abbrev  0x0000276b      0x16a C:/cygwin/GNUARM-4.1.0/arm-elf/lib/libc.a(mlock.o)
 .debug_abbrev  0x000028d5      0x280 C:/cygwin/GNUARM-4.1.0/arm-elf/lib/libc.a(mprec.o)
 .debug_abbrev  0x00002b55      0x1c3 C:/cygwin/GNUARM-4.1.0/arm-elf/lib/libc.a(reallocr.o)
 .debug_abbrev  0x00002d18       0xd4 C:/cygwin/GNUARM-4.1.0/arm-elf/lib/libc.a(s_isinf.o)
 .debug_abbrev  0x00002dec       0xd4 C:/cygwin/GNUARM-4.1.0/arm-elf/lib/libc.a(s_isnan.o)
 .debug_abbrev  0x00002ec0      0x18c C:/cygwin/GNUARM-4.1.0/arm-elf/lib/libc.a(sbrkr.o)
 .debug_abbrev  0x0000304c      0x1b4 C:/cygwin/GNUARM-4.1.0/arm-elf/lib/libc.a(stdio.o)
 .debug_abbrev  0x00003200       0x71 C:/cygwin/GNUARM-4.1.0/arm-elf/lib/libc.a(strcmp.o)
 .debug_abbrev  0x00003271      0x407 C:/cygwin/GNUARM-4.1.0/arm-elf/lib/libc.a(syscalls.o)
 .debug_abbrev  0x00003678      0x184 C:/cygwin/GNUARM-4.1.0/arm-elf/lib/libc.a(writer.o)
 .debug_abbrev  0x000037fc      0x1be C:/cygwin/GNUARM-4.1.0/arm-elf/lib/libc.a(callocr.o)
 .debug_abbrev  0x000039ba      0x17f C:/cygwin/GNUARM-4.1.0/arm-elf/lib/libc.a(closer.o)
 .debug_abbrev  0x00003b39      0x15f C:/cygwin/GNUARM-4.1.0/arm-elf/lib/libc.a(errno.o)
 .debug_abbrev  0x00003c98      0x1a7 C:/cygwin/GNUARM-4.1.0/arm-elf/lib/libc.a(fclose.o)
 .debug_abbrev  0x00003e3f      0x18e C:/cygwin/GNUARM-4.1.0/arm-elf/lib/libc.a(fstatr.o)
 .debug_abbrev  0x00003fcd      0x18c C:/cygwin/GNUARM-4.1.0/arm-elf/lib/libc.a(lseekr.o)
 .debug_abbrev  0x00004159      0x17f C:/cygwin/GNUARM-4.1.0/arm-elf/lib/libc.a(readr.o)
 .debug_abbrev  0x000042d8      0x1e9 C:/cygwin/GNUARM-4.1.0/arm-elf/lib/libc.a(reent.o)
 .debug_abbrev  0x000044c1       0x14 C:/cygwin/GNUARM-4.1.0/lib/gcc/arm-elf/4.1.0/libgcc.a(_udivsi3.o)
 .debug_abbrev  0x000044d5       0x14 C:/cygwin/GNUARM-4.1.0/lib/gcc/arm-elf/4.1.0/libgcc.a(_umodsi3.o)
 .debug_abbrev  0x000044e9       0x14 C:/cygwin/GNUARM-4.1.0/lib/gcc/arm-elf/4.1.0/libgcc.a(_dvmd_tls.o)
 .debug_abbrev  0x000044fd       0x14 C:/cygwin/GNUARM-4.1.0/lib/gcc/arm-elf/4.1.0/libgcc.a(_addsubdf3.o)
 .debug_abbrev  0x00004511       0x14 C:/cygwin/GNUARM-4.1.0/lib/gcc/arm-elf/4.1.0/libgcc.a(_muldivdf3.o)
 .debug_abbrev  0x00004525       0x14 C:/cygwin/GNUARM-4.1.0/lib/gcc/arm-elf/4.1.0/libgcc.a(_cmpdf2.o)
 .debug_abbrev  0x00004539       0x14 C:/cygwin/GNUARM-4.1.0/lib/gcc/arm-elf/4.1.0/libgcc.a(_fixdfsi.o)
 .debug_abbrev  0x0000454d       0x14 C:/cygwin/GNUARM-4.1.0/lib/gcc/arm-elf/4.1.0/libgcc.a(_fixunsdfsi.o)

.debug_aranges  0x00000000      0x6c0
 .debug_aranges
                0x00000000       0x20 s3c2450_startup.o
 .debug_aranges
                0x00000020       0x20 Lcd.o
 .debug_aranges
                0x00000040       0x20 libc.o
 .debug_aranges
                0x00000060       0x20 libs.o
 .debug_aranges
                0x00000080       0x20 Main.o
 .debug_aranges
                0x000000a0       0x20 Uart.o
 .debug_aranges
                0x000000c0       0x20 C:/cygwin/GNUARM-4.1.0/arm-elf/lib/libc.a(atoi.o)
 .debug_aranges
                0x000000e0       0x20 C:/cygwin/GNUARM-4.1.0/arm-elf/lib/libc.a(strlen.o)
 .debug_aranges
                0x00000100       0x20 C:/cygwin/GNUARM-4.1.0/arm-elf/lib/libc.a(strtol.o)
 .debug_aranges
                0x00000120       0x20 C:/cygwin/GNUARM-4.1.0/arm-elf/lib/libc.a(vsprintf.o)
 .debug_aranges
                0x00000140       0x20 C:/cygwin/GNUARM-4.1.0/arm-elf/lib/libc.a(vfprintf.o)
 .debug_aranges
                0x00000160       0x20 C:/cygwin/GNUARM-4.1.0/arm-elf/lib/libc.a(wcrtomb.o)
 .debug_aranges
                0x00000180       0x20 C:/cygwin/GNUARM-4.1.0/arm-elf/lib/libc.a(wcsrtombs.o)
 .debug_aranges
                0x000001a0       0x20 C:/cygwin/GNUARM-4.1.0/arm-elf/lib/libc.a(wctomb_r.o)
 .debug_aranges
                0x000001c0       0x20 C:/cygwin/GNUARM-4.1.0/arm-elf/lib/libc.a(wsetup.o)
 .debug_aranges
                0x000001e0       0x20 C:/cygwin/GNUARM-4.1.0/arm-elf/lib/libc.a(dtoa.o)
 .debug_aranges
                0x00000200       0x20 C:/cygwin/GNUARM-4.1.0/arm-elf/lib/libc.a(fflush.o)
 .debug_aranges
                0x00000220       0x20 C:/cygwin/GNUARM-4.1.0/arm-elf/lib/libc.a(findfp.o)
 .debug_aranges
                0x00000240       0x20 C:/cygwin/GNUARM-4.1.0/arm-elf/lib/libc.a(freer.o)
 .debug_aranges
                0x00000260       0x20 C:/cygwin/GNUARM-4.1.0/arm-elf/lib/libc.a(fvwrite.o)
 .debug_aranges
                0x00000280       0x20 C:/cygwin/GNUARM-4.1.0/arm-elf/lib/libc.a(fwalk.o)
 .debug_aranges
                0x000002a0       0x20 C:/cygwin/GNUARM-4.1.0/arm-elf/lib/libc.a(locale.o)
 .debug_aranges
                0x000002c0       0x20 C:/cygwin/GNUARM-4.1.0/arm-elf/lib/libc.a(makebuf.o)
 .debug_aranges
                0x000002e0       0x20 C:/cygwin/GNUARM-4.1.0/arm-elf/lib/libc.a(mallocr.o)
 .debug_aranges
                0x00000300       0x20 C:/cygwin/GNUARM-4.1.0/arm-elf/lib/libc.a(memchr.o)
 .debug_aranges
                0x00000320       0x20 C:/cygwin/GNUARM-4.1.0/arm-elf/lib/libc.a(memcpy.o)
 .debug_aranges
                0x00000340       0x20 C:/cygwin/GNUARM-4.1.0/arm-elf/lib/libc.a(memmove.o)
 .debug_aranges
                0x00000360       0x20 C:/cygwin/GNUARM-4.1.0/arm-elf/lib/libc.a(memset.o)
 .debug_aranges
                0x00000380       0x20 C:/cygwin/GNUARM-4.1.0/arm-elf/lib/libc.a(mlock.o)
 .debug_aranges
                0x000003a0       0x20 C:/cygwin/GNUARM-4.1.0/arm-elf/lib/libc.a(mprec.o)
 .debug_aranges
                0x000003c0       0x20 C:/cygwin/GNUARM-4.1.0/arm-elf/lib/libc.a(reallocr.o)
 .debug_aranges
                0x000003e0       0x20 C:/cygwin/GNUARM-4.1.0/arm-elf/lib/libc.a(s_isinf.o)
 .debug_aranges
                0x00000400       0x20 C:/cygwin/GNUARM-4.1.0/arm-elf/lib/libc.a(s_isnan.o)
 .debug_aranges
                0x00000420       0x20 C:/cygwin/GNUARM-4.1.0/arm-elf/lib/libc.a(sbrkr.o)
 .debug_aranges
                0x00000440       0x20 C:/cygwin/GNUARM-4.1.0/arm-elf/lib/libc.a(stdio.o)
 .debug_aranges
                0x00000460       0x20 C:/cygwin/GNUARM-4.1.0/arm-elf/lib/libc.a(strcmp.o)
 .debug_aranges
                0x00000480       0x20 C:/cygwin/GNUARM-4.1.0/arm-elf/lib/libc.a(syscalls.o)
 .debug_aranges
                0x000004a0       0x20 C:/cygwin/GNUARM-4.1.0/arm-elf/lib/libc.a(writer.o)
 .debug_aranges
                0x000004c0       0x20 C:/cygwin/GNUARM-4.1.0/arm-elf/lib/libc.a(callocr.o)
 .debug_aranges
                0x000004e0       0x20 C:/cygwin/GNUARM-4.1.0/arm-elf/lib/libc.a(closer.o)
 .debug_aranges
                0x00000500       0x20 C:/cygwin/GNUARM-4.1.0/arm-elf/lib/libc.a(errno.o)
 .debug_aranges
                0x00000520       0x20 C:/cygwin/GNUARM-4.1.0/arm-elf/lib/libc.a(fclose.o)
 .debug_aranges
                0x00000540       0x20 C:/cygwin/GNUARM-4.1.0/arm-elf/lib/libc.a(fstatr.o)
 .debug_aranges
                0x00000560       0x20 C:/cygwin/GNUARM-4.1.0/arm-elf/lib/libc.a(lseekr.o)
 .debug_aranges
                0x00000580       0x20 C:/cygwin/GNUARM-4.1.0/arm-elf/lib/libc.a(readr.o)
 .debug_aranges
                0x000005a0       0x20 C:/cygwin/GNUARM-4.1.0/arm-elf/lib/libc.a(reent.o)
 .debug_aranges
                0x000005c0       0x20 C:/cygwin/GNUARM-4.1.0/lib/gcc/arm-elf/4.1.0/libgcc.a(_udivsi3.o)
 .debug_aranges
                0x000005e0       0x20 C:/cygwin/GNUARM-4.1.0/lib/gcc/arm-elf/4.1.0/libgcc.a(_umodsi3.o)
 .debug_aranges
                0x00000600       0x20 C:/cygwin/GNUARM-4.1.0/lib/gcc/arm-elf/4.1.0/libgcc.a(_dvmd_tls.o)
 .debug_aranges
                0x00000620       0x20 C:/cygwin/GNUARM-4.1.0/lib/gcc/arm-elf/4.1.0/libgcc.a(_addsubdf3.o)
 .debug_aranges
                0x00000640       0x20 C:/cygwin/GNUARM-4.1.0/lib/gcc/arm-elf/4.1.0/libgcc.a(_muldivdf3.o)
 .debug_aranges
                0x00000660       0x20 C:/cygwin/GNUARM-4.1.0/lib/gcc/arm-elf/4.1.0/libgcc.a(_cmpdf2.o)
 .debug_aranges
                0x00000680       0x20 C:/cygwin/GNUARM-4.1.0/lib/gcc/arm-elf/4.1.0/libgcc.a(_fixdfsi.o)
 .debug_aranges
                0x000006a0       0x20 C:/cygwin/GNUARM-4.1.0/lib/gcc/arm-elf/4.1.0/libgcc.a(_fixunsdfsi.o)

.debug_frame    0x00000000     0x12a8
 .debug_frame   0x00000000       0xf0 Lcd.o
 .debug_frame   0x000000f0      0x190 libc.o
 .debug_frame   0x00000280       0x30 Main.o
 .debug_frame   0x000002b0      0x15c Uart.o
 .debug_frame   0x0000040c       0x30 C:/cygwin/GNUARM-4.1.0/arm-elf/lib/libc.a(atoi.o)
 .debug_frame   0x0000043c       0x20 C:/cygwin/GNUARM-4.1.0/arm-elf/lib/libc.a(strlen.o)
 .debug_frame   0x0000045c       0x50 C:/cygwin/GNUARM-4.1.0/arm-elf/lib/libc.a(strtol.o)
 .debug_frame   0x000004ac       0x48 C:/cygwin/GNUARM-4.1.0/arm-elf/lib/libc.a(vsprintf.o)
 .debug_frame   0x000004f4       0x6c C:/cygwin/GNUARM-4.1.0/arm-elf/lib/libc.a(vfprintf.o)
 .debug_frame   0x00000560       0x44 C:/cygwin/GNUARM-4.1.0/arm-elf/lib/libc.a(wcrtomb.o)
 .debug_frame   0x000005a4       0x54 C:/cygwin/GNUARM-4.1.0/arm-elf/lib/libc.a(wcsrtombs.o)
 .debug_frame   0x000005f8       0x30 C:/cygwin/GNUARM-4.1.0/arm-elf/lib/libc.a(wctomb_r.o)
 .debug_frame   0x00000628       0x2c C:/cygwin/GNUARM-4.1.0/arm-elf/lib/libc.a(wsetup.o)
 .debug_frame   0x00000654       0x60 C:/cygwin/GNUARM-4.1.0/arm-elf/lib/libc.a(dtoa.o)
 .debug_frame   0x000006b4       0x2c C:/cygwin/GNUARM-4.1.0/arm-elf/lib/libc.a(fflush.o)
 .debug_frame   0x000006e0      0x114 C:/cygwin/GNUARM-4.1.0/arm-elf/lib/libc.a(findfp.o)
 .debug_frame   0x000007f4       0x54 C:/cygwin/GNUARM-4.1.0/arm-elf/lib/libc.a(freer.o)
 .debug_frame   0x00000848       0x38 C:/cygwin/GNUARM-4.1.0/arm-elf/lib/libc.a(fvwrite.o)
 .debug_frame   0x00000880       0x58 C:/cygwin/GNUARM-4.1.0/arm-elf/lib/libc.a(fwalk.o)
 .debug_frame   0x000008d8       0x6c C:/cygwin/GNUARM-4.1.0/arm-elf/lib/libc.a(locale.o)
 .debug_frame   0x00000944       0x30 C:/cygwin/GNUARM-4.1.0/arm-elf/lib/libc.a(makebuf.o)
 .debug_frame   0x00000974       0x38 C:/cygwin/GNUARM-4.1.0/arm-elf/lib/libc.a(mallocr.o)
 .debug_frame   0x000009ac       0x28 C:/cygwin/GNUARM-4.1.0/arm-elf/lib/libc.a(memchr.o)
 .debug_frame   0x000009d4       0x28 C:/cygwin/GNUARM-4.1.0/arm-elf/lib/libc.a(memcpy.o)
 .debug_frame   0x000009fc       0x28 C:/cygwin/GNUARM-4.1.0/arm-elf/lib/libc.a(memmove.o)
 .debug_frame   0x00000a24       0x20 C:/cygwin/GNUARM-4.1.0/arm-elf/lib/libc.a(memset.o)
 .debug_frame   0x00000a44       0x30 C:/cygwin/GNUARM-4.1.0/arm-elf/lib/libc.a(mlock.o)
 .debug_frame   0x00000a74      0x1f0 C:/cygwin/GNUARM-4.1.0/arm-elf/lib/libc.a(mprec.o)
 .debug_frame   0x00000c64       0x38 C:/cygwin/GNUARM-4.1.0/arm-elf/lib/libc.a(reallocr.o)
 .debug_frame   0x00000c9c       0x28 C:/cygwin/GNUARM-4.1.0/arm-elf/lib/libc.a(s_isinf.o)
 .debug_frame   0x00000cc4       0x28 C:/cygwin/GNUARM-4.1.0/arm-elf/lib/libc.a(s_isnan.o)
 .debug_frame   0x00000cec       0x2c C:/cygwin/GNUARM-4.1.0/arm-elf/lib/libc.a(sbrkr.o)
 .debug_frame   0x00000d18       0x70 C:/cygwin/GNUARM-4.1.0/arm-elf/lib/libc.a(stdio.o)
 .debug_frame   0x00000d88       0x20 C:/cygwin/GNUARM-4.1.0/arm-elf/lib/libc.a(strcmp.o)
 .debug_frame   0x00000da8      0x2e8 C:/cygwin/GNUARM-4.1.0/arm-elf/lib/libc.a(syscalls.o)
 .debug_frame   0x00001090       0x2c C:/cygwin/GNUARM-4.1.0/arm-elf/lib/libc.a(writer.o)
 .debug_frame   0x000010bc       0x28 C:/cygwin/GNUARM-4.1.0/arm-elf/lib/libc.a(callocr.o)
 .debug_frame   0x000010e4       0x2c C:/cygwin/GNUARM-4.1.0/arm-elf/lib/libc.a(closer.o)
 .debug_frame   0x00001110       0x20 C:/cygwin/GNUARM-4.1.0/arm-elf/lib/libc.a(errno.o)
 .debug_frame   0x00001130       0x3c C:/cygwin/GNUARM-4.1.0/arm-elf/lib/libc.a(fclose.o)
 .debug_frame   0x0000116c       0x2c C:/cygwin/GNUARM-4.1.0/arm-elf/lib/libc.a(fstatr.o)
 .debug_frame   0x00001198       0x2c C:/cygwin/GNUARM-4.1.0/arm-elf/lib/libc.a(lseekr.o)
 .debug_frame   0x000011c4       0x2c C:/cygwin/GNUARM-4.1.0/arm-elf/lib/libc.a(readr.o)
 .debug_frame   0x000011f0       0x68 C:/cygwin/GNUARM-4.1.0/arm-elf/lib/libc.a(reent.o)
 .debug_frame   0x00001258       0x28 C:/cygwin/GNUARM-4.1.0/lib/gcc/arm-elf/4.1.0/libgcc.a(_udivsi3.o)
 .debug_frame   0x00001280       0x28 C:/cygwin/GNUARM-4.1.0/lib/gcc/arm-elf/4.1.0/libgcc.a(_umodsi3.o)

.debug_loc      0x00000000     0x8406
 .debug_loc     0x00000000      0x126 Lcd.o
 .debug_loc     0x00000126      0x1f8 libc.o
 .debug_loc     0x0000031e       0x2a Main.o
 .debug_loc     0x00000348      0x1a4 Uart.o
 .debug_loc     0x000004ec       0x39 C:/cygwin/GNUARM-4.1.0/arm-elf/lib/libc.a(atoi.o)
 .debug_loc     0x00000525       0x47 C:/cygwin/GNUARM-4.1.0/arm-elf/lib/libc.a(strlen.o)
 .debug_loc     0x0000056c      0x20b C:/cygwin/GNUARM-4.1.0/arm-elf/lib/libc.a(strtol.o)
 .debug_loc     0x00000777      0x109 C:/cygwin/GNUARM-4.1.0/arm-elf/lib/libc.a(vsprintf.o)
 .debug_loc     0x00000880     0x1b8d C:/cygwin/GNUARM-4.1.0/arm-elf/lib/libc.a(vfprintf.o)
 .debug_loc     0x0000240d      0x145 C:/cygwin/GNUARM-4.1.0/arm-elf/lib/libc.a(wcrtomb.o)
 .debug_loc     0x00002552      0x2b2 C:/cygwin/GNUARM-4.1.0/arm-elf/lib/libc.a(wcsrtombs.o)
 .debug_loc     0x00002804      0x248 C:/cygwin/GNUARM-4.1.0/arm-elf/lib/libc.a(wctomb_r.o)
 .debug_loc     0x00002a4c       0x3d C:/cygwin/GNUARM-4.1.0/arm-elf/lib/libc.a(wsetup.o)
 .debug_loc     0x00002a89     0x1665 C:/cygwin/GNUARM-4.1.0/arm-elf/lib/libc.a(dtoa.o)
 .debug_loc     0x000040ee       0xad C:/cygwin/GNUARM-4.1.0/arm-elf/lib/libc.a(fflush.o)
 .debug_loc     0x0000419b      0x20c C:/cygwin/GNUARM-4.1.0/arm-elf/lib/libc.a(findfp.o)
 .debug_loc     0x000043a7      0x38f C:/cygwin/GNUARM-4.1.0/arm-elf/lib/libc.a(freer.o)
 .debug_loc     0x00004736      0x328 C:/cygwin/GNUARM-4.1.0/arm-elf/lib/libc.a(fvwrite.o)
 .debug_loc     0x00004a5e      0x17b C:/cygwin/GNUARM-4.1.0/arm-elf/lib/libc.a(fwalk.o)
 .debug_loc     0x00004bd9       0xe9 C:/cygwin/GNUARM-4.1.0/arm-elf/lib/libc.a(locale.o)
 .debug_loc     0x00004cc2       0xa7 C:/cygwin/GNUARM-4.1.0/arm-elf/lib/libc.a(makebuf.o)
 .debug_loc     0x00004d69      0x795 C:/cygwin/GNUARM-4.1.0/arm-elf/lib/libc.a(mallocr.o)
 .debug_loc     0x000054fe      0x193 C:/cygwin/GNUARM-4.1.0/arm-elf/lib/libc.a(memchr.o)
 .debug_loc     0x00005691       0xdb C:/cygwin/GNUARM-4.1.0/arm-elf/lib/libc.a(memcpy.o)
 .debug_loc     0x0000576c      0x151 C:/cygwin/GNUARM-4.1.0/arm-elf/lib/libc.a(memmove.o)
 .debug_loc     0x000058bd       0xa9 C:/cygwin/GNUARM-4.1.0/arm-elf/lib/libc.a(memset.o)
 .debug_loc     0x00005966      0xffc C:/cygwin/GNUARM-4.1.0/arm-elf/lib/libc.a(mprec.o)
 .debug_loc     0x00006962      0x922 C:/cygwin/GNUARM-4.1.0/arm-elf/lib/libc.a(reallocr.o)
 .debug_loc     0x00007284       0x6d C:/cygwin/GNUARM-4.1.0/arm-elf/lib/libc.a(s_isinf.o)
 .debug_loc     0x000072f1       0x4f C:/cygwin/GNUARM-4.1.0/arm-elf/lib/libc.a(s_isnan.o)
 .debug_loc     0x00007340       0x50 C:/cygwin/GNUARM-4.1.0/arm-elf/lib/libc.a(sbrkr.o)
 .debug_loc     0x00007390      0x1a4 C:/cygwin/GNUARM-4.1.0/arm-elf/lib/libc.a(stdio.o)
 .debug_loc     0x00007534       0xaf C:/cygwin/GNUARM-4.1.0/arm-elf/lib/libc.a(strcmp.o)
 .debug_loc     0x000075e3      0x894 C:/cygwin/GNUARM-4.1.0/arm-elf/lib/libc.a(syscalls.o)
 .debug_loc     0x00007e77       0xaa C:/cygwin/GNUARM-4.1.0/arm-elf/lib/libc.a(writer.o)
 .debug_loc     0x00007f21       0xd6 C:/cygwin/GNUARM-4.1.0/arm-elf/lib/libc.a(callocr.o)
 .debug_loc     0x00007ff7       0x63 C:/cygwin/GNUARM-4.1.0/arm-elf/lib/libc.a(closer.o)
 .debug_loc     0x0000805a       0xa2 C:/cygwin/GNUARM-4.1.0/arm-elf/lib/libc.a(fclose.o)
 .debug_loc     0x000080fc       0x81 C:/cygwin/GNUARM-4.1.0/arm-elf/lib/libc.a(fstatr.o)
 .debug_loc     0x0000817d       0x97 C:/cygwin/GNUARM-4.1.0/arm-elf/lib/libc.a(lseekr.o)
 .debug_loc     0x00008214       0xaa C:/cygwin/GNUARM-4.1.0/arm-elf/lib/libc.a(readr.o)
 .debug_loc     0x000082be      0x148 C:/cygwin/GNUARM-4.1.0/arm-elf/lib/libc.a(reent.o)

.debug_pubnames
                0x00000000      0xcab
 .debug_pubnames
                0x00000000       0x8e Lcd.o
 .debug_pubnames
                0x0000008e       0xcc libc.o
 .debug_pubnames
                0x0000015a       0x34 Main.o
 .debug_pubnames
                0x0000018e       0xbf Uart.o
 .debug_pubnames
                0x0000024d       0x27 C:/cygwin/GNUARM-4.1.0/arm-elf/lib/libc.a(atoi.o)
 .debug_pubnames
                0x00000274       0x1d C:/cygwin/GNUARM-4.1.0/arm-elf/lib/libc.a(strlen.o)
 .debug_pubnames
                0x00000291       0x2b C:/cygwin/GNUARM-4.1.0/arm-elf/lib/libc.a(strtol.o)
 .debug_pubnames
                0x000002bc       0x2f C:/cygwin/GNUARM-4.1.0/arm-elf/lib/libc.a(vsprintf.o)
 .debug_pubnames
                0x000002eb       0x2e C:/cygwin/GNUARM-4.1.0/arm-elf/lib/libc.a(ctype_.o)
 .debug_pubnames
                0x00000319       0x39 C:/cygwin/GNUARM-4.1.0/arm-elf/lib/libc.a(impure.o)
 .debug_pubnames
                0x00000352       0x2f C:/cygwin/GNUARM-4.1.0/arm-elf/lib/libc.a(vfprintf.o)
 .debug_pubnames
                0x00000381       0x2d C:/cygwin/GNUARM-4.1.0/arm-elf/lib/libc.a(wcrtomb.o)
 .debug_pubnames
                0x000003ae       0x31 C:/cygwin/GNUARM-4.1.0/arm-elf/lib/libc.a(wcsrtombs.o)
 .debug_pubnames
                0x000003df       0x20 C:/cygwin/GNUARM-4.1.0/arm-elf/lib/libc.a(wctomb_r.o)
 .debug_pubnames
                0x000003ff       0x20 C:/cygwin/GNUARM-4.1.0/arm-elf/lib/libc.a(wsetup.o)
 .debug_pubnames
                0x0000041f       0x1e C:/cygwin/GNUARM-4.1.0/arm-elf/lib/libc.a(dtoa.o)
 .debug_pubnames
                0x0000043d       0x1d C:/cygwin/GNUARM-4.1.0/arm-elf/lib/libc.a(fflush.o)
 .debug_pubnames
                0x0000045a       0xdb C:/cygwin/GNUARM-4.1.0/arm-elf/lib/libc.a(findfp.o)
 .debug_pubnames
                0x00000535       0x31 C:/cygwin/GNUARM-4.1.0/arm-elf/lib/libc.a(freer.o)
 .debug_pubnames
                0x00000566       0x21 C:/cygwin/GNUARM-4.1.0/arm-elf/lib/libc.a(fvwrite.o)
 .debug_pubnames
                0x00000587       0x2e C:/cygwin/GNUARM-4.1.0/arm-elf/lib/libc.a(fwalk.o)
 .debug_pubnames
                0x000005b5       0xc3 C:/cygwin/GNUARM-4.1.0/arm-elf/lib/libc.a(locale.o)
 .debug_pubnames
                0x00000678       0x21 C:/cygwin/GNUARM-4.1.0/arm-elf/lib/libc.a(makebuf.o)
 .debug_pubnames
                0x00000699       0xce C:/cygwin/GNUARM-4.1.0/arm-elf/lib/libc.a(mallocr.o)
 .debug_pubnames
                0x00000767       0x1d C:/cygwin/GNUARM-4.1.0/arm-elf/lib/libc.a(memchr.o)
 .debug_pubnames
                0x00000784       0x1d C:/cygwin/GNUARM-4.1.0/arm-elf/lib/libc.a(memcpy.o)
 .debug_pubnames
                0x000007a1       0x1e C:/cygwin/GNUARM-4.1.0/arm-elf/lib/libc.a(memmove.o)
 .debug_pubnames
                0x000007bf       0x1d C:/cygwin/GNUARM-4.1.0/arm-elf/lib/libc.a(memset.o)
 .debug_pubnames
                0x000007dc       0x38 C:/cygwin/GNUARM-4.1.0/arm-elf/lib/libc.a(mlock.o)
 .debug_pubnames
                0x00000814      0x112 C:/cygwin/GNUARM-4.1.0/arm-elf/lib/libc.a(mprec.o)
 .debug_pubnames
                0x00000926       0x21 C:/cygwin/GNUARM-4.1.0/arm-elf/lib/libc.a(reallocr.o)
 .debug_pubnames
                0x00000947       0x1c C:/cygwin/GNUARM-4.1.0/arm-elf/lib/libc.a(s_isinf.o)
 .debug_pubnames
                0x00000963       0x1c C:/cygwin/GNUARM-4.1.0/arm-elf/lib/libc.a(s_isnan.o)
 .debug_pubnames
                0x0000097f       0x1e C:/cygwin/GNUARM-4.1.0/arm-elf/lib/libc.a(sbrkr.o)
 .debug_pubnames
                0x0000099d       0x44 C:/cygwin/GNUARM-4.1.0/arm-elf/lib/libc.a(stdio.o)
 .debug_pubnames
                0x000009e1       0x1d C:/cygwin/GNUARM-4.1.0/arm-elf/lib/libc.a(strcmp.o)
 .debug_pubnames
                0x000009fe      0x158 C:/cygwin/GNUARM-4.1.0/arm-elf/lib/libc.a(syscalls.o)
 .debug_pubnames
                0x00000b56       0x1f C:/cygwin/GNUARM-4.1.0/arm-elf/lib/libc.a(writer.o)
 .debug_pubnames
                0x00000b75       0x20 C:/cygwin/GNUARM-4.1.0/arm-elf/lib/libc.a(callocr.o)
 .debug_pubnames
                0x00000b95       0x1f C:/cygwin/GNUARM-4.1.0/arm-elf/lib/libc.a(closer.o)
 .debug_pubnames
                0x00000bb4       0x1e C:/cygwin/GNUARM-4.1.0/arm-elf/lib/libc.a(errno.o)
 .debug_pubnames
                0x00000bd2       0x2b C:/cygwin/GNUARM-4.1.0/arm-elf/lib/libc.a(fclose.o)
 .debug_pubnames
                0x00000bfd       0x1f C:/cygwin/GNUARM-4.1.0/arm-elf/lib/libc.a(fstatr.o)
 .debug_pubnames
                0x00000c1c       0x1f C:/cygwin/GNUARM-4.1.0/arm-elf/lib/libc.a(lseekr.o)
 .debug_pubnames
                0x00000c3b       0x1e C:/cygwin/GNUARM-4.1.0/arm-elf/lib/libc.a(readr.o)
 .debug_pubnames
                0x00000c59       0x52 C:/cygwin/GNUARM-4.1.0/arm-elf/lib/libc.a(reent.o)

.comment        0x00000000      0x33c
 .comment       0x00000000       0x12 Lcd.o
 .comment       0x00000012       0x12 libc.o
 .comment       0x00000024       0x12 Main.o
 .comment       0x00000036       0x12 Uart.o
 .comment       0x00000048       0x12 C:/cygwin/GNUARM-4.1.0/arm-elf/lib/libc.a(atoi.o)
 .comment       0x0000005a       0x12 C:/cygwin/GNUARM-4.1.0/arm-elf/lib/libc.a(strlen.o)
 .comment       0x0000006c       0x12 C:/cygwin/GNUARM-4.1.0/arm-elf/lib/libc.a(strtol.o)
 .comment       0x0000007e       0x12 C:/cygwin/GNUARM-4.1.0/arm-elf/lib/libc.a(vsprintf.o)
 .comment       0x00000090       0x12 C:/cygwin/GNUARM-4.1.0/arm-elf/lib/libc.a(ctype_.o)
 .comment       0x000000a2       0x12 C:/cygwin/GNUARM-4.1.0/arm-elf/lib/libc.a(impure.o)
 .comment       0x000000b4       0x12 C:/cygwin/GNUARM-4.1.0/arm-elf/lib/libc.a(vfprintf.o)
 .comment       0x000000c6       0x12 C:/cygwin/GNUARM-4.1.0/arm-elf/lib/libc.a(wcrtomb.o)
 .comment       0x000000d8       0x12 C:/cygwin/GNUARM-4.1.0/arm-elf/lib/libc.a(wcsrtombs.o)
 .comment       0x000000ea       0x12 C:/cygwin/GNUARM-4.1.0/arm-elf/lib/libc.a(wctomb_r.o)
 .comment       0x000000fc       0x12 C:/cygwin/GNUARM-4.1.0/arm-elf/lib/libc.a(wsetup.o)
 .comment       0x0000010e       0x12 C:/cygwin/GNUARM-4.1.0/arm-elf/lib/libc.a(dtoa.o)
 .comment       0x00000120       0x12 C:/cygwin/GNUARM-4.1.0/arm-elf/lib/libc.a(fflush.o)
 .comment       0x00000132       0x12 C:/cygwin/GNUARM-4.1.0/arm-elf/lib/libc.a(findfp.o)
 .comment       0x00000144       0x12 C:/cygwin/GNUARM-4.1.0/arm-elf/lib/libc.a(freer.o)
 .comment       0x00000156       0x12 C:/cygwin/GNUARM-4.1.0/arm-elf/lib/libc.a(fvwrite.o)
 .comment       0x00000168       0x12 C:/cygwin/GNUARM-4.1.0/arm-elf/lib/libc.a(fwalk.o)
 .comment       0x0000017a       0x12 C:/cygwin/GNUARM-4.1.0/arm-elf/lib/libc.a(locale.o)
 .comment       0x0000018c       0x12 C:/cygwin/GNUARM-4.1.0/arm-elf/lib/libc.a(makebuf.o)
 .comment       0x0000019e       0x12 C:/cygwin/GNUARM-4.1.0/arm-elf/lib/libc.a(mallocr.o)
 .comment       0x000001b0       0x12 C:/cygwin/GNUARM-4.1.0/arm-elf/lib/libc.a(memchr.o)
 .comment       0x000001c2       0x12 C:/cygwin/GNUARM-4.1.0/arm-elf/lib/libc.a(memcpy.o)
 .comment       0x000001d4       0x12 C:/cygwin/GNUARM-4.1.0/arm-elf/lib/libc.a(memmove.o)
 .comment       0x000001e6       0x12 C:/cygwin/GNUARM-4.1.0/arm-elf/lib/libc.a(memset.o)
 .comment       0x000001f8       0x12 C:/cygwin/GNUARM-4.1.0/arm-elf/lib/libc.a(mlock.o)
 .comment       0x0000020a       0x12 C:/cygwin/GNUARM-4.1.0/arm-elf/lib/libc.a(mprec.o)
 .comment       0x0000021c       0x12 C:/cygwin/GNUARM-4.1.0/arm-elf/lib/libc.a(reallocr.o)
 .comment       0x0000022e       0x12 C:/cygwin/GNUARM-4.1.0/arm-elf/lib/libc.a(s_isinf.o)
 .comment       0x00000240       0x12 C:/cygwin/GNUARM-4.1.0/arm-elf/lib/libc.a(s_isnan.o)
 .comment       0x00000252       0x12 C:/cygwin/GNUARM-4.1.0/arm-elf/lib/libc.a(sbrkr.o)
 .comment       0x00000264       0x12 C:/cygwin/GNUARM-4.1.0/arm-elf/lib/libc.a(stdio.o)
 .comment       0x00000276       0x12 C:/cygwin/GNUARM-4.1.0/arm-elf/lib/libc.a(strcmp.o)
 .comment       0x00000288       0x12 C:/cygwin/GNUARM-4.1.0/arm-elf/lib/libc.a(syscalls.o)
 .comment       0x0000029a       0x12 C:/cygwin/GNUARM-4.1.0/arm-elf/lib/libc.a(writer.o)
 .comment       0x000002ac       0x12 C:/cygwin/GNUARM-4.1.0/arm-elf/lib/libc.a(callocr.o)
 .comment       0x000002be       0x12 C:/cygwin/GNUARM-4.1.0/arm-elf/lib/libc.a(closer.o)
 .comment       0x000002d0       0x12 C:/cygwin/GNUARM-4.1.0/arm-elf/lib/libc.a(errno.o)
 .comment       0x000002e2       0x12 C:/cygwin/GNUARM-4.1.0/arm-elf/lib/libc.a(fclose.o)
 .comment       0x000002f4       0x12 C:/cygwin/GNUARM-4.1.0/arm-elf/lib/libc.a(fstatr.o)
 .comment       0x00000306       0x12 C:/cygwin/GNUARM-4.1.0/arm-elf/lib/libc.a(lseekr.o)
 .comment       0x00000318       0x12 C:/cygwin/GNUARM-4.1.0/arm-elf/lib/libc.a(readr.o)
 .comment       0x0000032a       0x12 C:/cygwin/GNUARM-4.1.0/arm-elf/lib/libc.a(reent.o)

.debug_str      0x00000000     0x1b3a
 .debug_str     0x00000000        0x7 Uart.o
 .debug_str     0x00000007      0x40c C:/cygwin/GNUARM-4.1.0/arm-elf/lib/libc.a(atoi.o)
                                0x491 (size before relaxing)
 .debug_str     0x00000413       0x82 C:/cygwin/GNUARM-4.1.0/arm-elf/lib/libc.a(strlen.o)
                                0x112 (size before relaxing)
 .debug_str     0x00000495       0x70 C:/cygwin/GNUARM-4.1.0/arm-elf/lib/libc.a(strtol.o)
                                0x4d3 (size before relaxing)
 .debug_str     0x00000505       0x8c C:/cygwin/GNUARM-4.1.0/arm-elf/lib/libc.a(vsprintf.o)
                                0x4cf (size before relaxing)
 .debug_str     0x00000591       0x6e C:/cygwin/GNUARM-4.1.0/arm-elf/lib/libc.a(ctype_.o)
                                 0x9d (size before relaxing)
 .debug_str     0x000005ff       0x85 C:/cygwin/GNUARM-4.1.0/arm-elf/lib/libc.a(impure.o)
                                0x4af (size before relaxing)
 .debug_str     0x00000684      0x1ba C:/cygwin/GNUARM-4.1.0/arm-elf/lib/libc.a(vfprintf.o)
                                0x69d (size before relaxing)
 .debug_str     0x0000083e       0x54 C:/cygwin/GNUARM-4.1.0/arm-elf/lib/libc.a(wcrtomb.o)
                                0x4d2 (size before relaxing)
 .debug_str     0x00000892       0x63 C:/cygwin/GNUARM-4.1.0/arm-elf/lib/libc.a(wcsrtombs.o)
                                0x4e7 (size before relaxing)
 .debug_str     0x000008f5       0x62 C:/cygwin/GNUARM-4.1.0/arm-elf/lib/libc.a(wctomb_r.o)
                                0x4c7 (size before relaxing)
 .debug_str     0x00000957       0x42 C:/cygwin/GNUARM-4.1.0/arm-elf/lib/libc.a(wsetup.o)
                                0x4ab (size before relaxing)
 .debug_str     0x00000999      0x100 C:/cygwin/GNUARM-4.1.0/arm-elf/lib/libc.a(dtoa.o)
                                0x5a2 (size before relaxing)
 .debug_str     0x00000a99       0x3f C:/cygwin/GNUARM-4.1.0/arm-elf/lib/libc.a(fflush.o)
                                0x4bb (size before relaxing)
 .debug_str     0x00000ad8      0x100 C:/cygwin/GNUARM-4.1.0/arm-elf/lib/libc.a(findfp.o)
                                0x595 (size before relaxing)
 .debug_str     0x00000bd8      0x159 C:/cygwin/GNUARM-4.1.0/arm-elf/lib/libc.a(freer.o)
                                0x5e4 (size before relaxing)
 .debug_str     0x00000d31       0x5a C:/cygwin/GNUARM-4.1.0/arm-elf/lib/libc.a(fvwrite.o)
                                0x506 (size before relaxing)
 .debug_str     0x00000d8b       0x5c C:/cygwin/GNUARM-4.1.0/arm-elf/lib/libc.a(fwalk.o)
                                0x4d6 (size before relaxing)
 .debug_str     0x00000de7      0x1bb C:/cygwin/GNUARM-4.1.0/arm-elf/lib/libc.a(locale.o)
                                0x63e (size before relaxing)
 .debug_str     0x00000fa2      0x112 C:/cygwin/GNUARM-4.1.0/arm-elf/lib/libc.a(makebuf.o)
                                0x592 (size before relaxing)
 .debug_str     0x000010b4       0xe9 C:/cygwin/GNUARM-4.1.0/arm-elf/lib/libc.a(mallocr.o)
                                0x692 (size before relaxing)
 .debug_str     0x0000119d       0x5a C:/cygwin/GNUARM-4.1.0/arm-elf/lib/libc.a(memchr.o)
                                0x120 (size before relaxing)
 .debug_str     0x000011f7       0x67 C:/cygwin/GNUARM-4.1.0/arm-elf/lib/libc.a(memcpy.o)
                                 0xc9 (size before relaxing)
 .debug_str     0x0000125e       0x4b C:/cygwin/GNUARM-4.1.0/arm-elf/lib/libc.a(memmove.o)
                                0x132 (size before relaxing)
 .debug_str     0x000012a9       0x40 C:/cygwin/GNUARM-4.1.0/arm-elf/lib/libc.a(memset.o)
                                0x113 (size before relaxing)
 .debug_str     0x000012e9       0x6b C:/cygwin/GNUARM-4.1.0/arm-elf/lib/libc.a(mlock.o)
                                0x4b8 (size before relaxing)
 .debug_str     0x00001354       0xd1 C:/cygwin/GNUARM-4.1.0/arm-elf/lib/libc.a(mprec.o)
                                0x58a (size before relaxing)
 .debug_str     0x00001425       0x61 C:/cygwin/GNUARM-4.1.0/arm-elf/lib/libc.a(reallocr.o)
                                0x564 (size before relaxing)
 .debug_str     0x00001486       0x97 C:/cygwin/GNUARM-4.1.0/arm-elf/lib/libc.a(s_isinf.o)
                                0x156 (size before relaxing)
 .debug_str     0x0000151d       0x3e C:/cygwin/GNUARM-4.1.0/arm-elf/lib/libc.a(s_isnan.o)
                                0x156 (size before relaxing)
 .debug_str     0x0000155b       0x4e C:/cygwin/GNUARM-4.1.0/arm-elf/lib/libc.a(sbrkr.o)
                                0x4ac (size before relaxing)
 .debug_str     0x000015a9       0x67 C:/cygwin/GNUARM-4.1.0/arm-elf/lib/libc.a(stdio.o)
                                0x4de (size before relaxing)
 .debug_str     0x00001610       0x40 C:/cygwin/GNUARM-4.1.0/arm-elf/lib/libc.a(strcmp.o)
                                 0xf8 (size before relaxing)
 .debug_str     0x00001650      0x258 C:/cygwin/GNUARM-4.1.0/arm-elf/lib/libc.a(syscalls.o)
                                0x79f (size before relaxing)
 .debug_str     0x000018a8       0x4a C:/cygwin/GNUARM-4.1.0/arm-elf/lib/libc.a(writer.o)
                                0x4af (size before relaxing)
 .debug_str     0x000018f2       0x19 C:/cygwin/GNUARM-4.1.0/arm-elf/lib/libc.a(callocr.o)
                                0x4e3 (size before relaxing)
 .debug_str     0x0000190b       0x41 C:/cygwin/GNUARM-4.1.0/arm-elf/lib/libc.a(closer.o)
                                0x49f (size before relaxing)
 .debug_str     0x0000194c       0x6d C:/cygwin/GNUARM-4.1.0/arm-elf/lib/libc.a(errno.o)
                                0x497 (size before relaxing)
 .debug_str     0x000019b9       0x49 C:/cygwin/GNUARM-4.1.0/arm-elf/lib/libc.a(fclose.o)
                                0x4b7 (size before relaxing)
 .debug_str     0x00001a02       0x47 C:/cygwin/GNUARM-4.1.0/arm-elf/lib/libc.a(fstatr.o)
                                0x573 (size before relaxing)
 .debug_str     0x00001a49       0x41 C:/cygwin/GNUARM-4.1.0/arm-elf/lib/libc.a(lseekr.o)
                                0x4ad (size before relaxing)
 .debug_str     0x00001a8a       0x3f C:/cygwin/GNUARM-4.1.0/arm-elf/lib/libc.a(readr.o)
                                0x4ad (size before relaxing)
 .debug_str     0x00001ac9       0x71 C:/cygwin/GNUARM-4.1.0/arm-elf/lib/libc.a(reent.o)
                                0x4d4 (size before relaxing)

.debug_ranges   0x00000000      0x4d0
 .debug_ranges  0x00000000      0x150 C:/cygwin/GNUARM-4.1.0/arm-elf/lib/libc.a(vfprintf.o)
 .debug_ranges  0x00000150       0x28 C:/cygwin/GNUARM-4.1.0/arm-elf/lib/libc.a(wcsrtombs.o)
 .debug_ranges  0x00000178       0x48 C:/cygwin/GNUARM-4.1.0/arm-elf/lib/libc.a(wctomb_r.o)
 .debug_ranges  0x000001c0       0x18 C:/cygwin/GNUARM-4.1.0/arm-elf/lib/libc.a(fvwrite.o)
 .debug_ranges  0x000001d8       0x40 C:/cygwin/GNUARM-4.1.0/arm-elf/lib/libc.a(fwalk.o)
 .debug_ranges  0x00000218       0x50 C:/cygwin/GNUARM-4.1.0/arm-elf/lib/libc.a(mallocr.o)
 .debug_ranges  0x00000268      0x118 C:/cygwin/GNUARM-4.1.0/arm-elf/lib/libc.a(reallocr.o)
 .debug_ranges  0x00000380      0x118 C:/cygwin/GNUARM-4.1.0/arm-elf/lib/libc.a(syscalls.o)
 .debug_ranges  0x00000498       0x38 C:/cygwin/GNUARM-4.1.0/arm-elf/lib/libc.a(callocr.o)
