Archive member included because of file (symbol)

C:/cygwin/GNUARM-4.1.0/arm-elf/lib/libc.a(atoi.o)
                              Uart.o (atoi)
C:/cygwin/GNUARM-4.1.0/arm-elf/lib/libc.a(strlen.o)
                              Uart.o (strlen)
C:/cygwin/GNUARM-4.1.0/arm-elf/lib/libc.a(strtol.o)
                              C:/cygwin/GNUARM-4.1.0/arm-elf/lib/libc.a(atoi.o) (_strtol_r)
C:/cygwin/GNUARM-4.1.0/arm-elf/lib/libc.a(vsprintf.o)
                              Uart.o (vsprintf)
C:/cygwin/GNUARM-4.1.0/arm-elf/lib/libc.a(ctype_.o)
                              C:/cygwin/GNUARM-4.1.0/arm-elf/lib/libc.a(strtol.o) (__ctype_ptr)
C:/cygwin/GNUARM-4.1.0/arm-elf/lib/libc.a(impure.o)
                              C:/cygwin/GNUARM-4.1.0/arm-elf/lib/libc.a(strtol.o) (_impure_ptr)
C:/cygwin/GNUARM-4.1.0/arm-elf/lib/libc.a(vfprintf.o)
                              C:/cygwin/GNUARM-4.1.0/arm-elf/lib/libc.a(vsprintf.o) (_vfprintf_r)
C:/cygwin/GNUARM-4.1.0/arm-elf/lib/libc.a(wcrtomb.o)
                              C:/cygwin/GNUARM-4.1.0/arm-elf/lib/libc.a(vfprintf.o) (_wcrtomb_r)
C:/cygwin/GNUARM-4.1.0/arm-elf/lib/libc.a(wcsrtombs.o)
                              C:/cygwin/GNUARM-4.1.0/arm-elf/lib/libc.a(vfprintf.o) (_wcsrtombs_r)
C:/cygwin/GNUARM-4.1.0/arm-elf/lib/libc.a(wctomb_r.o)
                              C:/cygwin/GNUARM-4.1.0/arm-elf/lib/libc.a(wcrtomb.o) (_wctomb_r)
C:/cygwin/GNUARM-4.1.0/arm-elf/lib/libc.a(wsetup.o)
                              C:/cygwin/GNUARM-4.1.0/arm-elf/lib/libc.a(vfprintf.o) (__swsetup)
C:/cygwin/GNUARM-4.1.0/arm-elf/lib/libc.a(dtoa.o)
                              C:/cygwin/GNUARM-4.1.0/arm-elf/lib/libc.a(vfprintf.o) (_dtoa_r)
C:/cygwin/GNUARM-4.1.0/arm-elf/lib/libc.a(fflush.o)
                              C:/cygwin/GNUARM-4.1.0/arm-elf/lib/libc.a(vfprintf.o) (fflush)
C:/cygwin/GNUARM-4.1.0/arm-elf/lib/libc.a(findfp.o)
                              C:/cygwin/GNUARM-4.1.0/arm-elf/lib/libc.a(vfprintf.o) (__sinit)
C:/cygwin/GNUARM-4.1.0/arm-elf/lib/libc.a(freer.o)
                              C:/cygwin/GNUARM-4.1.0/arm-elf/lib/libc.a(vfprintf.o) (_free_r)
C:/cygwin/GNUARM-4.1.0/arm-elf/lib/libc.a(fvwrite.o)
                              C:/cygwin/GNUARM-4.1.0/arm-elf/lib/libc.a(vfprintf.o) (__sfvwrite)
C:/cygwin/GNUARM-4.1.0/arm-elf/lib/libc.a(fwalk.o)
                              C:/cygwin/GNUARM-4.1.0/arm-elf/lib/libc.a(fflush.o) (_fwalk)
C:/cygwin/GNUARM-4.1.0/arm-elf/lib/libc.a(locale.o)
                              C:/cygwin/GNUARM-4.1.0/arm-elf/lib/libc.a(vfprintf.o) (localeconv)
C:/cygwin/GNUARM-4.1.0/arm-elf/lib/libc.a(makebuf.o)
                              C:/cygwin/GNUARM-4.1.0/arm-elf/lib/libc.a(wsetup.o) (__smakebuf)
C:/cygwin/GNUARM-4.1.0/arm-elf/lib/libc.a(mallocr.o)
                              C:/cygwin/GNUARM-4.1.0/arm-elf/lib/libc.a(vfprintf.o) (_malloc_r)
C:/cygwin/GNUARM-4.1.0/arm-elf/lib/libc.a(memchr.o)
                              C:/cygwin/GNUARM-4.1.0/arm-elf/lib/libc.a(vfprintf.o) (memchr)
C:/cygwin/GNUARM-4.1.0/arm-elf/lib/libc.a(memcpy.o)
                              C:/cygwin/GNUARM-4.1.0/arm-elf/lib/libc.a(dtoa.o) (memcpy)
C:/cygwin/GNUARM-4.1.0/arm-elf/lib/libc.a(memmove.o)
                              C:/cygwin/GNUARM-4.1.0/arm-elf/lib/libc.a(fvwrite.o) (memmove)
C:/cygwin/GNUARM-4.1.0/arm-elf/lib/libc.a(memset.o)
                              C:/cygwin/GNUARM-4.1.0/arm-elf/lib/libc.a(vfprintf.o) (memset)
C:/cygwin/GNUARM-4.1.0/arm-elf/lib/libc.a(mlock.o)
                              C:/cygwin/GNUARM-4.1.0/arm-elf/lib/libc.a(freer.o) (__malloc_lock)
C:/cygwin/GNUARM-4.1.0/arm-elf/lib/libc.a(mprec.o)
                              C:/cygwin/GNUARM-4.1.0/arm-elf/lib/libc.a(dtoa.o) (_Bfree)
C:/cygwin/GNUARM-4.1.0/arm-elf/lib/libc.a(reallocr.o)
                              C:/cygwin/GNUARM-4.1.0/arm-elf/lib/libc.a(fvwrite.o) (_realloc_r)
C:/cygwin/GNUARM-4.1.0/arm-elf/lib/libc.a(s_isinf.o)
                              C:/cygwin/GNUARM-4.1.0/arm-elf/lib/libc.a(vfprintf.o) (isinf)
C:/cygwin/GNUARM-4.1.0/arm-elf/lib/libc.a(s_isnan.o)
                              C:/cygwin/GNUARM-4.1.0/arm-elf/lib/libc.a(vfprintf.o) (isnan)
C:/cygwin/GNUARM-4.1.0/arm-elf/lib/libc.a(sbrkr.o)
                              C:/cygwin/GNUARM-4.1.0/arm-elf/lib/libc.a(freer.o) (_sbrk_r)
C:/cygwin/GNUARM-4.1.0/arm-elf/lib/libc.a(stdio.o)
                              C:/cygwin/GNUARM-4.1.0/arm-elf/lib/libc.a(findfp.o) (__sclose)
C:/cygwin/GNUARM-4.1.0/arm-elf/lib/libc.a(strcmp.o)
                              C:/cygwin/GNUARM-4.1.0/arm-elf/lib/libc.a(wctomb_r.o) (strcmp)
C:/cygwin/GNUARM-4.1.0/arm-elf/lib/libc.a(syscalls.o)
                              C:/cygwin/GNUARM-4.1.0/arm-elf/lib/libc.a(makebuf.o) (isatty)
C:/cygwin/GNUARM-4.1.0/arm-elf/lib/libc.a(writer.o)
                              C:/cygwin/GNUARM-4.1.0/arm-elf/lib/libc.a(stdio.o) (_write_r)
C:/cygwin/GNUARM-4.1.0/arm-elf/lib/libc.a(callocr.o)
                              C:/cygwin/GNUARM-4.1.0/arm-elf/lib/libc.a(mprec.o) (_calloc_r)
C:/cygwin/GNUARM-4.1.0/arm-elf/lib/libc.a(closer.o)
                              C:/cygwin/GNUARM-4.1.0/arm-elf/lib/libc.a(stdio.o) (_close_r)
C:/cygwin/GNUARM-4.1.0/arm-elf/lib/libc.a(errno.o)
                              C:/cygwin/GNUARM-4.1.0/arm-elf/lib/libc.a(syscalls.o) (__errno)
C:/cygwin/GNUARM-4.1.0/arm-elf/lib/libc.a(fclose.o)
                              C:/cygwin/GNUARM-4.1.0/arm-elf/lib/libc.a(findfp.o) (fclose)
C:/cygwin/GNUARM-4.1.0/arm-elf/lib/libc.a(fstatr.o)
                              C:/cygwin/GNUARM-4.1.0/arm-elf/lib/libc.a(makebuf.o) (_fstat_r)
C:/cygwin/GNUARM-4.1.0/arm-elf/lib/libc.a(lseekr.o)
                              C:/cygwin/GNUARM-4.1.0/arm-elf/lib/libc.a(stdio.o) (_lseek_r)
C:/cygwin/GNUARM-4.1.0/arm-elf/lib/libc.a(readr.o)
                              C:/cygwin/GNUARM-4.1.0/arm-elf/lib/libc.a(stdio.o) (_read_r)
C:/cygwin/GNUARM-4.1.0/arm-elf/lib/libc.a(reent.o)
                              C:/cygwin/GNUARM-4.1.0/arm-elf/lib/libc.a(sbrkr.o) (errno)
C:/cygwin/GNUARM-4.1.0/lib/gcc/arm-elf/4.1.0/libgcc.a(_udivsi3.o)
                              C:/cygwin/GNUARM-4.1.0/arm-elf/lib/libc.a(strtol.o) (__udivsi3)
C:/cygwin/GNUARM-4.1.0/lib/gcc/arm-elf/4.1.0/libgcc.a(_umodsi3.o)
                              C:/cygwin/GNUARM-4.1.0/arm-elf/lib/libc.a(strtol.o) (__umodsi3)
C:/cygwin/GNUARM-4.1.0/lib/gcc/arm-elf/4.1.0/libgcc.a(_dvmd_tls.o)
                              C:/cygwin/GNUARM-4.1.0/lib/gcc/arm-elf/4.1.0/libgcc.a(_udivsi3.o) (__div0)
C:/cygwin/GNUARM-4.1.0/lib/gcc/arm-elf/4.1.0/libgcc.a(_addsubdf3.o)
                              C:/cygwin/GNUARM-4.1.0/arm-elf/lib/libc.a(dtoa.o) (__subdf3)
C:/cygwin/GNUARM-4.1.0/lib/gcc/arm-elf/4.1.0/libgcc.a(_muldivdf3.o)
                              Timer.o (__muldf3)
C:/cygwin/GNUARM-4.1.0/lib/gcc/arm-elf/4.1.0/libgcc.a(_cmpdf2.o)
                              C:/cygwin/GNUARM-4.1.0/arm-elf/lib/libc.a(dtoa.o) (__gtdf2)
C:/cygwin/GNUARM-4.1.0/lib/gcc/arm-elf/4.1.0/libgcc.a(_fixdfsi.o)
                              C:/cygwin/GNUARM-4.1.0/arm-elf/lib/libc.a(dtoa.o) (__fixdfsi)
C:/cygwin/GNUARM-4.1.0/lib/gcc/arm-elf/4.1.0/libgcc.a(_fixunsdfsi.o)
                              Timer.o (__fixunsdfsi)

Allocating common symbols
Common symbol       size              file

errno               0x4               C:/cygwin/GNUARM-4.1.0/arm-elf/lib/libc.a(reent.o)

Memory Configuration

Name             Origin             Length             Attributes
CODE             0x30000000         0x04000000         rw
_ISR_START       0x33ffff00         0x00000100         rw
*default*        0x00000000         0xffffffff

Linker script and memory map


.text           0x30000000     0x9688
 *s3c2450_startup.o(.text)
 .text          0x30000000      0x2e0 s3c2450_startup.o
                0x300000b0                ResetHandler
                0x300001c0                IsrIRQ
                0x30000000                _start
 *(.text)
 .text          0x300002e0      0x118 Timer.o
                0x3000033c                Timer_Delay
                0x300002e0                Timer_Init
 .text          0x300003f8      0x6e8 Uart.o
                0x300007f0                Uart_GetIntNum
                0x30000500                Uart_Printf
                0x3000058c                Uart_Send_Byte
                0x300005fc                Uart_GetChar
                0x30000638                Uart_GetCh
                0x3000065c                Uart_TxEmpty
                0x30000544                Uart_Send_String
                0x300003f8                Uart_Init
                0x300006e4                Uart_GetString
                0x3000068c                Uart_GetKey
 .text          0x30000ae0      0x144 Led.o
                0x30000ae0                Led_Init
                0x30000b34                Led_Display
 .text          0x30000c24      0x3e0 Key.o
                0x30000cec                Key_IRQ_Port_Init
                0x30000fd8                Key_Wait_Get_Released
                0x30000c24                Key_Port_Init
                0x30000df0                Key_Get_Pressed
                0x30000fa4                Key_Wait_Get_Pressed
 .text          0x30001004      0x208 Main.o
                0x3000113c                Main
                0x30001004                Key_ISR
 .text          0x3000120c       0x18 C:/cygwin/GNUARM-4.1.0/arm-elf/lib/libc.a(atoi.o)
                0x3000120c                _atoi_r
                0x30001218                atoi
 .text          0x30001224       0x90 C:/cygwin/GNUARM-4.1.0/arm-elf/lib/libc.a(strlen.o)
                0x30001224                strlen
 .text          0x300012b4      0x1ec C:/cygwin/GNUARM-4.1.0/arm-elf/lib/libc.a(strtol.o)
                0x30001474                strtol
                0x300012b4                _strtol_r
 .text          0x300014a0       0xac C:/cygwin/GNUARM-4.1.0/arm-elf/lib/libc.a(vsprintf.o)
                0x300014ec                vsprintf
                0x300014a0                _vsprintf_r
 .text          0x3000154c     0x1f20 C:/cygwin/GNUARM-4.1.0/arm-elf/lib/libc.a(vfprintf.o)
                0x3000158c                _vfprintf_r
                0x30003440                vfprintf
 .text          0x3000346c       0x80 C:/cygwin/GNUARM-4.1.0/arm-elf/lib/libc.a(wcrtomb.o)
                0x3000346c                _wcrtomb_r
                0x300034c0                wcrtomb
 .text          0x300034ec      0x178 C:/cygwin/GNUARM-4.1.0/arm-elf/lib/libc.a(wcsrtombs.o)
                0x300034ec                _wcsrtombs_r
                0x30003624                wcsrtombs
 .text          0x30003664      0x420 C:/cygwin/GNUARM-4.1.0/arm-elf/lib/libc.a(wctomb_r.o)
                0x30003664                _wctomb_r
 .text          0x30003a84       0xfc C:/cygwin/GNUARM-4.1.0/arm-elf/lib/libc.a(wsetup.o)
                0x30003a84                __swsetup
 .text          0x30003b80     0x164c C:/cygwin/GNUARM-4.1.0/arm-elf/lib/libc.a(dtoa.o)
                0x30003d84                _dtoa_r
 .text          0x300051cc       0xe0 C:/cygwin/GNUARM-4.1.0/arm-elf/lib/libc.a(fflush.o)
                0x300051cc                fflush
 .text          0x300052ac      0x27c C:/cygwin/GNUARM-4.1.0/arm-elf/lib/libc.a(findfp.o)
                0x30005318                __sinit
                0x300053ec                __sfmoreglue
                0x300053dc                _cleanup
                0x300053d0                _cleanup_r
                0x300053b8                __fp_lock_all
                0x30005308                __sfp_lock_acquire
                0x3000543c                __sfp
                0x30005314                __sinit_lock_release
                0x300053a0                __fp_unlock_all
                0x3000530c                __sfp_lock_release
                0x30005310                __sinit_lock_acquire
 .text          0x30005528      0x39c C:/cygwin/GNUARM-4.1.0/arm-elf/lib/libc.a(freer.o)
                0x30005624                _free_r
                0x30005528                _malloc_trim_r
 .text          0x300058c4      0x3f8 C:/cygwin/GNUARM-4.1.0/arm-elf/lib/libc.a(fvwrite.o)
                0x300058c4                __sfvwrite
 .text          0x30005cbc      0x10c C:/cygwin/GNUARM-4.1.0/arm-elf/lib/libc.a(fwalk.o)
                0x30005d44                _fwalk
                0x30005cbc                _fwalk_reent
 .text          0x30005dc8       0xac C:/cygwin/GNUARM-4.1.0/arm-elf/lib/libc.a(locale.o)
                0x30005df4                _setlocale_r
                0x30005dc8                __locale_charset
                0x30005dd8                _localeconv_r
                0x30005e58                setlocale
                0x30005de4                localeconv
 .text          0x30005e74      0x154 C:/cygwin/GNUARM-4.1.0/arm-elf/lib/libc.a(makebuf.o)
                0x30005e74                __smakebuf
 .text          0x30005fc8      0x770 C:/cygwin/GNUARM-4.1.0/arm-elf/lib/libc.a(mallocr.o)
                0x30005fc8                _malloc_r
 .text          0x30006738      0x104 C:/cygwin/GNUARM-4.1.0/arm-elf/lib/libc.a(memchr.o)
                0x30006738                memchr
 .text          0x3000683c       0xa0 C:/cygwin/GNUARM-4.1.0/arm-elf/lib/libc.a(memcpy.o)
                0x3000683c                memcpy
 .text          0x300068dc       0xfc C:/cygwin/GNUARM-4.1.0/arm-elf/lib/libc.a(memmove.o)
                0x300068dc                memmove
 .text          0x300069d8       0x98 C:/cygwin/GNUARM-4.1.0/arm-elf/lib/libc.a(memset.o)
                0x300069d8                memset
 .text          0x30006a70        0x8 C:/cygwin/GNUARM-4.1.0/arm-elf/lib/libc.a(mlock.o)
                0x30006a74                __malloc_unlock
                0x30006a70                __malloc_lock
 .text          0x30006a78      0xbb0 C:/cygwin/GNUARM-4.1.0/arm-elf/lib/libc.a(mprec.o)
                0x30006d6c                _mprec_log10
                0x30006a94                _hi0bits
                0x30006db8                _Balloc
                0x30006e50                _d2b
                0x300071ac                _multiply
                0x30006cf4                _ratio
                0x30007548                _s2b
                0x3000736c                _i2b
                0x30006aec                _lo0bits
                0x30006b80                __mcmp
                0x30007454                _pow5mult
                0x30006be0                _ulp
                0x30006c40                _b2d
                0x3000738c                _multadd
                0x30006f84                __mdiff
                0x300070b8                _lshift
                0x30006a78                _Bfree
 .text          0x30007628      0x638 C:/cygwin/GNUARM-4.1.0/arm-elf/lib/libc.a(reallocr.o)
                0x30007628                _realloc_r
 .text          0x30007c60       0x3c C:/cygwin/GNUARM-4.1.0/arm-elf/lib/libc.a(s_isinf.o)
                0x30007c60                isinf
 .text          0x30007c9c       0x30 C:/cygwin/GNUARM-4.1.0/arm-elf/lib/libc.a(s_isnan.o)
                0x30007c9c                isnan
 .text          0x30007ccc       0x38 C:/cygwin/GNUARM-4.1.0/arm-elf/lib/libc.a(sbrkr.o)
                0x30007ccc                _sbrk_r
 .text          0x30007d04      0x100 C:/cygwin/GNUARM-4.1.0/arm-elf/lib/libc.a(stdio.o)
                0x30007d18                __sseek
                0x30007dc0                __sread
                0x30007d04                __sclose
                0x30007d60                __swrite
 .text          0x30007e04       0xd0 C:/cygwin/GNUARM-4.1.0/arm-elf/lib/libc.a(strcmp.o)
                0x30007e04                strcmp
 .text          0x30007ed4      0x708 C:/cygwin/GNUARM-4.1.0/arm-elf/lib/libc.a(syscalls.o)
                0x30007f04                _getpid
                0x30008060                initialise_monitor_handles
                0x30007f20                isatty
                0x30007fb4                _fstat
                0x300084b8                _open
                0x30007f60                _sbrk
                0x30007f1c                _raise
                0x3000811c                _times
                0x300084d8                _stat
                0x30008528                _lseek
                0x30007f0c                _link
                0x30008234                _swiwrite
                0x30007f28                _rename
                0x30008270                _swilseek
                0x300081e8                _swiclose
                0x30008384                _swiopen
                0x30007f14                _unlink
                0x3000842c                _write
                0x300081a0                _kill
                0x30008158                _gettimeofday
                0x30008574                _read
                0x300081c8                _exit
                0x30007f40                _system
                0x30008538                _swiread
                0x300084a8                _close
 .text          0x300085dc       0x40 C:/cygwin/GNUARM-4.1.0/arm-elf/lib/libc.a(writer.o)
                0x300085dc                _write_r
 .text          0x3000861c       0xa0 C:/cygwin/GNUARM-4.1.0/arm-elf/lib/libc.a(callocr.o)
                0x3000861c                _calloc_r
 .text          0x300086bc       0x38 C:/cygwin/GNUARM-4.1.0/arm-elf/lib/libc.a(closer.o)
                0x300086bc                _close_r
 .text          0x300086f4       0x10 C:/cygwin/GNUARM-4.1.0/arm-elf/lib/libc.a(errno.o)
                0x300086f4                __errno
 .text          0x30008704      0x128 C:/cygwin/GNUARM-4.1.0/arm-elf/lib/libc.a(fclose.o)
                0x30008704                _fclose_r
                0x30008818                fclose
 .text          0x3000882c       0x3c C:/cygwin/GNUARM-4.1.0/arm-elf/lib/libc.a(fstatr.o)
                0x3000882c                _fstat_r
 .text          0x30008868       0x40 C:/cygwin/GNUARM-4.1.0/arm-elf/lib/libc.a(lseekr.o)
                0x30008868                _lseek_r
 .text          0x300088a8       0x40 C:/cygwin/GNUARM-4.1.0/arm-elf/lib/libc.a(readr.o)
                0x300088a8                _read_r
 .text          0x300088e8      0x178 C:/cygwin/GNUARM-4.1.0/arm-elf/lib/libc.a(reent.o)
                0x30008960                cleanup_glue
                0x30008988                _reclaim_reent
                0x300088e8                _wrapup_reent
 .text          0x30008a60      0x110 C:/cygwin/GNUARM-4.1.0/lib/gcc/arm-elf/4.1.0/libgcc.a(_udivsi3.o)
                0x30008a60                __udivsi3
                0x30008a60                __aeabi_uidiv
                0x30008b58                __aeabi_uidivmod
 .text          0x30008b70       0xcc C:/cygwin/GNUARM-4.1.0/lib/gcc/arm-elf/4.1.0/libgcc.a(_umodsi3.o)
                0x30008b70                __umodsi3
 .text          0x30008c3c        0x4 C:/cygwin/GNUARM-4.1.0/lib/gcc/arm-elf/4.1.0/libgcc.a(_dvmd_tls.o)
                0x30008c3c                __aeabi_ldiv0
                0x30008c3c                __div0
                0x30008c3c                __aeabi_idiv0
 .text          0x30008c40      0x400 C:/cygwin/GNUARM-4.1.0/lib/gcc/arm-elf/4.1.0/libgcc.a(_addsubdf3.o)
                0x30008fd4                __floatdidf
                0x30008f54                __floatsidf
                0x30008f2c                __aeabi_ui2d
                0x30008c40                __aeabi_drsub
                0x30008f80                __extendsfdf2
                0x30008c4c                __adddf3
                0x30008f2c                __floatunsidf
                0x30008c4c                __aeabi_dadd
                0x30008fc0                __aeabi_ul2d
                0x30008c48                __aeabi_dsub
                0x30008fc0                __floatundidf
                0x30008f54                __aeabi_i2d
                0x30008fd4                __aeabi_l2d
                0x30008f80                __aeabi_f2d
                0x30008c48                __subdf3
 .text          0x30009040      0x470 C:/cygwin/GNUARM-4.1.0/lib/gcc/arm-elf/4.1.0/libgcc.a(_muldivdf3.o)
                0x300092ac                __aeabi_ddiv
                0x30009040                __aeabi_dmul
                0x300092ac                __divdf3
                0x30009040                __muldf3
 .text          0x300094b0      0x128 C:/cygwin/GNUARM-4.1.0/lib/gcc/arm-elf/4.1.0/libgcc.a(_cmpdf2.o)
                0x3000959c                __aeabi_dcmple
                0x300094c0                __cmpdf2
                0x300094c0                __eqdf2
                0x300094b0                __gtdf2
                0x30009560                __aeabi_cdcmple
                0x30009544                __aeabi_cdrcmple
                0x300094b8                __ltdf2
                0x30009588                __aeabi_dcmplt
                0x300094b8                __ledf2
                0x300095c4                __aeabi_dcmpgt
                0x300095b0                __aeabi_dcmpge
                0x300094c0                __nedf2
                0x30009574                __aeabi_dcmpeq
                0x30009560                __aeabi_cdcmpeq
                0x300094b0                __gedf2
 .text          0x300095d8       0x5c C:/cygwin/GNUARM-4.1.0/lib/gcc/arm-elf/4.1.0/libgcc.a(_fixdfsi.o)
                0x300095d8                __fixdfsi
                0x300095d8                __aeabi_d2iz
 .text          0x30009634       0x54 C:/cygwin/GNUARM-4.1.0/lib/gcc/arm-elf/4.1.0/libgcc.a(_fixunsdfsi.o)
                0x30009634                __fixunsdfsi
                0x30009634                __aeabi_d2uiz
                0x30009688                . = ALIGN (0x4)

.glue_7         0x30009688        0x0

.glue_7t        0x30009688        0x0

.rodata         0x30009688      0x37c
                0x30009688                rodata_start_addr = .
 *(.rodata)
 .rodata        0x30009688       0x28 Uart.o
 .rodata        0x300096b0        0xc Key.o
 .rodata        0x300096bc       0x20 Main.o
 .rodata        0x300096dc      0x101 C:/cygwin/GNUARM-4.1.0/arm-elf/lib/libc.a(ctype_.o)
                0x300096dc                _ctype_
 *fill*         0x300097dd        0x3 00
 .rodata        0x300097e0        0x4 C:/cygwin/GNUARM-4.1.0/arm-elf/lib/libc.a(impure.o)
                0x300097e0                _global_impure_ptr
 .rodata        0x300097e4       0x20 C:/cygwin/GNUARM-4.1.0/arm-elf/lib/libc.a(vfprintf.o)
 .rodata        0x30009804       0x34 C:/cygwin/GNUARM-4.1.0/arm-elf/lib/libc.a(locale.o)
 .rodata        0x30009838      0x124 C:/cygwin/GNUARM-4.1.0/arm-elf/lib/libc.a(mprec.o)
                0x30009928                __mprec_tinytens
                0x30009838                __mprec_tens
                0x30009900                __mprec_bigtens
 *(.rodata.*)
 .rodata.str1.4
                0x3000995c        0x2 C:/cygwin/GNUARM-4.1.0/arm-elf/lib/libc.a(impure.o)
                                  0x4 (size before relaxing)
 *fill*         0x3000995e        0x2 00
 .rodata.str1.4
                0x30009960       0x63 C:/cygwin/GNUARM-4.1.0/arm-elf/lib/libc.a(vfprintf.o)
                                 0x64 (size before relaxing)
 *fill*         0x300099c3        0x1 00
 .rodata.str1.4
                0x300099c4       0x1e C:/cygwin/GNUARM-4.1.0/arm-elf/lib/libc.a(wctomb_r.o)
                                 0x20 (size before relaxing)
 *fill*         0x300099e2        0x2 00
 .rodata.str1.4
                0x300099e4       0x10 C:/cygwin/GNUARM-4.1.0/arm-elf/lib/libc.a(dtoa.o)
                                 0x14 (size before relaxing)
 .rodata.str1.4
                0x300099f4        0xb C:/cygwin/GNUARM-4.1.0/arm-elf/lib/libc.a(locale.o)
                                 0x18 (size before relaxing)
 *fill*         0x300099ff        0x1 00
 .rodata.str1.4
                0x30009a00        0x4 C:/cygwin/GNUARM-4.1.0/arm-elf/lib/libc.a(syscalls.o)
                0x30009a04                . = ALIGN (0x4)
                0x30009a04                rodata_end_addr = .

.data           0x30009a04      0x82c
                0x30009a04                data_start_addr = .
                0x30009a04                __DATA_START__ = .
 *(.data)
 .data          0x30009a04        0x4 C:/cygwin/GNUARM-4.1.0/arm-elf/lib/libc.a(ctype_.o)
                0x30009a04                __ctype_ptr
 .data          0x30009a08      0x404 C:/cygwin/GNUARM-4.1.0/arm-elf/lib/libc.a(impure.o)
                0x30009a08                _impure_ptr
 .data          0x30009e0c       0x10 C:/cygwin/GNUARM-4.1.0/arm-elf/lib/libc.a(locale.o)
                0x30009e0c                __mb_cur_max
                0x30009e10                __lc_ctype
 .data          0x30009e1c      0x410 C:/cygwin/GNUARM-4.1.0/arm-elf/lib/libc.a(mallocr.o)
                0x3000a228                __malloc_sbrk_base
                0x30009e1c                __malloc_av_
                0x3000a224                __malloc_trim_threshold
 *(.data.*)
                0x3000a230                . = ALIGN (0x8)
 *fill*         0x3000a22c        0x4 00
                0x3000a230                data_end_addr = .
                0x3000a230                __DATA_END__ = .

.bss            0x3000a230       0xf8
                0x3000a230                bss_start_addr = .
                0x3000a230                __BSS_START__ = .
 *(.bss)
 .bss           0x3000a230        0x4 Main.o
                0x3000a230                Key_Value
 .bss           0x3000a234        0xc C:/cygwin/GNUARM-4.1.0/arm-elf/lib/libc.a(locale.o)
                0x3000a234                __nlocale_changed
                0x3000a238                __mlocale_changed
                0x3000a23c                _PathLocale
 .bss           0x3000a240       0x34 C:/cygwin/GNUARM-4.1.0/arm-elf/lib/libc.a(mallocr.o)
                0x3000a240                __malloc_top_pad
                0x3000a244                __malloc_max_sbrked_mem
                0x3000a24c                __malloc_current_mallinfo
                0x3000a248                __malloc_max_total_mem
 .bss           0x3000a274       0xb0 C:/cygwin/GNUARM-4.1.0/arm-elf/lib/libc.a(syscalls.o)
 *(.bss.*)
 *(COMMON)
 COMMON         0x3000a324        0x4 C:/cygwin/GNUARM-4.1.0/arm-elf/lib/libc.a(reent.o)
                0x3000a324                errno
                0x3000a328                . = ALIGN (0x8)
                0x3000a328                bss_end_addr = .
                0x3000a328                __BSS_END__ = .
                0x3000a328                end = .
                0x3000a328                PROVIDE (end, .)

.int_vec        0x33ffff00       0x24
 s3c2450_startup.o(int_vect)
 int_vect       0x33ffff00       0x24 s3c2450_startup.o
LOAD Timer.o
LOAD Uart.o
LOAD Led.o
LOAD Key.o
LOAD Main.o
LOAD s3c2450_startup.o
LOAD C:/cygwin/GNUARM-4.1.0/arm-elf/lib/libc.a
LOAD C:/cygwin/GNUARM-4.1.0/lib/gcc/arm-elf/4.1.0/libgcc.a
OUTPUT(MDS2450 elf32-littlearm)

.debug_line     0x00000000     0x45f7
 .debug_line    0x00000000       0xb3 s3c2450_startup.o
 .debug_line    0x000000b3       0x44 Timer.o
 .debug_line    0x000000f7       0xec Uart.o
 .debug_line    0x000001e3       0x44 Led.o
 .debug_line    0x00000227       0x65 Key.o
 .debug_line    0x0000028c       0x51 Main.o
 .debug_line    0x000002dd       0xf1 C:/cygwin/GNUARM-4.1.0/arm-elf/lib/libc.a(atoi.o)
 .debug_line    0x000003ce       0xa9 C:/cygwin/GNUARM-4.1.0/arm-elf/lib/libc.a(strlen.o)
 .debug_line    0x00000477      0x16d C:/cygwin/GNUARM-4.1.0/arm-elf/lib/libc.a(strtol.o)
 .debug_line    0x000005e4      0x151 C:/cygwin/GNUARM-4.1.0/arm-elf/lib/libc.a(vsprintf.o)
 .debug_line    0x00000735       0x55 C:/cygwin/GNUARM-4.1.0/arm-elf/lib/libc.a(ctype_.o)
 .debug_line    0x0000078a       0xdd C:/cygwin/GNUARM-4.1.0/arm-elf/lib/libc.a(impure.o)
 .debug_line    0x00000867      0x529 C:/cygwin/GNUARM-4.1.0/arm-elf/lib/libc.a(vfprintf.o)
 .debug_line    0x00000d90      0x144 C:/cygwin/GNUARM-4.1.0/arm-elf/lib/libc.a(wcrtomb.o)
 .debug_line    0x00000ed4      0x16a C:/cygwin/GNUARM-4.1.0/arm-elf/lib/libc.a(wcsrtombs.o)
 .debug_line    0x0000103e      0x1f4 C:/cygwin/GNUARM-4.1.0/arm-elf/lib/libc.a(wctomb_r.o)
 .debug_line    0x00001232      0x142 C:/cygwin/GNUARM-4.1.0/arm-elf/lib/libc.a(wsetup.o)
 .debug_line    0x00001374      0x446 C:/cygwin/GNUARM-4.1.0/arm-elf/lib/libc.a(dtoa.o)
 .debug_line    0x000017ba      0x145 C:/cygwin/GNUARM-4.1.0/arm-elf/lib/libc.a(fflush.o)
 .debug_line    0x000018ff      0x1be C:/cygwin/GNUARM-4.1.0/arm-elf/lib/libc.a(findfp.o)
 .debug_line    0x00001abd      0x1a5 C:/cygwin/GNUARM-4.1.0/arm-elf/lib/libc.a(freer.o)
 .debug_line    0x00001c62      0x1dd C:/cygwin/GNUARM-4.1.0/arm-elf/lib/libc.a(fvwrite.o)
 .debug_line    0x00001e3f      0x145 C:/cygwin/GNUARM-4.1.0/arm-elf/lib/libc.a(fwalk.o)
 .debug_line    0x00001f84      0x147 C:/cygwin/GNUARM-4.1.0/arm-elf/lib/libc.a(locale.o)
 .debug_line    0x000020cb      0x16f C:/cygwin/GNUARM-4.1.0/arm-elf/lib/libc.a(makebuf.o)
 .debug_line    0x0000223a      0x226 C:/cygwin/GNUARM-4.1.0/arm-elf/lib/libc.a(mallocr.o)
 .debug_line    0x00002460       0xda C:/cygwin/GNUARM-4.1.0/arm-elf/lib/libc.a(memchr.o)
 .debug_line    0x0000253a       0xc5 C:/cygwin/GNUARM-4.1.0/arm-elf/lib/libc.a(memcpy.o)
 .debug_line    0x000025ff       0xd5 C:/cygwin/GNUARM-4.1.0/arm-elf/lib/libc.a(memmove.o)
 .debug_line    0x000026d4       0xcd C:/cygwin/GNUARM-4.1.0/arm-elf/lib/libc.a(memset.o)
 .debug_line    0x000027a1       0xef C:/cygwin/GNUARM-4.1.0/arm-elf/lib/libc.a(mlock.o)
 .debug_line    0x00002890      0x3e1 C:/cygwin/GNUARM-4.1.0/arm-elf/lib/libc.a(mprec.o)
 .debug_line    0x00002c71      0x1be C:/cygwin/GNUARM-4.1.0/arm-elf/lib/libc.a(reallocr.o)
 .debug_line    0x00002e2f       0xed C:/cygwin/GNUARM-4.1.0/arm-elf/lib/libc.a(s_isinf.o)
 .debug_line    0x00002f1c       0xea C:/cygwin/GNUARM-4.1.0/arm-elf/lib/libc.a(s_isnan.o)
 .debug_line    0x00003006       0xf2 C:/cygwin/GNUARM-4.1.0/arm-elf/lib/libc.a(sbrkr.o)
 .debug_line    0x000030f8      0x163 C:/cygwin/GNUARM-4.1.0/arm-elf/lib/libc.a(stdio.o)
 .debug_line    0x0000325b       0x7e C:/cygwin/GNUARM-4.1.0/arm-elf/lib/libc.a(strcmp.o)
 .debug_line    0x000032d9      0x2da C:/cygwin/GNUARM-4.1.0/arm-elf/lib/libc.a(syscalls.o)
 .debug_line    0x000035b3       0xf3 C:/cygwin/GNUARM-4.1.0/arm-elf/lib/libc.a(writer.o)
 .debug_line    0x000036a6       0xfb C:/cygwin/GNUARM-4.1.0/arm-elf/lib/libc.a(callocr.o)
 .debug_line    0x000037a1       0xf3 C:/cygwin/GNUARM-4.1.0/arm-elf/lib/libc.a(closer.o)
 .debug_line    0x00003894       0xec C:/cygwin/GNUARM-4.1.0/arm-elf/lib/libc.a(errno.o)
 .debug_line    0x00003980      0x144 C:/cygwin/GNUARM-4.1.0/arm-elf/lib/libc.a(fclose.o)
 .debug_line    0x00003ac4      0x13c C:/cygwin/GNUARM-4.1.0/arm-elf/lib/libc.a(fstatr.o)
 .debug_line    0x00003c00       0xf3 C:/cygwin/GNUARM-4.1.0/arm-elf/lib/libc.a(lseekr.o)
 .debug_line    0x00003cf3       0xf2 C:/cygwin/GNUARM-4.1.0/arm-elf/lib/libc.a(readr.o)
 .debug_line    0x00003de5      0x120 C:/cygwin/GNUARM-4.1.0/arm-elf/lib/libc.a(reent.o)
 .debug_line    0x00003f05       0x86 C:/cygwin/GNUARM-4.1.0/lib/gcc/arm-elf/4.1.0/libgcc.a(_udivsi3.o)
 .debug_line    0x00003f8b       0x6f C:/cygwin/GNUARM-4.1.0/lib/gcc/arm-elf/4.1.0/libgcc.a(_umodsi3.o)
 .debug_line    0x00003ffa       0x5a C:/cygwin/GNUARM-4.1.0/lib/gcc/arm-elf/4.1.0/libgcc.a(_dvmd_tls.o)
 .debug_line    0x00004054      0x1e5 C:/cygwin/GNUARM-4.1.0/lib/gcc/arm-elf/4.1.0/libgcc.a(_addsubdf3.o)
 .debug_line    0x00004239      0x1f6 C:/cygwin/GNUARM-4.1.0/lib/gcc/arm-elf/4.1.0/libgcc.a(_muldivdf3.o)
 .debug_line    0x0000442f       0xec C:/cygwin/GNUARM-4.1.0/lib/gcc/arm-elf/4.1.0/libgcc.a(_cmpdf2.o)
 .debug_line    0x0000451b       0x6f C:/cygwin/GNUARM-4.1.0/lib/gcc/arm-elf/4.1.0/libgcc.a(_fixdfsi.o)
 .debug_line    0x0000458a       0x6d C:/cygwin/GNUARM-4.1.0/lib/gcc/arm-elf/4.1.0/libgcc.a(_fixunsdfsi.o)

.debug_info     0x00000000    0x1818b
 .debug_info    0x00000000       0x65 s3c2450_startup.o
 .debug_info    0x00000065       0xad Timer.o
 .debug_info    0x00000112      0x350 Uart.o
 .debug_info    0x00000462       0xb4 Led.o
 .debug_info    0x00000516      0x149 Key.o
 .debug_info    0x0000065f       0xec Main.o
 .debug_info    0x0000074b      0x945 C:/cygwin/GNUARM-4.1.0/arm-elf/lib/libc.a(atoi.o)
 .debug_info    0x00001090       0xd4 C:/cygwin/GNUARM-4.1.0/arm-elf/lib/libc.a(strlen.o)
 .debug_info    0x00001164      0xa0f C:/cygwin/GNUARM-4.1.0/arm-elf/lib/libc.a(strtol.o)
 .debug_info    0x00001b73      0x9f3 C:/cygwin/GNUARM-4.1.0/arm-elf/lib/libc.a(vsprintf.o)
 .debug_info    0x00002566       0x79 C:/cygwin/GNUARM-4.1.0/arm-elf/lib/libc.a(ctype_.o)
 .debug_info    0x000025df      0x922 C:/cygwin/GNUARM-4.1.0/arm-elf/lib/libc.a(impure.o)
 .debug_info    0x00002f01     0x10ee C:/cygwin/GNUARM-4.1.0/arm-elf/lib/libc.a(vfprintf.o)
 .debug_info    0x00003fef      0x9ef C:/cygwin/GNUARM-4.1.0/arm-elf/lib/libc.a(wcrtomb.o)
 .debug_info    0x000049de      0xa84 C:/cygwin/GNUARM-4.1.0/arm-elf/lib/libc.a(wcsrtombs.o)
 .debug_info    0x00005462      0x9f7 C:/cygwin/GNUARM-4.1.0/arm-elf/lib/libc.a(wctomb_r.o)
 .debug_info    0x00005e59      0x93a C:/cygwin/GNUARM-4.1.0/arm-elf/lib/libc.a(wsetup.o)
 .debug_info    0x00006793      0xd61 C:/cygwin/GNUARM-4.1.0/arm-elf/lib/libc.a(dtoa.o)
 .debug_info    0x000074f4      0x974 C:/cygwin/GNUARM-4.1.0/arm-elf/lib/libc.a(fflush.o)
 .debug_info    0x00007e68      0xb61 C:/cygwin/GNUARM-4.1.0/arm-elf/lib/libc.a(findfp.o)
 .debug_info    0x000089c9      0xbb1 C:/cygwin/GNUARM-4.1.0/arm-elf/lib/libc.a(freer.o)
 .debug_info    0x0000957a      0xa5f C:/cygwin/GNUARM-4.1.0/arm-elf/lib/libc.a(fvwrite.o)
 .debug_info    0x00009fd9      0xad9 C:/cygwin/GNUARM-4.1.0/arm-elf/lib/libc.a(fwalk.o)
 .debug_info    0x0000aab2      0xb7e C:/cygwin/GNUARM-4.1.0/arm-elf/lib/libc.a(locale.o)
 .debug_info    0x0000b630      0xad9 C:/cygwin/GNUARM-4.1.0/arm-elf/lib/libc.a(makebuf.o)
 .debug_info    0x0000c109      0xcba C:/cygwin/GNUARM-4.1.0/arm-elf/lib/libc.a(mallocr.o)
 .debug_info    0x0000cdc3      0x133 C:/cygwin/GNUARM-4.1.0/arm-elf/lib/libc.a(memchr.o)
 .debug_info    0x0000cef6      0x10a C:/cygwin/GNUARM-4.1.0/arm-elf/lib/libc.a(memcpy.o)
 .debug_info    0x0000d000      0x13f C:/cygwin/GNUARM-4.1.0/arm-elf/lib/libc.a(memmove.o)
 .debug_info    0x0000d13f      0x10e C:/cygwin/GNUARM-4.1.0/arm-elf/lib/libc.a(memset.o)
 .debug_info    0x0000d24d      0x93c C:/cygwin/GNUARM-4.1.0/arm-elf/lib/libc.a(mlock.o)
 .debug_info    0x0000db89     0x1319 C:/cygwin/GNUARM-4.1.0/arm-elf/lib/libc.a(mprec.o)
 .debug_info    0x0000eea2      0xbc7 C:/cygwin/GNUARM-4.1.0/arm-elf/lib/libc.a(reallocr.o)
 .debug_info    0x0000fa69      0x153 C:/cygwin/GNUARM-4.1.0/arm-elf/lib/libc.a(s_isinf.o)
 .debug_info    0x0000fbbc      0x151 C:/cygwin/GNUARM-4.1.0/arm-elf/lib/libc.a(s_isnan.o)
 .debug_info    0x0000fd0d      0x94e C:/cygwin/GNUARM-4.1.0/arm-elf/lib/libc.a(sbrkr.o)
 .debug_info    0x0001065b      0xa70 C:/cygwin/GNUARM-4.1.0/arm-elf/lib/libc.a(stdio.o)
 .debug_info    0x000110cb       0xd8 C:/cygwin/GNUARM-4.1.0/arm-elf/lib/libc.a(strcmp.o)
 .debug_info    0x000111a3     0x159c C:/cygwin/GNUARM-4.1.0/arm-elf/lib/libc.a(syscalls.o)
 .debug_info    0x0001273f      0x981 C:/cygwin/GNUARM-4.1.0/arm-elf/lib/libc.a(writer.o)
 .debug_info    0x000130c0      0xa01 C:/cygwin/GNUARM-4.1.0/arm-elf/lib/libc.a(callocr.o)
 .debug_info    0x00013ac1      0x946 C:/cygwin/GNUARM-4.1.0/arm-elf/lib/libc.a(closer.o)
 .debug_info    0x00014407      0x913 C:/cygwin/GNUARM-4.1.0/arm-elf/lib/libc.a(errno.o)
 .debug_info    0x00014d1a      0x980 C:/cygwin/GNUARM-4.1.0/arm-elf/lib/libc.a(fclose.o)
 .debug_info    0x0001569a      0xabe C:/cygwin/GNUARM-4.1.0/arm-elf/lib/libc.a(fstatr.o)
 .debug_info    0x00016158      0x96b C:/cygwin/GNUARM-4.1.0/arm-elf/lib/libc.a(lseekr.o)
 .debug_info    0x00016ac3      0x97a C:/cygwin/GNUARM-4.1.0/arm-elf/lib/libc.a(readr.o)
 .debug_info    0x0001743d      0xa03 C:/cygwin/GNUARM-4.1.0/arm-elf/lib/libc.a(reent.o)
 .debug_info    0x00017e40       0x6a C:/cygwin/GNUARM-4.1.0/lib/gcc/arm-elf/4.1.0/libgcc.a(_udivsi3.o)
 .debug_info    0x00017eaa       0x6a C:/cygwin/GNUARM-4.1.0/lib/gcc/arm-elf/4.1.0/libgcc.a(_umodsi3.o)
 .debug_info    0x00017f14       0x6a C:/cygwin/GNUARM-4.1.0/lib/gcc/arm-elf/4.1.0/libgcc.a(_dvmd_tls.o)
 .debug_info    0x00017f7e       0x69 C:/cygwin/GNUARM-4.1.0/lib/gcc/arm-elf/4.1.0/libgcc.a(_addsubdf3.o)
 .debug_info    0x00017fe7       0x69 C:/cygwin/GNUARM-4.1.0/lib/gcc/arm-elf/4.1.0/libgcc.a(_muldivdf3.o)
 .debug_info    0x00018050       0x69 C:/cygwin/GNUARM-4.1.0/lib/gcc/arm-elf/4.1.0/libgcc.a(_cmpdf2.o)
 .debug_info    0x000180b9       0x69 C:/cygwin/GNUARM-4.1.0/lib/gcc/arm-elf/4.1.0/libgcc.a(_fixdfsi.o)
 .debug_info    0x00018122       0x69 C:/cygwin/GNUARM-4.1.0/lib/gcc/arm-elf/4.1.0/libgcc.a(_fixunsdfsi.o)

.debug_abbrev   0x00000000     0x44cf
 .debug_abbrev  0x00000000       0x14 s3c2450_startup.o
 .debug_abbrev  0x00000014       0x5a Timer.o
 .debug_abbrev  0x0000006e       0xe4 Uart.o
 .debug_abbrev  0x00000152       0x67 Led.o
 .debug_abbrev  0x000001b9       0x5c Key.o
 .debug_abbrev  0x00000215       0x5d Main.o
 .debug_abbrev  0x00000272      0x176 C:/cygwin/GNUARM-4.1.0/arm-elf/lib/libc.a(atoi.o)
 .debug_abbrev  0x000003e8       0x8b C:/cygwin/GNUARM-4.1.0/arm-elf/lib/libc.a(strlen.o)
 .debug_abbrev  0x00000473      0x1bd C:/cygwin/GNUARM-4.1.0/arm-elf/lib/libc.a(strtol.o)
 .debug_abbrev  0x00000630      0x18c C:/cygwin/GNUARM-4.1.0/arm-elf/lib/libc.a(vsprintf.o)
 .debug_abbrev  0x000007bc       0x52 C:/cygwin/GNUARM-4.1.0/arm-elf/lib/libc.a(ctype_.o)
 .debug_abbrev  0x0000080e      0x157 C:/cygwin/GNUARM-4.1.0/arm-elf/lib/libc.a(impure.o)
 .debug_abbrev  0x00000965      0x367 C:/cygwin/GNUARM-4.1.0/arm-elf/lib/libc.a(vfprintf.o)
 .debug_abbrev  0x00000ccc      0x18e C:/cygwin/GNUARM-4.1.0/arm-elf/lib/libc.a(wcrtomb.o)
 .debug_abbrev  0x00000e5a      0x1a4 C:/cygwin/GNUARM-4.1.0/arm-elf/lib/libc.a(wcsrtombs.o)
 .debug_abbrev  0x00000ffe      0x1ab C:/cygwin/GNUARM-4.1.0/arm-elf/lib/libc.a(wctomb_r.o)
 .debug_abbrev  0x000011a9      0x170 C:/cygwin/GNUARM-4.1.0/arm-elf/lib/libc.a(wsetup.o)
 .debug_abbrev  0x00001319      0x223 C:/cygwin/GNUARM-4.1.0/arm-elf/lib/libc.a(dtoa.o)
 .debug_abbrev  0x0000153c      0x17f C:/cygwin/GNUARM-4.1.0/arm-elf/lib/libc.a(fflush.o)
 .debug_abbrev  0x000016bb      0x24c C:/cygwin/GNUARM-4.1.0/arm-elf/lib/libc.a(findfp.o)
 .debug_abbrev  0x00001907      0x1e8 C:/cygwin/GNUARM-4.1.0/arm-elf/lib/libc.a(freer.o)
 .debug_abbrev  0x00001aef      0x1b4 C:/cygwin/GNUARM-4.1.0/arm-elf/lib/libc.a(fvwrite.o)
 .debug_abbrev  0x00001ca3      0x1ee C:/cygwin/GNUARM-4.1.0/arm-elf/lib/libc.a(fwalk.o)
 .debug_abbrev  0x00001e91      0x1de C:/cygwin/GNUARM-4.1.0/arm-elf/lib/libc.a(locale.o)
 .debug_abbrev  0x0000206f      0x1a8 C:/cygwin/GNUARM-4.1.0/arm-elf/lib/libc.a(makebuf.o)
 .debug_abbrev  0x00002217      0x225 C:/cygwin/GNUARM-4.1.0/arm-elf/lib/libc.a(mallocr.o)
 .debug_abbrev  0x0000243c       0xb5 C:/cygwin/GNUARM-4.1.0/arm-elf/lib/libc.a(memchr.o)
 .debug_abbrev  0x000024f1       0xa6 C:/cygwin/GNUARM-4.1.0/arm-elf/lib/libc.a(memcpy.o)
 .debug_abbrev  0x00002597       0x99 C:/cygwin/GNUARM-4.1.0/arm-elf/lib/libc.a(memmove.o)
 .debug_abbrev  0x00002630       0xa9 C:/cygwin/GNUARM-4.1.0/arm-elf/lib/libc.a(memset.o)
 .debug_abbrev  0x000026d9      0x16a C:/cygwin/GNUARM-4.1.0/arm-elf/lib/libc.a(mlock.o)
 .debug_abbrev  0x00002843      0x280 C:/cygwin/GNUARM-4.1.0/arm-elf/lib/libc.a(mprec.o)
 .debug_abbrev  0x00002ac3      0x1c3 C:/cygwin/GNUARM-4.1.0/arm-elf/lib/libc.a(reallocr.o)
 .debug_abbrev  0x00002c86       0xd4 C:/cygwin/GNUARM-4.1.0/arm-elf/lib/libc.a(s_isinf.o)
 .debug_abbrev  0x00002d5a       0xd4 C:/cygwin/GNUARM-4.1.0/arm-elf/lib/libc.a(s_isnan.o)
 .debug_abbrev  0x00002e2e      0x18c C:/cygwin/GNUARM-4.1.0/arm-elf/lib/libc.a(sbrkr.o)
 .debug_abbrev  0x00002fba      0x1b4 C:/cygwin/GNUARM-4.1.0/arm-elf/lib/libc.a(stdio.o)
 .debug_abbrev  0x0000316e       0x71 C:/cygwin/GNUARM-4.1.0/arm-elf/lib/libc.a(strcmp.o)
 .debug_abbrev  0x000031df      0x407 C:/cygwin/GNUARM-4.1.0/arm-elf/lib/libc.a(syscalls.o)
 .debug_abbrev  0x000035e6      0x184 C:/cygwin/GNUARM-4.1.0/arm-elf/lib/libc.a(writer.o)
 .debug_abbrev  0x0000376a      0x1be C:/cygwin/GNUARM-4.1.0/arm-elf/lib/libc.a(callocr.o)
 .debug_abbrev  0x00003928      0x17f C:/cygwin/GNUARM-4.1.0/arm-elf/lib/libc.a(closer.o)
 .debug_abbrev  0x00003aa7      0x15f C:/cygwin/GNUARM-4.1.0/arm-elf/lib/libc.a(errno.o)
 .debug_abbrev  0x00003c06      0x1a7 C:/cygwin/GNUARM-4.1.0/arm-elf/lib/libc.a(fclose.o)
 .debug_abbrev  0x00003dad      0x18e C:/cygwin/GNUARM-4.1.0/arm-elf/lib/libc.a(fstatr.o)
 .debug_abbrev  0x00003f3b      0x18c C:/cygwin/GNUARM-4.1.0/arm-elf/lib/libc.a(lseekr.o)
 .debug_abbrev  0x000040c7      0x17f C:/cygwin/GNUARM-4.1.0/arm-elf/lib/libc.a(readr.o)
 .debug_abbrev  0x00004246      0x1e9 C:/cygwin/GNUARM-4.1.0/arm-elf/lib/libc.a(reent.o)
 .debug_abbrev  0x0000442f       0x14 C:/cygwin/GNUARM-4.1.0/lib/gcc/arm-elf/4.1.0/libgcc.a(_udivsi3.o)
 .debug_abbrev  0x00004443       0x14 C:/cygwin/GNUARM-4.1.0/lib/gcc/arm-elf/4.1.0/libgcc.a(_umodsi3.o)
 .debug_abbrev  0x00004457       0x14 C:/cygwin/GNUARM-4.1.0/lib/gcc/arm-elf/4.1.0/libgcc.a(_dvmd_tls.o)
 .debug_abbrev  0x0000446b       0x14 C:/cygwin/GNUARM-4.1.0/lib/gcc/arm-elf/4.1.0/libgcc.a(_addsubdf3.o)
 .debug_abbrev  0x0000447f       0x14 C:/cygwin/GNUARM-4.1.0/lib/gcc/arm-elf/4.1.0/libgcc.a(_muldivdf3.o)
 .debug_abbrev  0x00004493       0x14 C:/cygwin/GNUARM-4.1.0/lib/gcc/arm-elf/4.1.0/libgcc.a(_cmpdf2.o)
 .debug_abbrev  0x000044a7       0x14 C:/cygwin/GNUARM-4.1.0/lib/gcc/arm-elf/4.1.0/libgcc.a(_fixdfsi.o)
 .debug_abbrev  0x000044bb       0x14 C:/cygwin/GNUARM-4.1.0/lib/gcc/arm-elf/4.1.0/libgcc.a(_fixunsdfsi.o)

.debug_aranges  0x00000000      0x6c0
 .debug_aranges
                0x00000000       0x20 s3c2450_startup.o
 .debug_aranges
                0x00000020       0x20 Timer.o
 .debug_aranges
                0x00000040       0x20 Uart.o
 .debug_aranges
                0x00000060       0x20 Led.o
 .debug_aranges
                0x00000080       0x20 Key.o
 .debug_aranges
                0x000000a0       0x20 Main.o
 .debug_aranges
                0x000000c0       0x20 C:/cygwin/GNUARM-4.1.0/arm-elf/lib/libc.a(atoi.o)
 .debug_aranges
                0x000000e0       0x20 C:/cygwin/GNUARM-4.1.0/arm-elf/lib/libc.a(strlen.o)
 .debug_aranges
                0x00000100       0x20 C:/cygwin/GNUARM-4.1.0/arm-elf/lib/libc.a(strtol.o)
 .debug_aranges
                0x00000120       0x20 C:/cygwin/GNUARM-4.1.0/arm-elf/lib/libc.a(vsprintf.o)
 .debug_aranges
                0x00000140       0x20 C:/cygwin/GNUARM-4.1.0/arm-elf/lib/libc.a(vfprintf.o)
 .debug_aranges
                0x00000160       0x20 C:/cygwin/GNUARM-4.1.0/arm-elf/lib/libc.a(wcrtomb.o)
 .debug_aranges
                0x00000180       0x20 C:/cygwin/GNUARM-4.1.0/arm-elf/lib/libc.a(wcsrtombs.o)
 .debug_aranges
                0x000001a0       0x20 C:/cygwin/GNUARM-4.1.0/arm-elf/lib/libc.a(wctomb_r.o)
 .debug_aranges
                0x000001c0       0x20 C:/cygwin/GNUARM-4.1.0/arm-elf/lib/libc.a(wsetup.o)
 .debug_aranges
                0x000001e0       0x20 C:/cygwin/GNUARM-4.1.0/arm-elf/lib/libc.a(dtoa.o)
 .debug_aranges
                0x00000200       0x20 C:/cygwin/GNUARM-4.1.0/arm-elf/lib/libc.a(fflush.o)
 .debug_aranges
                0x00000220       0x20 C:/cygwin/GNUARM-4.1.0/arm-elf/lib/libc.a(findfp.o)
 .debug_aranges
                0x00000240       0x20 C:/cygwin/GNUARM-4.1.0/arm-elf/lib/libc.a(freer.o)
 .debug_aranges
                0x00000260       0x20 C:/cygwin/GNUARM-4.1.0/arm-elf/lib/libc.a(fvwrite.o)
 .debug_aranges
                0x00000280       0x20 C:/cygwin/GNUARM-4.1.0/arm-elf/lib/libc.a(fwalk.o)
 .debug_aranges
                0x000002a0       0x20 C:/cygwin/GNUARM-4.1.0/arm-elf/lib/libc.a(locale.o)
 .debug_aranges
                0x000002c0       0x20 C:/cygwin/GNUARM-4.1.0/arm-elf/lib/libc.a(makebuf.o)
 .debug_aranges
                0x000002e0       0x20 C:/cygwin/GNUARM-4.1.0/arm-elf/lib/libc.a(mallocr.o)
 .debug_aranges
                0x00000300       0x20 C:/cygwin/GNUARM-4.1.0/arm-elf/lib/libc.a(memchr.o)
 .debug_aranges
                0x00000320       0x20 C:/cygwin/GNUARM-4.1.0/arm-elf/lib/libc.a(memcpy.o)
 .debug_aranges
                0x00000340       0x20 C:/cygwin/GNUARM-4.1.0/arm-elf/lib/libc.a(memmove.o)
 .debug_aranges
                0x00000360       0x20 C:/cygwin/GNUARM-4.1.0/arm-elf/lib/libc.a(memset.o)
 .debug_aranges
                0x00000380       0x20 C:/cygwin/GNUARM-4.1.0/arm-elf/lib/libc.a(mlock.o)
 .debug_aranges
                0x000003a0       0x20 C:/cygwin/GNUARM-4.1.0/arm-elf/lib/libc.a(mprec.o)
 .debug_aranges
                0x000003c0       0x20 C:/cygwin/GNUARM-4.1.0/arm-elf/lib/libc.a(reallocr.o)
 .debug_aranges
                0x000003e0       0x20 C:/cygwin/GNUARM-4.1.0/arm-elf/lib/libc.a(s_isinf.o)
 .debug_aranges
                0x00000400       0x20 C:/cygwin/GNUARM-4.1.0/arm-elf/lib/libc.a(s_isnan.o)
 .debug_aranges
                0x00000420       0x20 C:/cygwin/GNUARM-4.1.0/arm-elf/lib/libc.a(sbrkr.o)
 .debug_aranges
                0x00000440       0x20 C:/cygwin/GNUARM-4.1.0/arm-elf/lib/libc.a(stdio.o)
 .debug_aranges
                0x00000460       0x20 C:/cygwin/GNUARM-4.1.0/arm-elf/lib/libc.a(strcmp.o)
 .debug_aranges
                0x00000480       0x20 C:/cygwin/GNUARM-4.1.0/arm-elf/lib/libc.a(syscalls.o)
 .debug_aranges
                0x000004a0       0x20 C:/cygwin/GNUARM-4.1.0/arm-elf/lib/libc.a(writer.o)
 .debug_aranges
                0x000004c0       0x20 C:/cygwin/GNUARM-4.1.0/arm-elf/lib/libc.a(callocr.o)
 .debug_aranges
                0x000004e0       0x20 C:/cygwin/GNUARM-4.1.0/arm-elf/lib/libc.a(closer.o)
 .debug_aranges
                0x00000500       0x20 C:/cygwin/GNUARM-4.1.0/arm-elf/lib/libc.a(errno.o)
 .debug_aranges
                0x00000520       0x20 C:/cygwin/GNUARM-4.1.0/arm-elf/lib/libc.a(fclose.o)
 .debug_aranges
                0x00000540       0x20 C:/cygwin/GNUARM-4.1.0/arm-elf/lib/libc.a(fstatr.o)
 .debug_aranges
                0x00000560       0x20 C:/cygwin/GNUARM-4.1.0/arm-elf/lib/libc.a(lseekr.o)
 .debug_aranges
                0x00000580       0x20 C:/cygwin/GNUARM-4.1.0/arm-elf/lib/libc.a(readr.o)
 .debug_aranges
                0x000005a0       0x20 C:/cygwin/GNUARM-4.1.0/arm-elf/lib/libc.a(reent.o)
 .debug_aranges
                0x000005c0       0x20 C:/cygwin/GNUARM-4.1.0/lib/gcc/arm-elf/4.1.0/libgcc.a(_udivsi3.o)
 .debug_aranges
                0x000005e0       0x20 C:/cygwin/GNUARM-4.1.0/lib/gcc/arm-elf/4.1.0/libgcc.a(_umodsi3.o)
 .debug_aranges
                0x00000600       0x20 C:/cygwin/GNUARM-4.1.0/lib/gcc/arm-elf/4.1.0/libgcc.a(_dvmd_tls.o)
 .debug_aranges
                0x00000620       0x20 C:/cygwin/GNUARM-4.1.0/lib/gcc/arm-elf/4.1.0/libgcc.a(_addsubdf3.o)
 .debug_aranges
                0x00000640       0x20 C:/cygwin/GNUARM-4.1.0/lib/gcc/arm-elf/4.1.0/libgcc.a(_muldivdf3.o)
 .debug_aranges
                0x00000660       0x20 C:/cygwin/GNUARM-4.1.0/lib/gcc/arm-elf/4.1.0/libgcc.a(_cmpdf2.o)
 .debug_aranges
                0x00000680       0x20 C:/cygwin/GNUARM-4.1.0/lib/gcc/arm-elf/4.1.0/libgcc.a(_fixdfsi.o)
 .debug_aranges
                0x000006a0       0x20 C:/cygwin/GNUARM-4.1.0/lib/gcc/arm-elf/4.1.0/libgcc.a(_fixunsdfsi.o)

.debug_frame    0x00000000     0x11a4
 .debug_frame   0x00000000       0x54 Timer.o
 .debug_frame   0x00000054      0x15c Uart.o
 .debug_frame   0x000001b0       0x50 Led.o
 .debug_frame   0x00000200       0xb0 Key.o
 .debug_frame   0x000002b0       0x58 Main.o
 .debug_frame   0x00000308       0x30 C:/cygwin/GNUARM-4.1.0/arm-elf/lib/libc.a(atoi.o)
 .debug_frame   0x00000338       0x20 C:/cygwin/GNUARM-4.1.0/arm-elf/lib/libc.a(strlen.o)
 .debug_frame   0x00000358       0x50 C:/cygwin/GNUARM-4.1.0/arm-elf/lib/libc.a(strtol.o)
 .debug_frame   0x000003a8       0x48 C:/cygwin/GNUARM-4.1.0/arm-elf/lib/libc.a(vsprintf.o)
 .debug_frame   0x000003f0       0x6c C:/cygwin/GNUARM-4.1.0/arm-elf/lib/libc.a(vfprintf.o)
 .debug_frame   0x0000045c       0x44 C:/cygwin/GNUARM-4.1.0/arm-elf/lib/libc.a(wcrtomb.o)
 .debug_frame   0x000004a0       0x54 C:/cygwin/GNUARM-4.1.0/arm-elf/lib/libc.a(wcsrtombs.o)
 .debug_frame   0x000004f4       0x30 C:/cygwin/GNUARM-4.1.0/arm-elf/lib/libc.a(wctomb_r.o)
 .debug_frame   0x00000524       0x2c C:/cygwin/GNUARM-4.1.0/arm-elf/lib/libc.a(wsetup.o)
 .debug_frame   0x00000550       0x60 C:/cygwin/GNUARM-4.1.0/arm-elf/lib/libc.a(dtoa.o)
 .debug_frame   0x000005b0       0x2c C:/cygwin/GNUARM-4.1.0/arm-elf/lib/libc.a(fflush.o)
 .debug_frame   0x000005dc      0x114 C:/cygwin/GNUARM-4.1.0/arm-elf/lib/libc.a(findfp.o)
 .debug_frame   0x000006f0       0x54 C:/cygwin/GNUARM-4.1.0/arm-elf/lib/libc.a(freer.o)
 .debug_frame   0x00000744       0x38 C:/cygwin/GNUARM-4.1.0/arm-elf/lib/libc.a(fvwrite.o)
 .debug_frame   0x0000077c       0x58 C:/cygwin/GNUARM-4.1.0/arm-elf/lib/libc.a(fwalk.o)
 .debug_frame   0x000007d4       0x6c C:/cygwin/GNUARM-4.1.0/arm-elf/lib/libc.a(locale.o)
 .debug_frame   0x00000840       0x30 C:/cygwin/GNUARM-4.1.0/arm-elf/lib/libc.a(makebuf.o)
 .debug_frame   0x00000870       0x38 C:/cygwin/GNUARM-4.1.0/arm-elf/lib/libc.a(mallocr.o)
 .debug_frame   0x000008a8       0x28 C:/cygwin/GNUARM-4.1.0/arm-elf/lib/libc.a(memchr.o)
 .debug_frame   0x000008d0       0x28 C:/cygwin/GNUARM-4.1.0/arm-elf/lib/libc.a(memcpy.o)
 .debug_frame   0x000008f8       0x28 C:/cygwin/GNUARM-4.1.0/arm-elf/lib/libc.a(memmove.o)
 .debug_frame   0x00000920       0x20 C:/cygwin/GNUARM-4.1.0/arm-elf/lib/libc.a(memset.o)
 .debug_frame   0x00000940       0x30 C:/cygwin/GNUARM-4.1.0/arm-elf/lib/libc.a(mlock.o)
 .debug_frame   0x00000970      0x1f0 C:/cygwin/GNUARM-4.1.0/arm-elf/lib/libc.a(mprec.o)
 .debug_frame   0x00000b60       0x38 C:/cygwin/GNUARM-4.1.0/arm-elf/lib/libc.a(reallocr.o)
 .debug_frame   0x00000b98       0x28 C:/cygwin/GNUARM-4.1.0/arm-elf/lib/libc.a(s_isinf.o)
 .debug_frame   0x00000bc0       0x28 C:/cygwin/GNUARM-4.1.0/arm-elf/lib/libc.a(s_isnan.o)
 .debug_frame   0x00000be8       0x2c C:/cygwin/GNUARM-4.1.0/arm-elf/lib/libc.a(sbrkr.o)
 .debug_frame   0x00000c14       0x70 C:/cygwin/GNUARM-4.1.0/arm-elf/lib/libc.a(stdio.o)
 .debug_frame   0x00000c84       0x20 C:/cygwin/GNUARM-4.1.0/arm-elf/lib/libc.a(strcmp.o)
 .debug_frame   0x00000ca4      0x2e8 C:/cygwin/GNUARM-4.1.0/arm-elf/lib/libc.a(syscalls.o)
 .debug_frame   0x00000f8c       0x2c C:/cygwin/GNUARM-4.1.0/arm-elf/lib/libc.a(writer.o)
 .debug_frame   0x00000fb8       0x28 C:/cygwin/GNUARM-4.1.0/arm-elf/lib/libc.a(callocr.o)
 .debug_frame   0x00000fe0       0x2c C:/cygwin/GNUARM-4.1.0/arm-elf/lib/libc.a(closer.o)
 .debug_frame   0x0000100c       0x20 C:/cygwin/GNUARM-4.1.0/arm-elf/lib/libc.a(errno.o)
 .debug_frame   0x0000102c       0x3c C:/cygwin/GNUARM-4.1.0/arm-elf/lib/libc.a(fclose.o)
 .debug_frame   0x00001068       0x2c C:/cygwin/GNUARM-4.1.0/arm-elf/lib/libc.a(fstatr.o)
 .debug_frame   0x00001094       0x2c C:/cygwin/GNUARM-4.1.0/arm-elf/lib/libc.a(lseekr.o)
 .debug_frame   0x000010c0       0x2c C:/cygwin/GNUARM-4.1.0/arm-elf/lib/libc.a(readr.o)
 .debug_frame   0x000010ec       0x68 C:/cygwin/GNUARM-4.1.0/arm-elf/lib/libc.a(reent.o)
 .debug_frame   0x00001154       0x28 C:/cygwin/GNUARM-4.1.0/lib/gcc/arm-elf/4.1.0/libgcc.a(_udivsi3.o)
 .debug_frame   0x0000117c       0x28 C:/cygwin/GNUARM-4.1.0/lib/gcc/arm-elf/4.1.0/libgcc.a(_umodsi3.o)

.debug_loc      0x00000000     0x828c
 .debug_loc     0x00000000       0x54 Timer.o
 .debug_loc     0x00000054      0x1a4 Uart.o
 .debug_loc     0x000001f8       0x54 Led.o
 .debug_loc     0x0000024c       0xd2 Key.o
 .debug_loc     0x0000031e       0x54 Main.o
 .debug_loc     0x00000372       0x39 C:/cygwin/GNUARM-4.1.0/arm-elf/lib/libc.a(atoi.o)
 .debug_loc     0x000003ab       0x47 C:/cygwin/GNUARM-4.1.0/arm-elf/lib/libc.a(strlen.o)
 .debug_loc     0x000003f2      0x20b C:/cygwin/GNUARM-4.1.0/arm-elf/lib/libc.a(strtol.o)
 .debug_loc     0x000005fd      0x109 C:/cygwin/GNUARM-4.1.0/arm-elf/lib/libc.a(vsprintf.o)
 .debug_loc     0x00000706     0x1b8d C:/cygwin/GNUARM-4.1.0/arm-elf/lib/libc.a(vfprintf.o)
 .debug_loc     0x00002293      0x145 C:/cygwin/GNUARM-4.1.0/arm-elf/lib/libc.a(wcrtomb.o)
 .debug_loc     0x000023d8      0x2b2 C:/cygwin/GNUARM-4.1.0/arm-elf/lib/libc.a(wcsrtombs.o)
 .debug_loc     0x0000268a      0x248 C:/cygwin/GNUARM-4.1.0/arm-elf/lib/libc.a(wctomb_r.o)
 .debug_loc     0x000028d2       0x3d C:/cygwin/GNUARM-4.1.0/arm-elf/lib/libc.a(wsetup.o)
 .debug_loc     0x0000290f     0x1665 C:/cygwin/GNUARM-4.1.0/arm-elf/lib/libc.a(dtoa.o)
 .debug_loc     0x00003f74       0xad C:/cygwin/GNUARM-4.1.0/arm-elf/lib/libc.a(fflush.o)
 .debug_loc     0x00004021      0x20c C:/cygwin/GNUARM-4.1.0/arm-elf/lib/libc.a(findfp.o)
 .debug_loc     0x0000422d      0x38f C:/cygwin/GNUARM-4.1.0/arm-elf/lib/libc.a(freer.o)
 .debug_loc     0x000045bc      0x328 C:/cygwin/GNUARM-4.1.0/arm-elf/lib/libc.a(fvwrite.o)
 .debug_loc     0x000048e4      0x17b C:/cygwin/GNUARM-4.1.0/arm-elf/lib/libc.a(fwalk.o)
 .debug_loc     0x00004a5f       0xe9 C:/cygwin/GNUARM-4.1.0/arm-elf/lib/libc.a(locale.o)
 .debug_loc     0x00004b48       0xa7 C:/cygwin/GNUARM-4.1.0/arm-elf/lib/libc.a(makebuf.o)
 .debug_loc     0x00004bef      0x795 C:/cygwin/GNUARM-4.1.0/arm-elf/lib/libc.a(mallocr.o)
 .debug_loc     0x00005384      0x193 C:/cygwin/GNUARM-4.1.0/arm-elf/lib/libc.a(memchr.o)
 .debug_loc     0x00005517       0xdb C:/cygwin/GNUARM-4.1.0/arm-elf/lib/libc.a(memcpy.o)
 .debug_loc     0x000055f2      0x151 C:/cygwin/GNUARM-4.1.0/arm-elf/lib/libc.a(memmove.o)
 .debug_loc     0x00005743       0xa9 C:/cygwin/GNUARM-4.1.0/arm-elf/lib/libc.a(memset.o)
 .debug_loc     0x000057ec      0xffc C:/cygwin/GNUARM-4.1.0/arm-elf/lib/libc.a(mprec.o)
 .debug_loc     0x000067e8      0x922 C:/cygwin/GNUARM-4.1.0/arm-elf/lib/libc.a(reallocr.o)
 .debug_loc     0x0000710a       0x6d C:/cygwin/GNUARM-4.1.0/arm-elf/lib/libc.a(s_isinf.o)
 .debug_loc     0x00007177       0x4f C:/cygwin/GNUARM-4.1.0/arm-elf/lib/libc.a(s_isnan.o)
 .debug_loc     0x000071c6       0x50 C:/cygwin/GNUARM-4.1.0/arm-elf/lib/libc.a(sbrkr.o)
 .debug_loc     0x00007216      0x1a4 C:/cygwin/GNUARM-4.1.0/arm-elf/lib/libc.a(stdio.o)
 .debug_loc     0x000073ba       0xaf C:/cygwin/GNUARM-4.1.0/arm-elf/lib/libc.a(strcmp.o)
 .debug_loc     0x00007469      0x894 C:/cygwin/GNUARM-4.1.0/arm-elf/lib/libc.a(syscalls.o)
 .debug_loc     0x00007cfd       0xaa C:/cygwin/GNUARM-4.1.0/arm-elf/lib/libc.a(writer.o)
 .debug_loc     0x00007da7       0xd6 C:/cygwin/GNUARM-4.1.0/arm-elf/lib/libc.a(callocr.o)
 .debug_loc     0x00007e7d       0x63 C:/cygwin/GNUARM-4.1.0/arm-elf/lib/libc.a(closer.o)
 .debug_loc     0x00007ee0       0xa2 C:/cygwin/GNUARM-4.1.0/arm-elf/lib/libc.a(fclose.o)
 .debug_loc     0x00007f82       0x81 C:/cygwin/GNUARM-4.1.0/arm-elf/lib/libc.a(fstatr.o)
 .debug_loc     0x00008003       0x97 C:/cygwin/GNUARM-4.1.0/arm-elf/lib/libc.a(lseekr.o)
 .debug_loc     0x0000809a       0xaa C:/cygwin/GNUARM-4.1.0/arm-elf/lib/libc.a(readr.o)
 .debug_loc     0x00008144      0x148 C:/cygwin/GNUARM-4.1.0/arm-elf/lib/libc.a(reent.o)

.debug_pubnames
                0x00000000      0xc33
 .debug_pubnames
                0x00000000       0x31 Timer.o
 .debug_pubnames
                0x00000031       0xbf Uart.o
 .debug_pubnames
                0x000000f0       0x2f Led.o
 .debug_pubnames
                0x0000011f       0x81 Key.o
 .debug_pubnames
                0x000001a0       0x35 Main.o
 .debug_pubnames
                0x000001d5       0x27 C:/cygwin/GNUARM-4.1.0/arm-elf/lib/libc.a(atoi.o)
 .debug_pubnames
                0x000001fc       0x1d C:/cygwin/GNUARM-4.1.0/arm-elf/lib/libc.a(strlen.o)
 .debug_pubnames
                0x00000219       0x2b C:/cygwin/GNUARM-4.1.0/arm-elf/lib/libc.a(strtol.o)
 .debug_pubnames
                0x00000244       0x2f C:/cygwin/GNUARM-4.1.0/arm-elf/lib/libc.a(vsprintf.o)
 .debug_pubnames
                0x00000273       0x2e C:/cygwin/GNUARM-4.1.0/arm-elf/lib/libc.a(ctype_.o)
 .debug_pubnames
                0x000002a1       0x39 C:/cygwin/GNUARM-4.1.0/arm-elf/lib/libc.a(impure.o)
 .debug_pubnames
                0x000002da       0x2f C:/cygwin/GNUARM-4.1.0/arm-elf/lib/libc.a(vfprintf.o)
 .debug_pubnames
                0x00000309       0x2d C:/cygwin/GNUARM-4.1.0/arm-elf/lib/libc.a(wcrtomb.o)
 .debug_pubnames
                0x00000336       0x31 C:/cygwin/GNUARM-4.1.0/arm-elf/lib/libc.a(wcsrtombs.o)
 .debug_pubnames
                0x00000367       0x20 C:/cygwin/GNUARM-4.1.0/arm-elf/lib/libc.a(wctomb_r.o)
 .debug_pubnames
                0x00000387       0x20 C:/cygwin/GNUARM-4.1.0/arm-elf/lib/libc.a(wsetup.o)
 .debug_pubnames
                0x000003a7       0x1e C:/cygwin/GNUARM-4.1.0/arm-elf/lib/libc.a(dtoa.o)
 .debug_pubnames
                0x000003c5       0x1d C:/cygwin/GNUARM-4.1.0/arm-elf/lib/libc.a(fflush.o)
 .debug_pubnames
                0x000003e2       0xdb C:/cygwin/GNUARM-4.1.0/arm-elf/lib/libc.a(findfp.o)
 .debug_pubnames
                0x000004bd       0x31 C:/cygwin/GNUARM-4.1.0/arm-elf/lib/libc.a(freer.o)
 .debug_pubnames
                0x000004ee       0x21 C:/cygwin/GNUARM-4.1.0/arm-elf/lib/libc.a(fvwrite.o)
 .debug_pubnames
                0x0000050f       0x2e C:/cygwin/GNUARM-4.1.0/arm-elf/lib/libc.a(fwalk.o)
 .debug_pubnames
                0x0000053d       0xc3 C:/cygwin/GNUARM-4.1.0/arm-elf/lib/libc.a(locale.o)
 .debug_pubnames
                0x00000600       0x21 C:/cygwin/GNUARM-4.1.0/arm-elf/lib/libc.a(makebuf.o)
 .debug_pubnames
                0x00000621       0xce C:/cygwin/GNUARM-4.1.0/arm-elf/lib/libc.a(mallocr.o)
 .debug_pubnames
                0x000006ef       0x1d C:/cygwin/GNUARM-4.1.0/arm-elf/lib/libc.a(memchr.o)
 .debug_pubnames
                0x0000070c       0x1d C:/cygwin/GNUARM-4.1.0/arm-elf/lib/libc.a(memcpy.o)
 .debug_pubnames
                0x00000729       0x1e C:/cygwin/GNUARM-4.1.0/arm-elf/lib/libc.a(memmove.o)
 .debug_pubnames
                0x00000747       0x1d C:/cygwin/GNUARM-4.1.0/arm-elf/lib/libc.a(memset.o)
 .debug_pubnames
                0x00000764       0x38 C:/cygwin/GNUARM-4.1.0/arm-elf/lib/libc.a(mlock.o)
 .debug_pubnames
                0x0000079c      0x112 C:/cygwin/GNUARM-4.1.0/arm-elf/lib/libc.a(mprec.o)
 .debug_pubnames
                0x000008ae       0x21 C:/cygwin/GNUARM-4.1.0/arm-elf/lib/libc.a(reallocr.o)
 .debug_pubnames
                0x000008cf       0x1c C:/cygwin/GNUARM-4.1.0/arm-elf/lib/libc.a(s_isinf.o)
 .debug_pubnames
                0x000008eb       0x1c C:/cygwin/GNUARM-4.1.0/arm-elf/lib/libc.a(s_isnan.o)
 .debug_pubnames
                0x00000907       0x1e C:/cygwin/GNUARM-4.1.0/arm-elf/lib/libc.a(sbrkr.o)
 .debug_pubnames
                0x00000925       0x44 C:/cygwin/GNUARM-4.1.0/arm-elf/lib/libc.a(stdio.o)
 .debug_pubnames
                0x00000969       0x1d C:/cygwin/GNUARM-4.1.0/arm-elf/lib/libc.a(strcmp.o)
 .debug_pubnames
                0x00000986      0x158 C:/cygwin/GNUARM-4.1.0/arm-elf/lib/libc.a(syscalls.o)
 .debug_pubnames
                0x00000ade       0x1f C:/cygwin/GNUARM-4.1.0/arm-elf/lib/libc.a(writer.o)
 .debug_pubnames
                0x00000afd       0x20 C:/cygwin/GNUARM-4.1.0/arm-elf/lib/libc.a(callocr.o)
 .debug_pubnames
                0x00000b1d       0x1f C:/cygwin/GNUARM-4.1.0/arm-elf/lib/libc.a(closer.o)
 .debug_pubnames
                0x00000b3c       0x1e C:/cygwin/GNUARM-4.1.0/arm-elf/lib/libc.a(errno.o)
 .debug_pubnames
                0x00000b5a       0x2b C:/cygwin/GNUARM-4.1.0/arm-elf/lib/libc.a(fclose.o)
 .debug_pubnames
                0x00000b85       0x1f C:/cygwin/GNUARM-4.1.0/arm-elf/lib/libc.a(fstatr.o)
 .debug_pubnames
                0x00000ba4       0x1f C:/cygwin/GNUARM-4.1.0/arm-elf/lib/libc.a(lseekr.o)
 .debug_pubnames
                0x00000bc3       0x1e C:/cygwin/GNUARM-4.1.0/arm-elf/lib/libc.a(readr.o)
 .debug_pubnames
                0x00000be1       0x52 C:/cygwin/GNUARM-4.1.0/arm-elf/lib/libc.a(reent.o)

.comment        0x00000000      0x34e
 .comment       0x00000000       0x12 Timer.o
 .comment       0x00000012       0x12 Uart.o
 .comment       0x00000024       0x12 Led.o
 .comment       0x00000036       0x12 Key.o
 .comment       0x00000048       0x12 Main.o
 .comment       0x0000005a       0x12 C:/cygwin/GNUARM-4.1.0/arm-elf/lib/libc.a(atoi.o)
 .comment       0x0000006c       0x12 C:/cygwin/GNUARM-4.1.0/arm-elf/lib/libc.a(strlen.o)
 .comment       0x0000007e       0x12 C:/cygwin/GNUARM-4.1.0/arm-elf/lib/libc.a(strtol.o)
 .comment       0x00000090       0x12 C:/cygwin/GNUARM-4.1.0/arm-elf/lib/libc.a(vsprintf.o)
 .comment       0x000000a2       0x12 C:/cygwin/GNUARM-4.1.0/arm-elf/lib/libc.a(ctype_.o)
 .comment       0x000000b4       0x12 C:/cygwin/GNUARM-4.1.0/arm-elf/lib/libc.a(impure.o)
 .comment       0x000000c6       0x12 C:/cygwin/GNUARM-4.1.0/arm-elf/lib/libc.a(vfprintf.o)
 .comment       0x000000d8       0x12 C:/cygwin/GNUARM-4.1.0/arm-elf/lib/libc.a(wcrtomb.o)
 .comment       0x000000ea       0x12 C:/cygwin/GNUARM-4.1.0/arm-elf/lib/libc.a(wcsrtombs.o)
 .comment       0x000000fc       0x12 C:/cygwin/GNUARM-4.1.0/arm-elf/lib/libc.a(wctomb_r.o)
 .comment       0x0000010e       0x12 C:/cygwin/GNUARM-4.1.0/arm-elf/lib/libc.a(wsetup.o)
 .comment       0x00000120       0x12 C:/cygwin/GNUARM-4.1.0/arm-elf/lib/libc.a(dtoa.o)
 .comment       0x00000132       0x12 C:/cygwin/GNUARM-4.1.0/arm-elf/lib/libc.a(fflush.o)
 .comment       0x00000144       0x12 C:/cygwin/GNUARM-4.1.0/arm-elf/lib/libc.a(findfp.o)
 .comment       0x00000156       0x12 C:/cygwin/GNUARM-4.1.0/arm-elf/lib/libc.a(freer.o)
 .comment       0x00000168       0x12 C:/cygwin/GNUARM-4.1.0/arm-elf/lib/libc.a(fvwrite.o)
 .comment       0x0000017a       0x12 C:/cygwin/GNUARM-4.1.0/arm-elf/lib/libc.a(fwalk.o)
 .comment       0x0000018c       0x12 C:/cygwin/GNUARM-4.1.0/arm-elf/lib/libc.a(locale.o)
 .comment       0x0000019e       0x12 C:/cygwin/GNUARM-4.1.0/arm-elf/lib/libc.a(makebuf.o)
 .comment       0x000001b0       0x12 C:/cygwin/GNUARM-4.1.0/arm-elf/lib/libc.a(mallocr.o)
 .comment       0x000001c2       0x12 C:/cygwin/GNUARM-4.1.0/arm-elf/lib/libc.a(memchr.o)
 .comment       0x000001d4       0x12 C:/cygwin/GNUARM-4.1.0/arm-elf/lib/libc.a(memcpy.o)
 .comment       0x000001e6       0x12 C:/cygwin/GNUARM-4.1.0/arm-elf/lib/libc.a(memmove.o)
 .comment       0x000001f8       0x12 C:/cygwin/GNUARM-4.1.0/arm-elf/lib/libc.a(memset.o)
 .comment       0x0000020a       0x12 C:/cygwin/GNUARM-4.1.0/arm-elf/lib/libc.a(mlock.o)
 .comment       0x0000021c       0x12 C:/cygwin/GNUARM-4.1.0/arm-elf/lib/libc.a(mprec.o)
 .comment       0x0000022e       0x12 C:/cygwin/GNUARM-4.1.0/arm-elf/lib/libc.a(reallocr.o)
 .comment       0x00000240       0x12 C:/cygwin/GNUARM-4.1.0/arm-elf/lib/libc.a(s_isinf.o)
 .comment       0x00000252       0x12 C:/cygwin/GNUARM-4.1.0/arm-elf/lib/libc.a(s_isnan.o)
 .comment       0x00000264       0x12 C:/cygwin/GNUARM-4.1.0/arm-elf/lib/libc.a(sbrkr.o)
 .comment       0x00000276       0x12 C:/cygwin/GNUARM-4.1.0/arm-elf/lib/libc.a(stdio.o)
 .comment       0x00000288       0x12 C:/cygwin/GNUARM-4.1.0/arm-elf/lib/libc.a(strcmp.o)
 .comment       0x0000029a       0x12 C:/cygwin/GNUARM-4.1.0/arm-elf/lib/libc.a(syscalls.o)
 .comment       0x000002ac       0x12 C:/cygwin/GNUARM-4.1.0/arm-elf/lib/libc.a(writer.o)
 .comment       0x000002be       0x12 C:/cygwin/GNUARM-4.1.0/arm-elf/lib/libc.a(callocr.o)
 .comment       0x000002d0       0x12 C:/cygwin/GNUARM-4.1.0/arm-elf/lib/libc.a(closer.o)
 .comment       0x000002e2       0x12 C:/cygwin/GNUARM-4.1.0/arm-elf/lib/libc.a(errno.o)
 .comment       0x000002f4       0x12 C:/cygwin/GNUARM-4.1.0/arm-elf/lib/libc.a(fclose.o)
 .comment       0x00000306       0x12 C:/cygwin/GNUARM-4.1.0/arm-elf/lib/libc.a(fstatr.o)
 .comment       0x00000318       0x12 C:/cygwin/GNUARM-4.1.0/arm-elf/lib/libc.a(lseekr.o)
 .comment       0x0000032a       0x12 C:/cygwin/GNUARM-4.1.0/arm-elf/lib/libc.a(readr.o)
 .comment       0x0000033c       0x12 C:/cygwin/GNUARM-4.1.0/arm-elf/lib/libc.a(reent.o)

.debug_str      0x00000000     0x1b3a
 .debug_str     0x00000000        0x7 Uart.o
 .debug_str     0x00000007      0x40c C:/cygwin/GNUARM-4.1.0/arm-elf/lib/libc.a(atoi.o)
                                0x491 (size before relaxing)
 .debug_str     0x00000413       0x82 C:/cygwin/GNUARM-4.1.0/arm-elf/lib/libc.a(strlen.o)
                                0x112 (size before relaxing)
 .debug_str     0x00000495       0x70 C:/cygwin/GNUARM-4.1.0/arm-elf/lib/libc.a(strtol.o)
                                0x4d3 (size before relaxing)
 .debug_str     0x00000505       0x8c C:/cygwin/GNUARM-4.1.0/arm-elf/lib/libc.a(vsprintf.o)
                                0x4cf (size before relaxing)
 .debug_str     0x00000591       0x6e C:/cygwin/GNUARM-4.1.0/arm-elf/lib/libc.a(ctype_.o)
                                 0x9d (size before relaxing)
 .debug_str     0x000005ff       0x85 C:/cygwin/GNUARM-4.1.0/arm-elf/lib/libc.a(impure.o)
                                0x4af (size before relaxing)
 .debug_str     0x00000684      0x1ba C:/cygwin/GNUARM-4.1.0/arm-elf/lib/libc.a(vfprintf.o)
                                0x69d (size before relaxing)
 .debug_str     0x0000083e       0x54 C:/cygwin/GNUARM-4.1.0/arm-elf/lib/libc.a(wcrtomb.o)
                                0x4d2 (size before relaxing)
 .debug_str     0x00000892       0x63 C:/cygwin/GNUARM-4.1.0/arm-elf/lib/libc.a(wcsrtombs.o)
                                0x4e7 (size before relaxing)
 .debug_str     0x000008f5       0x62 C:/cygwin/GNUARM-4.1.0/arm-elf/lib/libc.a(wctomb_r.o)
                                0x4c7 (size before relaxing)
 .debug_str     0x00000957       0x42 C:/cygwin/GNUARM-4.1.0/arm-elf/lib/libc.a(wsetup.o)
                                0x4ab (size before relaxing)
 .debug_str     0x00000999      0x100 C:/cygwin/GNUARM-4.1.0/arm-elf/lib/libc.a(dtoa.o)
                                0x5a2 (size before relaxing)
 .debug_str     0x00000a99       0x3f C:/cygwin/GNUARM-4.1.0/arm-elf/lib/libc.a(fflush.o)
                                0x4bb (size before relaxing)
 .debug_str     0x00000ad8      0x100 C:/cygwin/GNUARM-4.1.0/arm-elf/lib/libc.a(findfp.o)
                                0x595 (size before relaxing)
 .debug_str     0x00000bd8      0x159 C:/cygwin/GNUARM-4.1.0/arm-elf/lib/libc.a(freer.o)
                                0x5e4 (size before relaxing)
 .debug_str     0x00000d31       0x5a C:/cygwin/GNUARM-4.1.0/arm-elf/lib/libc.a(fvwrite.o)
                                0x506 (size before relaxing)
 .debug_str     0x00000d8b       0x5c C:/cygwin/GNUARM-4.1.0/arm-elf/lib/libc.a(fwalk.o)
                                0x4d6 (size before relaxing)
 .debug_str     0x00000de7      0x1bb C:/cygwin/GNUARM-4.1.0/arm-elf/lib/libc.a(locale.o)
                                0x63e (size before relaxing)
 .debug_str     0x00000fa2      0x112 C:/cygwin/GNUARM-4.1.0/arm-elf/lib/libc.a(makebuf.o)
                                0x592 (size before relaxing)
 .debug_str     0x000010b4       0xe9 C:/cygwin/GNUARM-4.1.0/arm-elf/lib/libc.a(mallocr.o)
                                0x692 (size before relaxing)
 .debug_str     0x0000119d       0x5a C:/cygwin/GNUARM-4.1.0/arm-elf/lib/libc.a(memchr.o)
                                0x120 (size before relaxing)
 .debug_str     0x000011f7       0x67 C:/cygwin/GNUARM-4.1.0/arm-elf/lib/libc.a(memcpy.o)
                                 0xc9 (size before relaxing)
 .debug_str     0x0000125e       0x4b C:/cygwin/GNUARM-4.1.0/arm-elf/lib/libc.a(memmove.o)
                                0x132 (size before relaxing)
 .debug_str     0x000012a9       0x40 C:/cygwin/GNUARM-4.1.0/arm-elf/lib/libc.a(memset.o)
                                0x113 (size before relaxing)
 .debug_str     0x000012e9       0x6b C:/cygwin/GNUARM-4.1.0/arm-elf/lib/libc.a(mlock.o)
                                0x4b8 (size before relaxing)
 .debug_str     0x00001354       0xd1 C:/cygwin/GNUARM-4.1.0/arm-elf/lib/libc.a(mprec.o)
                                0x58a (size before relaxing)
 .debug_str     0x00001425       0x61 C:/cygwin/GNUARM-4.1.0/arm-elf/lib/libc.a(reallocr.o)
                                0x564 (size before relaxing)
 .debug_str     0x00001486       0x97 C:/cygwin/GNUARM-4.1.0/arm-elf/lib/libc.a(s_isinf.o)
                                0x156 (size before relaxing)
 .debug_str     0x0000151d       0x3e C:/cygwin/GNUARM-4.1.0/arm-elf/lib/libc.a(s_isnan.o)
                                0x156 (size before relaxing)
 .debug_str     0x0000155b       0x4e C:/cygwin/GNUARM-4.1.0/arm-elf/lib/libc.a(sbrkr.o)
                                0x4ac (size before relaxing)
 .debug_str     0x000015a9       0x67 C:/cygwin/GNUARM-4.1.0/arm-elf/lib/libc.a(stdio.o)
                                0x4de (size before relaxing)
 .debug_str     0x00001610       0x40 C:/cygwin/GNUARM-4.1.0/arm-elf/lib/libc.a(strcmp.o)
                                 0xf8 (size before relaxing)
 .debug_str     0x00001650      0x258 C:/cygwin/GNUARM-4.1.0/arm-elf/lib/libc.a(syscalls.o)
                                0x79f (size before relaxing)
 .debug_str     0x000018a8       0x4a C:/cygwin/GNUARM-4.1.0/arm-elf/lib/libc.a(writer.o)
                                0x4af (size before relaxing)
 .debug_str     0x000018f2       0x19 C:/cygwin/GNUARM-4.1.0/arm-elf/lib/libc.a(callocr.o)
                                0x4e3 (size before relaxing)
 .debug_str     0x0000190b       0x41 C:/cygwin/GNUARM-4.1.0/arm-elf/lib/libc.a(closer.o)
                                0x49f (size before relaxing)
 .debug_str     0x0000194c       0x6d C:/cygwin/GNUARM-4.1.0/arm-elf/lib/libc.a(errno.o)
                                0x497 (size before relaxing)
 .debug_str     0x000019b9       0x49 C:/cygwin/GNUARM-4.1.0/arm-elf/lib/libc.a(fclose.o)
                                0x4b7 (size before relaxing)
 .debug_str     0x00001a02       0x47 C:/cygwin/GNUARM-4.1.0/arm-elf/lib/libc.a(fstatr.o)
                                0x573 (size before relaxing)
 .debug_str     0x00001a49       0x41 C:/cygwin/GNUARM-4.1.0/arm-elf/lib/libc.a(lseekr.o)
                                0x4ad (size before relaxing)
 .debug_str     0x00001a8a       0x3f C:/cygwin/GNUARM-4.1.0/arm-elf/lib/libc.a(readr.o)
                                0x4ad (size before relaxing)
 .debug_str     0x00001ac9       0x71 C:/cygwin/GNUARM-4.1.0/arm-elf/lib/libc.a(reent.o)
                                0x4d4 (size before relaxing)

.debug_ranges   0x00000000      0x4d0
 .debug_ranges  0x00000000      0x150 C:/cygwin/GNUARM-4.1.0/arm-elf/lib/libc.a(vfprintf.o)
 .debug_ranges  0x00000150       0x28 C:/cygwin/GNUARM-4.1.0/arm-elf/lib/libc.a(wcsrtombs.o)
 .debug_ranges  0x00000178       0x48 C:/cygwin/GNUARM-4.1.0/arm-elf/lib/libc.a(wctomb_r.o)
 .debug_ranges  0x000001c0       0x18 C:/cygwin/GNUARM-4.1.0/arm-elf/lib/libc.a(fvwrite.o)
 .debug_ranges  0x000001d8       0x40 C:/cygwin/GNUARM-4.1.0/arm-elf/lib/libc.a(fwalk.o)
 .debug_ranges  0x00000218       0x50 C:/cygwin/GNUARM-4.1.0/arm-elf/lib/libc.a(mallocr.o)
 .debug_ranges  0x00000268      0x118 C:/cygwin/GNUARM-4.1.0/arm-elf/lib/libc.a(reallocr.o)
 .debug_ranges  0x00000380      0x118 C:/cygwin/GNUARM-4.1.0/arm-elf/lib/libc.a(syscalls.o)
 .debug_ranges  0x00000498       0x38 C:/cygwin/GNUARM-4.1.0/arm-elf/lib/libc.a(callocr.o)
